
> knowledge-base-pro@2.0.0 test
> vitest src/shared/components/NoteForm.test.tsx


[1m[7m[34m DEV [39m[27m[22m [34mv2.1.9 [39m[90mD:/Web Projects/secondbrain[39m

node.exe : [90mstderr[2m | 
src/shared/components/NoteForm.test.tsx[2m > 
[22m[2mNoteForm[2m > [22m[2mshould render in edit 
mode by default
At C:\nvm4w\nodejs\npm.ps1:16 char:5
+     & "$basedir/node$exe"  
"$basedir/node_modules/npm/bin/npm-cli.js" ...
+     ~~~~~~~~~~~~~~~~~~~~~~~~~~~~~~~~~~~~~~~~~~~~~~~~~
~~~~~~~~~~~~~~~~
    + CategoryInfo          : NotSpecified: ([90mstde 
   rr[2m...mode by default:String) [], RemoteExcepti  
  on
    + FullyQualifiedErrorId : NativeCommandError
 
[22m[39mError: Uncaught [Error: No QueryClient set, 
use QueryClientProvider to set one]
    at reportException (D:\Web Projects\secondbrain\nod
e_modules\jsdom\lib\jsdom\living\helpers\runtime-script
-errors.js:66:24)
    at innerInvokeEventListeners (D:\Web Projects\secon
dbrain\node_modules\jsdom\lib\jsdom\living\events\Event
Target-impl.js:353:9)
    at invokeEventListeners (D:\Web Projects\secondbrai
n\node_modules\jsdom\lib\jsdom\living\events\EventTarge
t-impl.js:286:3)
    at HTMLUnknownElementImpl._dispatch (D:\Web Project
s\secondbrain\node_modules\jsdom\lib\jsdom\living\event
s\EventTarget-impl.js:233:9)
    at HTMLUnknownElementImpl.dispatchEvent (D:\Web Pro
jects\secondbrain\node_modules\jsdom\lib\jsdom\living\e
vents\EventTarget-impl.js:104:17)
    at HTMLUnknownElement.dispatchEvent (D:\Web Project
s\secondbrain\node_modules\jsdom\lib\jsdom\living\gener
ated\EventTarget.js:241:34)
    at Object.invokeGuardedCallbackDev (D:\Web Projects
\secondbrain\node_modules\react-dom\cjs\react-dom.devel
opment.js:4213:16)
    at invokeGuardedCallback (D:\Web Projects\secondbra
in\node_modules\react-dom\cjs\react-dom.development.js:
4277:31)
    at beginWork$1 (D:\Web Projects\secondbrain\node_mo
dules\react-dom\cjs\react-dom.development.js:27490:7)
    at performUnitOfWork (D:\Web Projects\secondbrain\n
ode_modules\react-dom\cjs\react-dom.development.js:2659
9:12) Error: No QueryClient set, use 
QueryClientProvider to set one
    at useQueryClient [90m(file:///D:/Web%20Projects/s
econdbrain/[39mnode_modules/[4m@tanstack[24m/react-q
uery/build/modern/QueryClientProvider.js:15:11[90m)[3
9m
    at useBaseQuery [90m(file:///D:/Web%20Projects/sec
ondbrain/[39mnode_modules/[4m@tanstack[24m/react-que
ry/build/modern/useBaseQuery.js:30:18[90m)[39m
    at Module.useQuery [90m(file:///D:/Web%20Projects/
secondbrain/[39mnode_modules/[4m@tanstack[24m/react-
query/build/modern/useQuery.js:7:10[90m)[39m
    at FolderSelect [90m(D:\Web Projects\secondbrain\
[39msrc\shared\components\organization\FolderSelect.tsx
:13:36[90m)[39m
    at renderWithHooks [90m(D:\Web Projects\secondbrai
n\[39mnode_modules\[4mreact-dom[24m\cjs\react-dom.de
velopment.js:15486:18[90m)[39m
    at mountIndeterminateComponent [90m(D:\Web Project
s\secondbrain\[39mnode_modules\[4mreact-dom[24m\cjs\
react-dom.development.js:20103:13[90m)[39m
    at beginWork [90m(D:\Web Projects\secondbrain\[39
mnode_modules\[4mreact-dom[24m\cjs\react-dom.developm
ent.js:21626:16[90m)[39m
    at HTMLUnknownElement.callCallback [90m(D:\Web Pro
jects\secondbrain\[39mnode_modules\[4mreact-dom[24m\
cjs\react-dom.development.js:4164:14[90m)[39m
    at HTMLUnknownElement.callTheUserObjectsOperation 
[90m(D:\Web Projects\secondbrain\[39mnode_modules\[4
mjsdom[24m\lib\jsdom\living\generated\EventListener.js
:26:30[90m)[39m
    at innerInvokeEventListeners [90m(D:\Web Projects\
secondbrain\[39mnode_modules\[4mjsdom[24m\lib\jsdom\
living\events\EventTarget-impl.js:350:25[90m)[39m
Error: Uncaught [Error: No QueryClient set, use 
QueryClientProvider to set one]
    at reportException (D:\Web Projects\secondbrain\nod
e_modules\jsdom\lib\jsdom\living\helpers\runtime-script
-errors.js:66:24)
    at innerInvokeEventListeners (D:\Web Projects\secon
dbrain\node_modules\jsdom\lib\jsdom\living\events\Event
Target-impl.js:353:9)
    at invokeEventListeners (D:\Web Projects\secondbrai
n\node_modules\jsdom\lib\jsdom\living\events\EventTarge
t-impl.js:286:3)
    at HTMLUnknownElementImpl._dispatch (D:\Web Project
s\secondbrain\node_modules\jsdom\lib\jsdom\living\event
s\EventTarget-impl.js:233:9)
    at HTMLUnknownElementImpl.dispatchEvent (D:\Web Pro
jects\secondbrain\node_modules\jsdom\lib\jsdom\living\e
vents\EventTarget-impl.js:104:17)
    at HTMLUnknownElement.dispatchEvent (D:\Web Project
s\secondbrain\node_modules\jsdom\lib\jsdom\living\gener
ated\EventTarget.js:241:34)
    at Object.invokeGuardedCallbackDev (D:\Web Projects
\secondbrain\node_modules\react-dom\cjs\react-dom.devel
opment.js:4213:16)
    at invokeGuardedCallback (D:\Web Projects\secondbra
in\node_modules\react-dom\cjs\react-dom.development.js:
4277:31)
    at beginWork$1 (D:\Web Projects\secondbrain\node_mo
dules\react-dom\cjs\react-dom.development.js:27490:7)
    at performUnitOfWork (D:\Web Projects\secondbrain\n
ode_modules\react-dom\cjs\react-dom.development.js:2659
9:12) Error: No QueryClient set, use 
QueryClientProvider to set one
    at Module.useQueryClient [90m(file:///D:/Web%20Pro
jects/secondbrain/[39mnode_modules/[4m@tanstack[24m/
react-query/build/modern/QueryClientProvider.js:15:11[
90m)[39m
    at TagInput [90m(D:\Web Projects\secondbrain\[39m
src\shared\components\organization\TagInput.tsx:12:25[
90m)[39m
    at renderWithHooks [90m(D:\Web Projects\secondbrai
n\[39mnode_modules\[4mreact-dom[24m\cjs\react-dom.de
velopment.js:15486:18[90m)[39m
    at mountIndeterminateComponent [90m(D:\Web Project
s\secondbrain\[39mnode_modules\[4mreact-dom[24m\cjs\
react-dom.development.js:20103:13[90m)[39m
    at beginWork [90m(D:\Web Projects\secondbrain\[39
mnode_modules\[4mreact-dom[24m\cjs\react-dom.developm
ent.js:21626:16[90m)[39m
    at HTMLUnknownElement.callCallback [90m(D:\Web Pro
jects\secondbrain\[39mnode_modules\[4mreact-dom[24m\
cjs\react-dom.development.js:4164:14[90m)[39m
    at HTMLUnknownElement.callTheUserObjectsOperation 
[90m(D:\Web Projects\secondbrain\[39mnode_modules\[4
mjsdom[24m\lib\jsdom\living\generated\EventListener.js
:26:30[90m)[39m
    at innerInvokeEventListeners [90m(D:\Web Projects\
secondbrain\[39mnode_modules\[4mjsdom[24m\lib\jsdom\
living\events\EventTarget-impl.js:350:25[90m)[39m
    at invokeEventListeners [90m(D:\Web Projects\secon
dbrain\[39mnode_modules\[4mjsdom[24m\lib\jsdom\livin
g\events\EventTarget-impl.js:286:3[90m)[39m
    at HTMLUnknownElementImpl._dispatch [90m(D:\Web Pr
ojects\secondbrain\[39mnode_modules\[4mjsdom[24m\lib
\jsdom\living\events\EventTarget-impl.js:233:9[90m)[3
9m
Error: Uncaught [Error: No QueryClient set, use 
QueryClientProvider to set one]
    at reportException (D:\Web Projects\secondbrain\nod
e_modules\jsdom\lib\jsdom\living\helpers\runtime-script
-errors.js:66:24)
    at innerInvokeEventListeners (D:\Web Projects\secon
dbrain\node_modules\jsdom\lib\jsdom\living\events\Event
Target-impl.js:353:9)
    at invokeEventListeners (D:\Web Projects\secondbrai
n\node_modules\jsdom\lib\jsdom\living\events\EventTarge
t-impl.js:286:3)
    at HTMLUnknownElementImpl._dispatch (D:\Web Project
s\secondbrain\node_modules\jsdom\lib\jsdom\living\event
s\EventTarget-impl.js:233:9)
    at HTMLUnknownElementImpl.dispatchEvent (D:\Web Pro
jects\secondbrain\node_modules\jsdom\lib\jsdom\living\e
vents\EventTarget-impl.js:104:17)
    at HTMLUnknownElement.dispatchEvent (D:\Web Project
s\secondbrain\node_modules\jsdom\lib\jsdom\living\gener
ated\EventTarget.js:241:34)
    at Object.invokeGuardedCallbackDev (D:\Web Projects
\secondbrain\node_modules\react-dom\cjs\react-dom.devel
opment.js:4213:16)
    at invokeGuardedCallback (D:\Web Projects\secondbra
in\node_modules\react-dom\cjs\react-dom.development.js:
4277:31)
    at beginWork$1 (D:\Web Projects\secondbrain\node_mo
dules\react-dom\cjs\react-dom.development.js:27490:7)
    at performUnitOfWork (D:\Web Projects\secondbrain\n
ode_modules\react-dom\cjs\react-dom.development.js:2659
9:12) Error: No QueryClient set, use 
QueryClientProvider to set one
    at useQueryClient [90m(file:///D:/Web%20Projects/s
econdbrain/[39mnode_modules/[4m@tanstack[24m/react-q
uery/build/modern/QueryClientProvider.js:15:11[90m)[3
9m
    at useBaseQuery [90m(file:///D:/Web%20Projects/sec
ondbrain/[39mnode_modules/[4m@tanstack[24m/react-que
ry/build/modern/useBaseQuery.js:30:18[90m)[39m
    at Module.useQuery [90m(file:///D:/Web%20Projects/
secondbrain/[39mnode_modules/[4m@tanstack[24m/react-
query/build/modern/useQuery.js:7:10[90m)[39m
    at FolderSelect [90m(D:\Web Projects\secondbrain\
[39msrc\shared\components\organization\FolderSelect.tsx
:13:36[90m)[39m
    at renderWithHooks [90m(D:\Web Projects\secondbrai
n\[39mnode_modules\[4mreact-dom[24m\cjs\react-dom.de
velopment.js:15486:18[90m)[39m
    at mountIndeterminateComponent [90m(D:\Web Project
s\secondbrain\[39mnode_modules\[4mreact-dom[24m\cjs\
react-dom.development.js:20103:13[90m)[39m
    at beginWork [90m(D:\Web Projects\secondbrain\[39
mnode_modules\[4mreact-dom[24m\cjs\react-dom.developm
ent.js:21626:16[90m)[39m
    at HTMLUnknownElement.callCallback [90m(D:\Web Pro
jects\secondbrain\[39mnode_modules\[4mreact-dom[24m\
cjs\react-dom.development.js:4164:14[90m)[39m
    at HTMLUnknownElement.callTheUserObjectsOperation 
[90m(D:\Web Projects\secondbrain\[39mnode_modules\[4
mjsdom[24m\lib\jsdom\living\generated\EventListener.js
:26:30[90m)[39m
    at innerInvokeEventListeners [90m(D:\Web Projects\
secondbrain\[39mnode_modules\[4mjsdom[24m\lib\jsdom\
living\events\EventTarget-impl.js:350:25[90m)[39m
Error: Uncaught [Error: No QueryClient set, use 
QueryClientProvider to set one]
    at reportException (D:\Web Projects\secondbrain\nod
e_modules\jsdom\lib\jsdom\living\helpers\runtime-script
-errors.js:66:24)
    at innerInvokeEventListeners (D:\Web Projects\secon
dbrain\node_modules\jsdom\lib\jsdom\living\events\Event
Target-impl.js:353:9)
    at invokeEventListeners (D:\Web Projects\secondbrai
n\node_modules\jsdom\lib\jsdom\living\events\EventTarge
t-impl.js:286:3)
    at HTMLUnknownElementImpl._dispatch (D:\Web Project
s\secondbrain\node_modules\jsdom\lib\jsdom\living\event
s\EventTarget-impl.js:233:9)
    at HTMLUnknownElementImpl.dispatchEvent (D:\Web Pro
jects\secondbrain\node_modules\jsdom\lib\jsdom\living\e
vents\EventTarget-impl.js:104:17)
    at HTMLUnknownElement.dispatchEvent (D:\Web Project
s\secondbrain\node_modules\jsdom\lib\jsdom\living\gener
ated\EventTarget.js:241:34)
    at Object.invokeGuardedCallbackDev (D:\Web Projects
\secondbrain\node_modules\react-dom\cjs\react-dom.devel
opment.js:4213:16)
    at invokeGuardedCallback (D:\Web Projects\secondbra
in\node_modules\react-dom\cjs\react-dom.development.js:
4277:31)
    at beginWork$1 (D:\Web Projects\secondbrain\node_mo
dules\react-dom\cjs\react-dom.development.js:27490:7)
    at performUnitOfWork (D:\Web Projects\secondbrain\n
ode_modules\react-dom\cjs\react-dom.development.js:2659
9:12) Error: No QueryClient set, use 
QueryClientProvider to set one
    at Module.useQueryClient [90m(file:///D:/Web%20Pro
jects/secondbrain/[39mnode_modules/[4m@tanstack[24m/
react-query/build/modern/QueryClientProvider.js:15:11[
90m)[39m
    at TagInput [90m(D:\Web Projects\secondbrain\[39m
src\shared\components\organization\TagInput.tsx:12:25[
90m)[39m
    at renderWithHooks [90m(D:\Web Projects\secondbrai
n\[39mnode_modules\[4mreact-dom[24m\cjs\react-dom.de
velopment.js:15486:18[90m)[39m
    at mountIndeterminateComponent [90m(D:\Web Project
s\secondbrain\[39mnode_modules\[4mreact-dom[24m\cjs\
react-dom.development.js:20103:13[90m)[39m
    at beginWork [90m(D:\Web Projects\secondbrain\[39
mnode_modules\[4mreact-dom[24m\cjs\react-dom.developm
ent.js:21626:16[90m)[39m
    at HTMLUnknownElement.callCallback [90m(D:\Web Pro
jects\secondbrain\[39mnode_modules\[4mreact-dom[24m\
cjs\react-dom.development.js:4164:14[90m)[39m
    at HTMLUnknownElement.callTheUserObjectsOperation 
[90m(D:\Web Projects\secondbrain\[39mnode_modules\[4
mjsdom[24m\lib\jsdom\living\generated\EventListener.js
:26:30[90m)[39m
    at innerInvokeEventListeners [90m(D:\Web Projects\
secondbrain\[39mnode_modules\[4mjsdom[24m\lib\jsdom\
living\events\EventTarget-impl.js:350:25[90m)[39m
    at invokeEventListeners [90m(D:\Web Projects\secon
dbrain\[39mnode_modules\[4mjsdom[24m\lib\jsdom\livin
g\events\EventTarget-impl.js:286:3[90m)[39m
    at HTMLUnknownElementImpl._dispatch [90m(D:\Web Pr
ojects\secondbrain\[39mnode_modules\[4mjsdom[24m\lib
\jsdom\living\events\EventTarget-impl.js:233:9[90m)[3
9m
The above error occurred in the <FolderSelect> 
component:

    at FolderSelect (D:\Web Projects\secondbrain\src\sh
ared\components\organization\FolderSelect.tsx:9:25)
    at div
    at div
    at form
    at div
    at MotionComponent (file:///D:/Web%20Projects/secon
dbrain/node_modules/framer-motion/dist/es/motion/index.
mjs:36:16)
    at NoteForm (D:\Web Projects\secondbrain\src\shared
\components\NoteForm.tsx:17:21)

Consider adding an error boundary to your tree to 
customize error handling behavior.
Visit https://reactjs.org/link/error-boundaries to 
learn more about error boundaries.
The above error occurred in the <TagInput> component:

    at TagInput (D:\Web Projects\secondbrain\src\shared
\components\organization\TagInput.tsx:11:21)
    at div
    at div
    at form
    at div
    at MotionComponent (file:///D:/Web%20Projects/secon
dbrain/node_modules/framer-motion/dist/es/motion/index.
mjs:36:16)
    at NoteForm (D:\Web Projects\secondbrain\src\shared
\components\NoteForm.tsx:17:21)

Consider adding an error boundary to your tree to 
customize error handling behavior.
Visit https://reactjs.org/link/error-boundaries to 
learn more about error boundaries.

[90mstderr[2m | 
src/shared/components/NoteForm.test.tsx[2m > 
[22m[2mNoteForm[2m > [22m[2mshould toggle to 
preview mode
[22m[39mError: Uncaught [Error: No QueryClient set, 
use QueryClientProvider to set one]
    at reportException (D:\Web Projects\secondbrain\nod
e_modules\jsdom\lib\jsdom\living\helpers\runtime-script
-errors.js:66:24)
    at innerInvokeEventListeners (D:\Web Projects\secon
dbrain\node_modules\jsdom\lib\jsdom\living\events\Event
Target-impl.js:353:9)
    at invokeEventListeners (D:\Web Projects\secondbrai
n\node_modules\jsdom\lib\jsdom\living\events\EventTarge
t-impl.js:286:3)
    at HTMLUnknownElementImpl._dispatch (D:\Web Project
s\secondbrain\node_modules\jsdom\lib\jsdom\living\event
s\EventTarget-impl.js:233:9)
    at HTMLUnknownElementImpl.dispatchEvent (D:\Web Pro
jects\secondbrain\node_modules\jsdom\lib\jsdom\living\e
vents\EventTarget-impl.js:104:17)
    at HTMLUnknownElement.dispatchEvent (D:\Web Project
s\secondbrain\node_modules\jsdom\lib\jsdom\living\gener
ated\EventTarget.js:241:34)
    at Object.invokeGuardedCallbackDev (D:\Web Projects
\secondbrain\node_modules\react-dom\cjs\react-dom.devel
opment.js:4213:16)
    at invokeGuardedCallback (D:\Web Projects\secondbra
in\node_modules\react-dom\cjs\react-dom.development.js:
4277:31)
    at beginWork$1 (D:\Web Projects\secondbrain\node_mo
dules\react-dom\cjs\react-dom.development.js:27490:7)
    at performUnitOfWork (D:\Web Projects\secondbrain\n
ode_modules\react-dom\cjs\react-dom.development.js:2659
9:12) Error: No QueryClient set, use 
QueryClientProvider to set one
    at useQueryClient [90m(file:///D:/Web%20Projects/s
econdbrain/[39mnode_modules/[4m@tanstack[24m/react-q
uery/build/modern/QueryClientProvider.js:15:11[90m)[3
9m
    at useBaseQuery [90m(file:///D:/Web%20Projects/sec
ondbrain/[39mnode_modules/[4m@tanstack[24m/react-que
ry/build/modern/useBaseQuery.js:30:18[90m)[39m
    at Module.useQuery [90m(file:///D:/Web%20Projects/
secondbrain/[39mnode_modules/[4m@tanstack[24m/react-
query/build/modern/useQuery.js:7:10[90m)[39m
    at FolderSelect [90m(D:\Web Projects\secondbrain\
[39msrc\shared\components\organization\FolderSelect.tsx
:13:36[90m)[39m
    at renderWithHooks [90m(D:\Web Projects\secondbrai
n\[39mnode_modules\[4mreact-dom[24m\cjs\react-dom.de
velopment.js:15486:18[90m)[39m
    at mountIndeterminateComponent [90m(D:\Web Project
s\secondbrain\[39mnode_modules\[4mreact-dom[24m\cjs\
react-dom.development.js:20103:13[90m)[39m
    at beginWork [90m(D:\Web Projects\secondbrain\[39
mnode_modules\[4mreact-dom[24m\cjs\react-dom.developm
ent.js:21626:16[90m)[39m
    at HTMLUnknownElement.callCallback [90m(D:\Web Pro
jects\secondbrain\[39mnode_modules\[4mreact-dom[24m\
cjs\react-dom.development.js:4164:14[90m)[39m
    at HTMLUnknownElement.callTheUserObjectsOperation 
[90m(D:\Web Projects\secondbrain\[39mnode_modules\[4
mjsdom[24m\lib\jsdom\living\generated\EventListener.js
:26:30[90m)[39m
    at innerInvokeEventListeners [90m(D:\Web Projects\
secondbrain\[39mnode_modules\[4mjsdom[24m\lib\jsdom\
living\events\EventTarget-impl.js:350:25[90m)[39m
Error: Uncaught [Error: No QueryClient set, use 
QueryClientProvider to set one]
    at reportException (D:\Web Projects\secondbrain\nod
e_modules\jsdom\lib\jsdom\living\helpers\runtime-script
-errors.js:66:24)
    at innerInvokeEventListeners (D:\Web Projects\secon
dbrain\node_modules\jsdom\lib\jsdom\living\events\Event
Target-impl.js:353:9)
    at invokeEventListeners (D:\Web Projects\secondbrai
n\node_modules\jsdom\lib\jsdom\living\events\EventTarge
t-impl.js:286:3)
    at HTMLUnknownElementImpl._dispatch (D:\Web Project
s\secondbrain\node_modules\jsdom\lib\jsdom\living\event
s\EventTarget-impl.js:233:9)
    at HTMLUnknownElementImpl.dispatchEvent (D:\Web Pro
jects\secondbrain\node_modules\jsdom\lib\jsdom\living\e
vents\EventTarget-impl.js:104:17)
    at HTMLUnknownElement.dispatchEvent (D:\Web Project
s\secondbrain\node_modules\jsdom\lib\jsdom\living\gener
ated\EventTarget.js:241:34)
    at Object.invokeGuardedCallbackDev (D:\Web Projects
\secondbrain\node_modules\react-dom\cjs\react-dom.devel
opment.js:4213:16)
    at invokeGuardedCallback (D:\Web Projects\secondbra
in\node_modules\react-dom\cjs\react-dom.development.js:
4277:31)
    at beginWork$1 (D:\Web Projects\secondbrain\node_mo
dules\react-dom\cjs\react-dom.development.js:27490:7)
    at performUnitOfWork (D:\Web Projects\secondbrain\n
ode_modules\react-dom\cjs\react-dom.development.js:2659
9:12) Error: No QueryClient set, use 
QueryClientProvider to set one
    at Module.useQueryClient [90m(file:///D:/Web%20Pro
jects/secondbrain/[39mnode_modules/[4m@tanstack[24m/
react-query/build/modern/QueryClientProvider.js:15:11[
90m)[39m
    at TagInput [90m(D:\Web Projects\secondbrain\[39m
src\shared\components\organization\TagInput.tsx:12:25[
90m)[39m
    at renderWithHooks [90m(D:\Web Projects\secondbrai
n\[39mnode_modules\[4mreact-dom[24m\cjs\react-dom.de
velopment.js:15486:18[90m)[39m
    at mountIndeterminateComponent [90m(D:\Web Project
s\secondbrain\[39mnode_modules\[4mreact-dom[24m\cjs\
react-dom.development.js:20103:13[90m)[39m
    at beginWork [90m(D:\Web Projects\secondbrain\[39
mnode_modules\[4mreact-dom[24m\cjs\react-dom.developm
ent.js:21626:16[90m)[39m
    at HTMLUnknownElement.callCallback [90m(D:\Web Pro
jects\secondbrain\[39mnode_modules\[4mreact-dom[24m\
cjs\react-dom.development.js:4164:14[90m)[39m
    at HTMLUnknownElement.callTheUserObjectsOperation 
[90m(D:\Web Projects\secondbrain\[39mnode_modules\[4
mjsdom[24m\lib\jsdom\living\generated\EventListener.js
:26:30[90m)[39m
    at innerInvokeEventListeners [90m(D:\Web Projects\
secondbrain\[39mnode_modules\[4mjsdom[24m\lib\jsdom\
living\events\EventTarget-impl.js:350:25[90m)[39m
    at invokeEventListeners [90m(D:\Web Projects\secon
dbrain\[39mnode_modules\[4mjsdom[24m\lib\jsdom\livin
g\events\EventTarget-impl.js:286:3[90m)[39m
    at HTMLUnknownElementImpl._dispatch [90m(D:\Web Pr
ojects\secondbrain\[39mnode_modules\[4mjsdom[24m\lib
\jsdom\living\events\EventTarget-impl.js:233:9[90m)[3
9m
Error: Uncaught [Error: No QueryClient set, use 
QueryClientProvider to set one]
    at reportException (D:\Web Projects\secondbrain\nod
e_modules\jsdom\lib\jsdom\living\helpers\runtime-script
-errors.js:66:24)
    at innerInvokeEventListeners (D:\Web Projects\secon
dbrain\node_modules\jsdom\lib\jsdom\living\events\Event
Target-impl.js:353:9)
    at invokeEventListeners (D:\Web Projects\secondbrai
n\node_modules\jsdom\lib\jsdom\living\events\EventTarge
t-impl.js:286:3)
    at HTMLUnknownElementImpl._dispatch (D:\Web Project
s\secondbrain\node_modules\jsdom\lib\jsdom\living\event
s\EventTarget-impl.js:233:9)
    at HTMLUnknownElementImpl.dispatchEvent (D:\Web Pro
jects\secondbrain\node_modules\jsdom\lib\jsdom\living\e
vents\EventTarget-impl.js:104:17)
    at HTMLUnknownElement.dispatchEvent (D:\Web Project
s\secondbrain\node_modules\jsdom\lib\jsdom\living\gener
ated\EventTarget.js:241:34)
    at Object.invokeGuardedCallbackDev (D:\Web Projects
\secondbrain\node_modules\react-dom\cjs\react-dom.devel
opment.js:4213:16)
    at invokeGuardedCallback (D:\Web Projects\secondbra
in\node_modules\react-dom\cjs\react-dom.development.js:
4277:31)
    at beginWork$1 (D:\Web Projects\secondbrain\node_mo
dules\react-dom\cjs\react-dom.development.js:27490:7)
    at performUnitOfWork (D:\Web Projects\secondbrain\n
ode_modules\react-dom\cjs\react-dom.development.js:2659
9:12) Error: No QueryClient set, use 
QueryClientProvider to set one
    at useQueryClient [90m(file:///D:/Web%20Projects/s
econdbrain/[39mnode_modules/[4m@tanstack[24m/react-q
uery/build/modern/QueryClientProvider.js:15:11[90m)[3
9m
    at useBaseQuery [90m(file:///D:/Web%20Projects/sec
ondbrain/[39mnode_modules/[4m@tanstack[24m/react-que
ry/build/modern/useBaseQuery.js:30:18[90m)[39m
    at Module.useQuery [90m(file:///D:/Web%20Projects/
secondbrain/[39mnode_modules/[4m@tanstack[24m/react-
query/build/modern/useQuery.js:7:10[90m)[39m
    at FolderSelect [90m(D:\Web Projects\secondbrain\
[39msrc\shared\components\organization\FolderSelect.tsx
:13:36[90m)[39m
    at renderWithHooks [90m(D:\Web Projects\secondbrai
n\[39mnode_modules\[4mreact-dom[24m\cjs\react-dom.de
velopment.js:15486:18[90m)[39m
    at mountIndeterminateComponent [90m(D:\Web Project
s\secondbrain\[39mnode_modules\[4mreact-dom[24m\cjs\
react-dom.development.js:20103:13[90m)[39m
    at beginWork [90m(D:\Web Projects\secondbrain\[39
mnode_modules\[4mreact-dom[24m\cjs\react-dom.developm
ent.js:21626:16[90m)[39m
    at HTMLUnknownElement.callCallback [90m(D:\Web Pro
jects\secondbrain\[39mnode_modules\[4mreact-dom[24m\
cjs\react-dom.development.js:4164:14[90m)[39m
    at HTMLUnknownElement.callTheUserObjectsOperation 
[90m(D:\Web Projects\secondbrain\[39mnode_modules\[4
mjsdom[24m\lib\jsdom\living\generated\EventListener.js
:26:30[90m)[39m
    at innerInvokeEventListeners [90m(D:\Web Projects\
secondbrain\[39mnode_modules\[4mjsdom[24m\lib\jsdom\
living\events\EventTarget-impl.js:350:25[90m)[39m
Error: Uncaught [Error: No QueryClient set, use 
QueryClientProvider to set one]
    at reportException (D:\Web Projects\secondbrain\nod
e_modules\jsdom\lib\jsdom\living\helpers\runtime-script
-errors.js:66:24)
    at innerInvokeEventListeners (D:\Web Projects\secon
dbrain\node_modules\jsdom\lib\jsdom\living\events\Event
Target-impl.js:353:9)
    at invokeEventListeners (D:\Web Projects\secondbrai
n\node_modules\jsdom\lib\jsdom\living\events\EventTarge
t-impl.js:286:3)
    at HTMLUnknownElementImpl._dispatch (D:\Web Project
s\secondbrain\node_modules\jsdom\lib\jsdom\living\event
s\EventTarget-impl.js:233:9)
    at HTMLUnknownElementImpl.dispatchEvent (D:\Web Pro
jects\secondbrain\node_modules\jsdom\lib\jsdom\living\e
vents\EventTarget-impl.js:104:17)
    at HTMLUnknownElement.dispatchEvent (D:\Web Project
s\secondbrain\node_modules\jsdom\lib\jsdom\living\gener
ated\EventTarget.js:241:34)
    at Object.invokeGuardedCallbackDev (D:\Web Projects
\secondbrain\node_modules\react-dom\cjs\react-dom.devel
opment.js:4213:16)
    at invokeGuardedCallback (D:\Web Projects\secondbra
in\node_modules\react-dom\cjs\react-dom.development.js:
4277:31)
    at beginWork$1 (D:\Web Projects\secondbrain\node_mo
dules\react-dom\cjs\react-dom.development.js:27490:7)
    at performUnitOfWork (D:\Web Projects\secondbrain\n
ode_modules\react-dom\cjs\react-dom.development.js:2659
9:12) Error: No QueryClient set, use 
QueryClientProvider to set one
    at Module.useQueryClient [90m(file:///D:/Web%20Pro
jects/secondbrain/[39mnode_modules/[4m@tanstack[24m/
react-query/build/modern/QueryClientProvider.js:15:11[
90m)[39m
    at TagInput [90m(D:\Web Projects\secondbrain\[39m
src\shared\components\organization\TagInput.tsx:12:25[
90m)[39m
    at renderWithHooks [90m(D:\Web Projects\secondbrai
n\[39mnode_modules\[4mreact-dom[24m\cjs\react-dom.de
velopment.js:15486:18[90m)[39m
    at mountIndeterminateComponent [90m(D:\Web Project
s\secondbrain\[39mnode_modules\[4mreact-dom[24m\cjs\
react-dom.development.js:20103:13[90m)[39m
 [31mΓ¥»[39m src/shared/components/NoteForm.test.tsx [2m([22m[2m2 tests[22m[2m | [22m[31m2 failed[39m[2m)[22m[90m 76[2mms[22m[39m
[31m   [31m├ù[31m NoteForm[2m > [22mshould render in edit mode by default[90m 60[2mms[22m[31m[39m
[31m     ΓåÆ No QueryClient set, use QueryClientProvider to set one[39m
[31m   [31m├ù[31m NoteForm[2m > [22mshould toggle to preview mode[90m 15[2mms[22m[31m[39m
[31m     ΓåÆ No QueryClient set, use QueryClientProvider to set one[39m
    at beginWork [90m(D:\Web Projects\secondbrain\[39
mnode_modules\[4mreact-dom[24m\cjs\react-dom.developm
ent.js:21626:16[90m)[39m
    at HTMLUnknownElement.callCallback [90m(D:\Web Pro
jects\secondbrain\[39mnode_modules\[4mreact-dom[24m\
cjs\react-dom.development.js:4164:14[90m)[39m
    at HTMLUnknownElement.callTheUserObjectsOperation 
[90m(D:\Web Projects\secondbrain\[39mnode_modules\[4
mjsdom[24m\lib\jsdom\living\generated\EventListener.js
:26:30[90m)[39m
    at innerInvokeEventListeners [90m(D:\Web Projects\
secondbrain\[39mnode_modules\[4mjsdom[24m\lib\jsdom\
living\events\EventTarget-impl.js:350:25[90m)[39m
    at invokeEventListeners [90m(D:\Web Projects\secon
dbrain\[39mnode_modules\[4mjsdom[24m\lib\jsdom\livin
g\events\EventTarget-impl.js:286:3[90m)[39m
    at HTMLUnknownElementImpl._dispatch [90m(D:\Web Pr
ojects\secondbrain\[39mnode_modules\[4mjsdom[24m\lib
\jsdom\living\events\EventTarget-impl.js:233:9[90m)[3
9m
The above error occurred in the <FolderSelect> 
component:

    at FolderSelect (D:\Web Projects\secondbrain\src\sh
ared\components\organization\FolderSelect.tsx:9:25)
    at div
    at div
    at form
    at div
    at MotionComponent (file:///D:/Web%20Projects/secon
dbrain/node_modules/framer-motion/dist/es/motion/index.
mjs:36:16)
    at NoteForm (D:\Web Projects\secondbrain\src\shared
\components\NoteForm.tsx:17:21)

Consider adding an error boundary to your tree to 
customize error handling behavior.
Visit https://reactjs.org/link/error-boundaries to 
learn more about error boundaries.
The above error occurred in the <TagInput> component:

    at TagInput (D:\Web Projects\secondbrain\src\shared
\components\organization\TagInput.tsx:11:21)
    at div
    at div
    at form
    at div
    at MotionComponent (file:///D:/Web%20Projects/secon
dbrain/node_modules/framer-motion/dist/es/motion/index.
mjs:36:16)
    at NoteForm (D:\Web Projects\secondbrain\src\shared
\components\NoteForm.tsx:17:21)

Consider adding an error boundary to your tree to 
customize error handling behavior.
Visit https://reactjs.org/link/error-boundaries to 
learn more about error boundaries.


[31mΓÄ»ΓÄ»ΓÄ»ΓÄ»ΓÄ»ΓÄ»ΓÄ»[1m[7m Failed Tests 2 
[27m[22mΓÄ»ΓÄ»ΓÄ»ΓÄ»ΓÄ»ΓÄ»ΓÄ»[39m

[31m[1m[7m FAIL [27m[22m[39m 
src/shared/components/NoteForm.test.tsx[2m > 
[22mNoteForm[2m > [22mshould render in edit mode by 
default
[31m[1m[7m FAIL [27m[22m[39m 
src/shared/components/NoteForm.test.tsx[2m > 
[22mNoteForm[2m > [22mshould toggle to preview mode
[31m[1mError[22m: No QueryClient set, use 
QueryClientProvider to set one[39m
[90m [2mΓ¥»[22m useQueryClient ../../Web%20Projects/
secondbrain/node_modules/@tanstack/react-query/build/mo
dern/QueryClientProvider.js:[2m15:11[22m[39m
[90m [2mΓ¥»[22m useBaseQuery ../../Web%20Projects/se
condbrain/node_modules/@tanstack/react-query/build/mode
rn/useBaseQuery.js:[2m30:18[22m[39m
[90m [2mΓ¥»[22m Module.useQuery ../../Web%20Projects
/secondbrain/node_modules/@tanstack/react-query/build/m
odern/useQuery.js:[2m7:10[22m[39m
[36m [2mΓ¥»[22m FolderSelect src/shared/components/o
rganization/FolderSelect.tsx:[2m13:36[22m[39m
    [90m 11| [39m
    [90m 12| [39m[35mexport[39m [35mconst[39m 
[33mFolderSelect[39m[33m:[39m [33mReact[39m[33m.
[39m[33mFC[39m[33m<[39m[33mFolderSelectProps[39m
[33m>[39m [33m=[39m ({ selectedFoΓÇª
    [90m 13| [39m    [35mconst[39m { 
data[33m:[39m folders [33m=[39m [] } [33m=[39m 
[34museQuery[39m({
    [90m   | [39m                                   
[31m^[39m
    [90m 14| [39m        queryKey[33m:[39m 
[[32m'folders'[39m][33m,[39m
    [90m 15| [39m        queryFn[33m:[39m 
organizationService[33m.[39mgetFolders[33m,[39m
[90m [2mΓ¥»[22m renderWithHooks node_modules/react-d
om/cjs/react-dom.development.js:[2m15486:18[22m[39m
[90m [2mΓ¥»[22m mountIndeterminateComponent node_mod
ules/react-dom/cjs/react-dom.development.js:[2m20103:1
3[22m[39m
[90m [2mΓ¥»[22m beginWork node_modules/react-dom/cjs
/react-dom.development.js:[2m21626:16[22m[39m
[90m [2mΓ¥»[22m beginWork$1 node_modules/react-dom/c
js/react-dom.development.js:[2m27465:14[22m[39m
[90m [2mΓ¥»[22m performUnitOfWork node_modules/react
-dom/cjs/react-dom.development.js:[2m26599:12[22m[39
m
[90m [2mΓ¥»[22m workLoopSync node_modules/react-dom/
cjs/react-dom.development.js:[2m26505:5[22m[39m

[31m[2mΓÄ»ΓÄ»ΓÄ»ΓÄ»ΓÄ»ΓÄ»ΓÄ»ΓÄ»ΓÄ»ΓÄ»ΓÄ»ΓÄ»ΓÄ»ΓÄ»ΓÄ»Γ
Ä»ΓÄ»ΓÄ»ΓÄ»ΓÄ»ΓÄ»ΓÄ»ΓÄ»ΓÄ»[1/2]ΓÄ»[22m[39m

[2m Test Files [22m [1m[31m1 failed[39m[22m[90m (1)[39m
[2m      Tests [22m [1m[31m2 failed[39m[22m[90m (2)[39m
[2m   Start at [22m 00:50:52
[2m   Duration [22m 6.69s[2m (transform 107ms, setup 0ms, collect 865ms, tests 76ms, environment 830ms, prepare 384ms)[22m

[1m[7m[31m FAIL [39m[27m[22m [31mTests failed. Watching for file changes...[39m
       [2mpress [22m[1mh[22m[2m to show help[22m[2m, [22m[2mpress [22m[1mq[22m[2m to quit[22m
c[3J[1m[7m[34m RERUN [39m[27m[22m [34m[2msrc/shared/components/NoteForm.test.tsx [22m[34mx1 [34m[39m

[90mstderr[2m | 
src/shared/components/NoteForm.test.tsx[2m > 
[22m[2mNoteForm[2m > [22m[2mshould render in edit 
mode by default
[22m[39mError: Uncaught [Error: No QueryClient set, 
use QueryClientProvider to set one]
    at reportException (D:\Web Projects\secondbrain\nod
e_modules\jsdom\lib\jsdom\living\helpers\runtime-script
-errors.js:66:24)
    at innerInvokeEventListeners (D:\Web Projects\secon
dbrain\node_modules\jsdom\lib\jsdom\living\events\Event
Target-impl.js:353:9)
    at invokeEventListeners (D:\Web Projects\secondbrai
n\node_modules\jsdom\lib\jsdom\living\events\EventTarge
t-impl.js:286:3)
    at HTMLUnknownElementImpl._dispatch (D:\Web Project
s\secondbrain\node_modules\jsdom\lib\jsdom\living\event
s\EventTarget-impl.js:233:9)
    at HTMLUnknownElementImpl.dispatchEvent (D:\Web Pro
jects\secondbrain\node_modules\jsdom\lib\jsdom\living\e
vents\EventTarget-impl.js:104:17)
    at HTMLUnknownElement.dispatchEvent (D:\Web Project
s\secondbrain\node_modules\jsdom\lib\jsdom\living\gener
ated\EventTarget.js:241:34)
    at Object.invokeGuardedCallbackDev (D:\Web Projects
\secondbrain\node_modules\react-dom\cjs\react-dom.devel
opment.js:4213:16)
    at invokeGuardedCallback (D:\Web Projects\secondbra
in\node_modules\react-dom\cjs\react-dom.development.js:
4277:31)
    at beginWork$1 (D:\Web Projects\secondbrain\node_mo
dules\react-dom\cjs\react-dom.development.js:27490:7)
    at performUnitOfWork (D:\Web Projects\secondbrain\n
ode_modules\react-dom\cjs\react-dom.development.js:2659
9:12) Error: No QueryClient set, use 
QueryClientProvider to set one
    at useQueryClient [90m(file:///D:/Web%20Projects/s
econdbrain/[39mnode_modules/[4m@tanstack[24m/react-q
uery/build/modern/QueryClientProvider.js:15:11[90m)[3
9m
    at useBaseQuery [90m(file:///D:/Web%20Projects/sec
ondbrain/[39mnode_modules/[4m@tanstack[24m/react-que
ry/build/modern/useBaseQuery.js:30:18[90m)[39m
    at Module.useQuery [90m(file:///D:/Web%20Projects/
secondbrain/[39mnode_modules/[4m@tanstack[24m/react-
query/build/modern/useQuery.js:7:10[90m)[39m
    at FolderSelect [90m(D:\Web Projects\secondbrain\
[39msrc\shared\components\organization\FolderSelect.tsx
:13:36[90m)[39m
    at renderWithHooks [90m(D:\Web Projects\secondbrai
n\[39mnode_modules\[4mreact-dom[24m\cjs\react-dom.de
velopment.js:15486:18[90m)[39m
    at mountIndeterminateComponent [90m(D:\Web Project
s\secondbrain\[39mnode_modules\[4mreact-dom[24m\cjs\
react-dom.development.js:20103:13[90m)[39m
    at beginWork [90m(D:\Web Projects\secondbrain\[39
mnode_modules\[4mreact-dom[24m\cjs\react-dom.developm
ent.js:21626:16[90m)[39m
    at HTMLUnknownElement.callCallback [90m(D:\Web Pro
jects\secondbrain\[39mnode_modules\[4mreact-dom[24m\
cjs\react-dom.development.js:4164:14[90m)[39m
    at HTMLUnknownElement.callTheUserObjectsOperation 
[90m(D:\Web Projects\secondbrain\[39mnode_modules\[4
mjsdom[24m\lib\jsdom\living\generated\EventListener.js
:26:30[90m)[39m
    at innerInvokeEventListeners [90m(D:\Web Projects\
secondbrain\[39mnode_modules\[4mjsdom[24m\lib\jsdom\
living\events\EventTarget-impl.js:350:25[90m)[39m
Error: Uncaught [Error: No QueryClient set, use 
QueryClientProvider to set one]
    at reportException (D:\Web Projects\secondbrain\nod
e_modules\jsdom\lib\jsdom\living\helpers\runtime-script
-errors.js:66:24)
    at innerInvokeEventListeners (D:\Web Projects\secon
dbrain\node_modules\jsdom\lib\jsdom\living\events\Event
Target-impl.js:353:9)
    at invokeEventListeners (D:\Web Projects\secondbrai
n\node_modules\jsdom\lib\jsdom\living\events\EventTarge
t-impl.js:286:3)
    at HTMLUnknownElementImpl._dispatch (D:\Web Project
s\secondbrain\node_modules\jsdom\lib\jsdom\living\event
s\EventTarget-impl.js:233:9)
    at HTMLUnknownElementImpl.dispatchEvent (D:\Web Pro
jects\secondbrain\node_modules\jsdom\lib\jsdom\living\e
vents\EventTarget-impl.js:104:17)
    at HTMLUnknownElement.dispatchEvent (D:\Web Project
s\secondbrain\node_modules\jsdom\lib\jsdom\living\gener
ated\EventTarget.js:241:34)
    at Object.invokeGuardedCallbackDev (D:\Web Projects
\secondbrain\node_modules\react-dom\cjs\react-dom.devel
opment.js:4213:16)
    at invokeGuardedCallback (D:\Web Projects\secondbra
in\node_modules\react-dom\cjs\react-dom.development.js:
4277:31)
    at beginWork$1 (D:\Web Projects\secondbrain\node_mo
dules\react-dom\cjs\react-dom.development.js:27490:7)
    at performUnitOfWork (D:\Web Projects\secondbrain\n
ode_modules\react-dom\cjs\react-dom.development.js:2659
9:12) Error: No QueryClient set, use 
QueryClientProvider to set one
    at Module.useQueryClient [90m(file:///D:/Web%20Pro
jects/secondbrain/[39mnode_modules/[4m@tanstack[24m/
react-query/build/modern/QueryClientProvider.js:15:11[
90m)[39m
    at TagInput [90m(D:\Web Projects\secondbrain\[39m
src\shared\components\organization\TagInput.tsx:12:25[
90m)[39m
    at renderWithHooks [90m(D:\Web Projects\secondbrai
n\[39mnode_modules\[4mreact-dom[24m\cjs\react-dom.de
velopment.js:15486:18[90m)[39m
    at mountIndeterminateComponent [90m(D:\Web Project
s\secondbrain\[39mnode_modules\[4mreact-dom[24m\cjs\
react-dom.development.js:20103:13[90m)[39m
    at beginWork [90m(D:\Web Projects\secondbrain\[39
mnode_modules\[4mreact-dom[24m\cjs\react-dom.developm
ent.js:21626:16[90m)[39m
    at HTMLUnknownElement.callCallback [90m(D:\Web Pro
jects\secondbrain\[39mnode_modules\[4mreact-dom[24m\
cjs\react-dom.development.js:4164:14[90m)[39m
    at HTMLUnknownElement.callTheUserObjectsOperation 
[90m(D:\Web Projects\secondbrain\[39mnode_modules\[4
mjsdom[24m\lib\jsdom\living\generated\EventListener.js
:26:30[90m)[39m
    at innerInvokeEventListeners [90m(D:\Web Projects\
secondbrain\[39mnode_modules\[4mjsdom[24m\lib\jsdom\
living\events\EventTarget-impl.js:350:25[90m)[39m
    at invokeEventListeners [90m(D:\Web Projects\secon
dbrain\[39mnode_modules\[4mjsdom[24m\lib\jsdom\livin
g\events\EventTarget-impl.js:286:3[90m)[39m
    at HTMLUnknownElementImpl._dispatch [90m(D:\Web Pr
ojects\secondbrain\[39mnode_modules\[4mjsdom[24m\lib
\jsdom\living\events\EventTarget-impl.js:233:9[90m)[3
9m
Error: Uncaught [Error: No QueryClient set, use 
QueryClientProvider to set one]
    at reportException (D:\Web Projects\secondbrain\nod
e_modules\jsdom\lib\jsdom\living\helpers\runtime-script
-errors.js:66:24)
    at innerInvokeEventListeners (D:\Web Projects\secon
dbrain\node_modules\jsdom\lib\jsdom\living\events\Event
Target-impl.js:353:9)
    at invokeEventListeners (D:\Web Projects\secondbrai
n\node_modules\jsdom\lib\jsdom\living\events\EventTarge
t-impl.js:286:3)
    at HTMLUnknownElementImpl._dispatch (D:\Web Project
s\secondbrain\node_modules\jsdom\lib\jsdom\living\event
s\EventTarget-impl.js:233:9)
    at HTMLUnknownElementImpl.dispatchEvent (D:\Web Pro
jects\secondbrain\node_modules\jsdom\lib\jsdom\living\e
vents\EventTarget-impl.js:104:17)
    at HTMLUnknownElement.dispatchEvent (D:\Web Project
s\secondbrain\node_modules\jsdom\lib\jsdom\living\gener
ated\EventTarget.js:241:34)
    at Object.invokeGuardedCallbackDev (D:\Web Projects
\secondbrain\node_modules\react-dom\cjs\react-dom.devel
opment.js:4213:16)
    at invokeGuardedCallback (D:\Web Projects\secondbra
in\node_modules\react-dom\cjs\react-dom.development.js:
4277:31)
    at beginWork$1 (D:\Web Projects\secondbrain\node_mo
dules\react-dom\cjs\react-dom.development.js:27490:7)
    at performUnitOfWork (D:\Web Projects\secondbrain\n
ode_modules\react-dom\cjs\react-dom.development.js:2659
9:12) Error: No QueryClient set, use 
QueryClientProvider to set one
    at useQueryClient [90m(file:///D:/Web%20Projects/s
econdbrain/[39mnode_modules/[4m@tanstack[24m/react-q
uery/build/modern/QueryClientProvider.js:15:11[90m)[3
9m
    at useBaseQuery [90m(file:///D:/Web%20Projects/sec
ondbrain/[39mnode_modules/[4m@tanstack[24m/react-que
ry/build/modern/useBaseQuery.js:30:18[90m)[39m
    at Module.useQuery [90m(file:///D:/Web%20Projects/
secondbrain/[39mnode_modules/[4m@tanstack[24m/react-
query/build/modern/useQuery.js:7:10[90m)[39m
    at FolderSelect [90m(D:\Web Projects\secondbrain\
[39msrc\shared\components\organization\FolderSelect.tsx
:13:36[90m)[39m
    at renderWithHooks [90m(D:\Web Projects\secondbrai
n\[39mnode_modules\[4mreact-dom[24m\cjs\react-dom.de
velopment.js:15486:18[90m)[39m
    at mountIndeterminateComponent [90m(D:\Web Project
s\secondbrain\[39mnode_modules\[4mreact-dom[24m\cjs\
react-dom.development.js:20103:13[90m)[39m
    at beginWork [90m(D:\Web Projects\secondbrain\[39
mnode_modules\[4mreact-dom[24m\cjs\react-dom.developm
ent.js:21626:16[90m)[39m
    at HTMLUnknownElement.callCallback [90m(D:\Web Pro
jects\secondbrain\[39mnode_modules\[4mreact-dom[24m\
cjs\react-dom.development.js:4164:14[90m)[39m
    at HTMLUnknownElement.callTheUserObjectsOperation 
[90m(D:\Web Projects\secondbrain\[39mnode_modules\[4
mjsdom[24m\lib\jsdom\living\generated\EventListener.js
:26:30[90m)[39m
    at innerInvokeEventListeners [90m(D:\Web Projects\
secondbrain\[39mnode_modules\[4mjsdom[24m\lib\jsdom\
living\events\EventTarget-impl.js:350:25[90m)[39m
Error: Uncaught [Error: No QueryClient set, use 
QueryClientProvider to set one]
    at reportException (D:\Web Projects\secondbrain\nod
e_modules\jsdom\lib\jsdom\living\helpers\runtime-script
-errors.js:66:24)
    at innerInvokeEventListeners (D:\Web Projects\secon
dbrain\node_modules\jsdom\lib\jsdom\living\events\Event
Target-impl.js:353:9)
    at invokeEventListeners (D:\Web Projects\secondbrai
n\node_modules\jsdom\lib\jsdom\living\events\EventTarge
t-impl.js:286:3)
    at HTMLUnknownElementImpl._dispatch (D:\Web Project
s\secondbrain\node_modules\jsdom\lib\jsdom\living\event
s\EventTarget-impl.js:233:9)
    at HTMLUnknownElementImpl.dispatchEvent (D:\Web Pro
jects\secondbrain\node_modules\jsdom\lib\jsdom\living\e
vents\EventTarget-impl.js:104:17)
    at HTMLUnknownElement.dispatchEvent (D:\Web Project
s\secondbrain\node_modules\jsdom\lib\jsdom\living\gener
ated\EventTarget.js:241:34)
    at Object.invokeGuardedCallbackDev (D:\Web Projects
\secondbrain\node_modules\react-dom\cjs\react-dom.devel
opment.js:4213:16)
    at invokeGuardedCallback (D:\Web Projects\secondbra
in\node_modules\react-dom\cjs\react-dom.development.js:
4277:31)
    at beginWork$1 (D:\Web Projects\secondbrain\node_mo
dules\react-dom\cjs\react-dom.development.js:27490:7)
    at performUnitOfWork (D:\Web Projects\secondbrain\n
ode_modules\react-dom\cjs\react-dom.development.js:2659
9:12) Error: No QueryClient set, use 
QueryClientProvider to set one
    at Module.useQueryClient [90m(file:///D:/Web%20Pro
jects/secondbrain/[39mnode_modules/[4m@tanstack[24m/
react-query/build/modern/QueryClientProvider.js:15:11[
90m)[39m
    at TagInput [90m(D:\Web Projects\secondbrain\[39m
src\shared\components\organization\TagInput.tsx:12:25[
90m)[39m
    at renderWithHooks [90m(D:\Web Projects\secondbrai
n\[39mnode_modules\[4mreact-dom[24m\cjs\react-dom.de
velopment.js:15486:18[90m)[39m
    at mountIndeterminateComponent [90m(D:\Web Project
s\secondbrain\[39mnode_modules\[4mreact-dom[24m\cjs\
react-dom.development.js:20103:13[90m)[39m
    at beginWork [90m(D:\Web Projects\secondbrain\[39
mnode_modules\[4mreact-dom[24m\cjs\react-dom.developm
ent.js:21626:16[90m)[39m
    at HTMLUnknownElement.callCallback [90m(D:\Web Pro
jects\secondbrain\[39mnode_modules\[4mreact-dom[24m\
cjs\react-dom.development.js:4164:14[90m)[39m
    at HTMLUnknownElement.callTheUserObjectsOperation 
[90m(D:\Web Projects\secondbrain\[39mnode_modules\[4
mjsdom[24m\lib\jsdom\living\generated\EventListener.js
:26:30[90m)[39m
    at innerInvokeEventListeners [90m(D:\Web Projects\
secondbrain\[39mnode_modules\[4mjsdom[24m\lib\jsdom\
living\events\EventTarget-impl.js:350:25[90m)[39m
    at invokeEventListeners [90m(D:\Web Projects\secon
dbrain\[39mnode_modules\[4mjsdom[24m\lib\jsdom\livin
g\events\EventTarget-impl.js:286:3[90m)[39m
    at HTMLUnknownElementImpl._dispatch [90m(D:\Web Pr
ojects\secondbrain\[39mnode_modules\[4mjsdom[24m\lib
\jsdom\living\events\EventTarget-impl.js:233:9[90m)[3
9m
The above error occurred in the <FolderSelect> 
component:

    at FolderSelect (D:\Web Projects\secondbrain\src\sh
ared\components\organization\FolderSelect.tsx:9:25)
    at div
    at div
    at form
    at div
    at MotionComponent (file:///D:/Web%20Projects/secon
dbrain/node_modules/framer-motion/dist/es/motion/index.
mjs:36:16)
    at NoteForm (D:\Web Projects\secondbrain\src\shared
\components\NoteForm.tsx:17:21)

Consider adding an error boundary to your tree to 
customize error handling behavior.
Visit https://reactjs.org/link/error-boundaries to 
learn more about error boundaries.
The above error occurred in the <TagInput> component:

    at TagInput (D:\Web Projects\secondbrain\src\shared
\components\organization\TagInput.tsx:11:21)
    at div
    at div
    at form
    at div
    at MotionComponent (file:///D:/Web%20Projects/secon
dbrain/node_modules/framer-motion/dist/es/motion/index.
mjs:36:16)
    at NoteForm (D:\Web Projects\secondbrain\src\shared
\components\NoteForm.tsx:17:21)

Consider adding an error boundary to your tree to 
customize error handling behavior.
Visit https://reactjs.org/link/error-boundaries to 
learn more about error boundaries.

[90mstderr[2m | 
src/shared/components/NoteForm.test.tsx[2m > 
[22m[2mNoteForm[2m > [22m[2mshould toggle to 
preview mode
[22m[39mError: Uncaught [Error: No QueryClient set, 
use QueryClientProvider to set one]
    at reportException (D:\Web Projects\secondbrain\nod
e_modules\jsdom\lib\jsdom\living\helpers\runtime-script
-errors.js:66:24)
    at innerInvokeEventListeners (D:\Web Projects\secon
dbrain\node_modules\jsdom\lib\jsdom\living\events\Event
Target-impl.js:353:9)
    at invokeEventListeners (D:\Web Projects\secondbrai
n\node_modules\jsdom\lib\jsdom\living\events\EventTarge
t-impl.js:286:3)
    at HTMLUnknownElementImpl._dispatch (D:\Web Project
s\secondbrain\node_modules\jsdom\lib\jsdom\living\event
s\EventTarget-impl.js:233:9)
    at HTMLUnknownElementImpl.dispatchEvent (D:\Web Pro
jects\secondbrain\node_modules\jsdom\lib\jsdom\living\e
vents\EventTarget-impl.js:104:17)
    at HTMLUnknownElement.dispatchEvent (D:\Web Project
s\secondbrain\node_modules\jsdom\lib\jsdom\living\gener
ated\EventTarget.js:241:34)
    at Object.invokeGuardedCallbackDev (D:\Web Projects
\secondbrain\node_modules\react-dom\cjs\react-dom.devel
opment.js:4213:16)
    at invokeGuardedCallback (D:\Web Projects\secondbra
in\node_modules\react-dom\cjs\react-dom.development.js:
4277:31)
    at beginWork$1 (D:\Web Projects\secondbrain\node_mo
dules\react-dom\cjs\react-dom.development.js:27490:7)
    at performUnitOfWork (D:\Web Projects\secondbrain\n
ode_modules\react-dom\cjs\react-dom.development.js:2659
9:12) Error: No QueryClient set, use 
QueryClientProvider to set one
    at useQueryClient [90m(file:///D:/Web%20Projects/s
econdbrain/[39mnode_modules/[4m@tanstack[24m/react-q
uery/build/modern/QueryClientProvider.js:15:11[90m)[3
9m
    at useBaseQuery [90m(file:///D:/Web%20Projects/sec
ondbrain/[39mnode_modules/[4m@tanstack[24m/react-que
ry/build/modern/useBaseQuery.js:30:18[90m)[39m
    at Module.useQuery [90m(file:///D:/Web%20Projects/
secondbrain/[39mnode_modules/[4m@tanstack[24m/react-
query/build/modern/useQuery.js:7:10[90m)[39m
    at FolderSelect [90m(D:\Web Projects\secondbrain\
[39msrc\shared\components\organization\FolderSelect.tsx
:13:36[90m)[39m
    at renderWithHooks [90m(D:\Web Projects\secondbrai
n\[39mnode_modules\[4mreact-dom[24m\cjs\react-dom.de
velopment.js:15486:18[90m)[39m
    at mountIndeterminateComponent [90m(D:\Web Project
s\secondbrain\[39mnode_modules\[4mreact-dom[24m\cjs\
react-dom.development.js:20103:13[90m)[39m
    at beginWork [90m(D:\Web Projects\secondbrain\[39
mnode_modules\[4mreact-dom[24m\cjs\react-dom.developm
ent.js:21626:16[90m)[39m
    at HTMLUnknownElement.callCallback [90m(D:\Web Pro
jects\secondbrain\[39mnode_modules\[4mreact-dom[24m\
cjs\react-dom.development.js:4164:14[90m)[39m
    at HTMLUnknownElement.callTheUserObjectsOperation 
[90m(D:\Web Projects\secondbrain\[39mnode_modules\[4
mjsdom[24m\lib\jsdom\living\generated\EventListener.js
:26:30[90m)[39m
    at innerInvokeEventListeners [90m(D:\Web Projects\
secondbrain\[39mnode_modules\[4mjsdom[24m\lib\jsdom\
living\events\EventTarget-impl.js:350:25[90m)[39m
Error: Uncaught [Error: No QueryClient set, use 
QueryClientProvider to set one]
    at reportException (D:\Web Projects\secondbrain\nod
e_modules\jsdom\lib\jsdom\living\helpers\runtime-script
-errors.js:66:24)
    at innerInvokeEventListeners (D:\Web Projects\secon
dbrain\node_modules\jsdom\lib\jsdom\living\events\Event
Target-impl.js:353:9)
    at invokeEventListeners (D:\Web Projects\secondbrai
n\node_modules\jsdom\lib\jsdom\living\events\EventTarge
t-impl.js:286:3)
    at HTMLUnknownElementImpl._dispatch (D:\Web Project
s\secondbrain\node_modules\jsdom\lib\jsdom\living\event
s\EventTarget-impl.js:233:9)
    at HTMLUnknownElementImpl.dispatchEvent (D:\Web Pro
jects\secondbrain\node_modules\jsdom\lib\jsdom\living\e
vents\EventTarget-impl.js:104:17)
    at HTMLUnknownElement.dispatchEvent (D:\Web Project
s\secondbrain\node_modules\jsdom\lib\jsdom\living\gener
ated\EventTarget.js:241:34)
    at Object.invokeGuardedCallbackDev (D:\Web Projects
\secondbrain\node_modules\react-dom\cjs\react-dom.devel
opment.js:4213:16)
    at invokeGuardedCallback (D:\Web Projects\secondbra
in\node_modules\react-dom\cjs\react-dom.development.js:
4277:31)
    at beginWork$1 (D:\Web Projects\secondbrain\node_mo
dules\react-dom\cjs\react-dom.development.js:27490:7)
    at performUnitOfWork (D:\Web Projects\secondbrain\n
ode_modules\react-dom\cjs\react-dom.development.js:2659
9:12) Error: No QueryClient set, use 
QueryClientProvider to set one
    at Module.useQueryClient [90m(file:///D:/Web%20Pro
jects/secondbrain/[39mnode_modules/[4m@tanstack[24m/
react-query/build/modern/QueryClientProvider.js:15:11[
90m)[39m
    at TagInput [90m(D:\Web Projects\secondbrain\[39m
src\shared\components\organization\TagInput.tsx:12:25[
90m)[39m
    at renderWithHooks [90m(D:\Web Projects\secondbrai
n\[39mnode_modules\[4mreact-dom[24m\cjs\react-dom.de
velopment.js:15486:18[90m)[39m
    at mountIndeterminateComponent [90m(D:\Web Project
s\secondbrain\[39mnode_modules\[4mreact-dom[24m\cjs\
react-dom.development.js:20103:13[90m)[39m
    at beginWork [90m(D:\Web Projects\secondbrain\[39
mnode_modules\[4mreact-dom[24m\cjs\react-dom.developm
ent.js:21626:16[90m)[39m
    at HTMLUnknownElement.callCallback [90m(D:\Web Pro
jects\secondbrain\[39mnode_modules\[4mreact-dom[24m\
cjs\react-dom.development.js:4164:14[90m)[39m
    at HTMLUnknownElement.callTheUserObjectsOperation 
[90m(D:\Web Projects\secondbrain\[39mnode_modules\[4
mjsdom[24m\lib\jsdom\living\generated\EventListener.js
:26:30[90m)[39m
    at innerInvokeEventListeners [90m(D:\Web Projects\
secondbrain\[39mnode_modules\[4mjsdom[24m\lib\jsdom\
living\events\EventTarget-impl.js:350:25[90m)[39m
    at invokeEventListeners [90m(D:\Web Projects\secon
dbrain\[39mnode_modules\[4mjsdom[24m\lib\jsdom\livin
g\events\EventTarget-impl.js:286:3[90m)[39m
    at HTMLUnknownElementImpl._dispatch [90m(D:\Web Pr
ojects\secondbrain\[39mnode_modules\[4mjsdom[24m\lib
\jsdom\living\events\EventTarget-impl.js:233:9[90m)[3
9m
Error: Uncaught [Error: No QueryClient set, use 
QueryClientProvider to set one]
    at reportException (D:\Web Projects\secondbrain\nod
e_modules\jsdom\lib\jsdom\living\helpers\runtime-script
-errors.js:66:24)
    at innerInvokeEventListeners (D:\Web Projects\secon
dbrain\node_modules\jsdom\lib\jsdom\living\events\Event
Target-impl.js:353:9)
    at invokeEventListeners (D:\Web Projects\secondbrai
n\node_modules\jsdom\lib\jsdom\living\events\EventTarge
t-impl.js:286:3)
    at HTMLUnknownElementImpl._dispatch (D:\Web Project
s\secondbrain\node_modules\jsdom\lib\jsdom\living\event
s\EventTarget-impl.js:233:9)
    at HTMLUnknownElementImpl.dispatchEvent (D:\Web Pro
jects\secondbrain\node_modules\jsdom\lib\jsdom\living\e
vents\EventTarget-impl.js:104:17)
    at HTMLUnknownElement.dispatchEvent (D:\Web Project
s\secondbrain\node_modules\jsdom\lib\jsdom\living\gener
ated\EventTarget.js:241:34)
    at Object.invokeGuardedCallbackDev (D:\Web Projects
\secondbrain\node_modules\react-dom\cjs\react-dom.devel
opment.js:4213:16)
    at invokeGuardedCallback (D:\Web Projects\secondbra
in\node_modules\react-dom\cjs\react-dom.development.js:
4277:31)
    at beginWork$1 (D:\Web Projects\secondbrain\node_mo
dules\react-dom\cjs\react-dom.development.js:27490:7)
    at performUnitOfWork (D:\Web Projects\secondbrain\n
ode_modules\react-dom\cjs\react-dom.development.js:2659
9:12) Error: No QueryClient set, use 
QueryClientProvider to set one
    at useQueryClient [90m(file:///D:/Web%20Projects/s
econdbrain/[39mnode_modules/[4m@tanstack[24m/react-q
uery/build/modern/QueryClientProvider.js:15:11[90m)[3
9m
    at useBaseQuery [90m(file:///D:/Web%20Projects/sec
ondbrain/[39mnode_modules/[4m@tanstack[24m/react-que
ry/build/modern/useBaseQuery.js:30:18[90m)[39m
    at Module.useQuery [90m(file:///D:/Web%20Projects/
secondbrain/[39mnode_modules/[4m@tanstack[24m/react-
query/build/modern/useQuery.js:7:10[90m)[39m
    at FolderSelect [90m(D:\Web Projects\secondbrain\
[39msrc\shared\components\organization\FolderSelect.tsx
:13:36[90m)[39m
    at renderWithHooks [90m(D:\Web Projects\secondbrai
n\[39mnode_modules\[4mreact-dom[24m\cjs\react-dom.de
velopment.js:15486:18[90m)[39m
    at mountIndeterminateComponent [90m(D:\Web Project
s\secondbrain\[39mnode_modules\[4mreact-dom[24m\cjs\
react-dom.development.js:20103:13[90m)[39m
    at beginWork [90m(D:\Web Projects\secondbrain\[39
mnode_modules\[4mreact-dom[24m\cjs\react-dom.developm
ent.js:21626:16[90m)[39m
    at HTMLUnknownElement.callCallback [90m(D:\Web Pro
jects\secondbrain\[39mnode_modules\[4mreact-dom[24m\
cjs\react-dom.development.js:4164:14[90m)[39m
    at HTMLUnknownElement.callTheUserObjectsOperation 
[90m(D:\Web Projects\secondbrain\[39mnode_modules\[4
mjsdom[24m\lib\jsdom\living\generated\EventListener.js
:26:30[90m)[39m
    at innerInvokeEventListeners [90m(D:\Web Projects\
secondbrain\[39mnode_modules\[4mjsdom[24m\lib\jsdom\
living\events\EventTarget-impl.js:350:25[90m)[39m
Error: Uncaught [Error: No QueryClient set, use 
QueryClientProvider to set one]
    at reportException (D:\Web Projects\secondbrain\nod
e_modules\jsdom\lib\jsdom\living\helpers\runtime-script
-errors.js:66:24)
    at innerInvokeEventListeners (D:\Web Projects\secon
dbrain\node_modules\jsdom\lib\jsdom\living\events\Event
Target-impl.js:353:9)
    at invokeEventListeners (D:\Web Projects\secondbrai
n\node_modules\jsdom\lib\jsdom\living\events\EventTarge
t-impl.js:286:3)
    at HTMLUnknownElementImpl._dispatch (D:\Web Project
s\secondbrain\node_modules\jsdom\lib\jsdom\living\event
s\EventTarget-impl.js:233:9)
    at HTMLUnknownElementImpl.dispatchEvent (D:\Web Pro
jects\secondbrain\node_modules\jsdom\lib\jsdom\living\e
vents\EventTarget-impl.js:104:17)
    at HTMLUnknownElement.dispatchEvent (D:\Web Project
s\secondbrain\node_modules\jsdom\lib\jsdom\living\gener
ated\EventTarget.js:241:34)
    at Object.invokeGuardedCallbackDev (D:\Web Projects
\secondbrain\node_modules\react-dom\cjs\react-dom.devel
opment.js:4213:16)
    at invokeGuardedCallback (D:\Web Projects\secondbra
in\node_modules\react-dom\cjs\react-dom.development.js:
4277:31)
    at beginWork$1 (D:\Web Projects\secondbrain\node_mo
dules\react-dom\cjs\react-dom.development.js:27490:7)
    at performUnitOfWork (D:\Web Projects\secondbrain\n
ode_modules\react-dom\cjs\react-dom.development.js:2659
9:12) Error: No QueryClient set, use 
QueryClientProvider to set one
    at Module.useQueryClient [90m(file:///D:/Web%20Pro
jects/secondbrain/[39mnode_modules/[4m@tanstack[24m/
react-query/build/modern/QueryClientProvider.js:15:11[
90m)[39m
    at TagInput [90m(D:\Web Projects\secondbrain\[39m
src\shared\components\organization\TagInput.tsx:12:25[
90m)[39m
    at renderWithHooks [90m(D:\Web Projects\secondbrai
n\[39mnode_modules\[4mreact-dom[24m\cjs\react-dom.de
velopment.js:15486:18[90m)[39m
    at mountIndeterminateComponent [90m(D:\Web Project
s\secondbrain\[39mnode_modules\[4mreact-dom[24m\cjs\
react-dom.development.js:20103:13[90m)[39m
    at beginWork [90m(D:\Web Projects\secondbrain\[39
mnode_modules\[4mreact-dom[24m\cjs\react-dom.developm
ent.js:21626:16[90m)[39m
    at HTMLUnknownElement.callCallback [90m(D:\Web Pro
jects\secondbrain\[39mnode_modules\[4mreact-dom[24m\
cjs\react-dom.development.js:4164:14[90m)[39m
    at HTMLUnknownElement.callTheUserObjectsOperation 
[90m(D:\Web Projects\secondbrain\[39mnode_modules\[4
mjsdom[24m\lib\jsdom\living\generated\EventListener.js
:26:30[90m)[39m
    at innerInvokeEventListeners [90m(D:\Web Projects\
secondbrain\[39mnode_modules\[4mjsdom[24m\lib\jsdom\
living\events\EventTarget-impl.js:350:25[90m)[39m
    at invokeEventListeners [90m(D:\Web Projects\secon
dbrain\[39mnode_modules\[4mjsdom[24m\lib\jsdom\livin
g\events\EventTarget-impl.js:286:3[90m)[39m
    at HTMLUnknownElementImpl._dispatch [90m(D:\Web Pr
ojects\secondbrain\[39mnode_modules\[4mjsdom[24m\lib
\jsdom\living\events\EventTarget-impl.js:233:9[90m)[3
9m
The above error occurred in the <FolderSelect> 
component:

    at FolderSelect (D:\Web Projects\secondbrain\src\sh
ared\components\organization\FolderSelect.tsx:9:25)
    at div
    at div
    at form
    at div
    at MotionComponent (file:///D:/Web%20Projects/secon
dbrain/node_modules/framer-motion/dist/es/motion/index.
mjs:36:16)
    at NoteForm (D:\Web Projects\secondbrain\src\shared
\components\NoteForm.tsx:17:21)

Consider adding an error boundary to your tree to 
customize error handling behavior.
Visit https://reactjs.org/link/error-boundaries to 
learn more about error boundaries.
The above error occurred in the <TagInput> component:

 [31mΓ¥»[39m src/shared/components/NoteForm.test.tsx [2m([22m[2m2 tests[22m[2m | [22m[31m2 failed[39m[2m)[22m[90m 86[2mms[22m[39m
    at TagInput (D:\Web Projects\secondbrain\src\shared
\components\organization\TagInput.tsx:11:21)
    at div
    at div
    at form
    at div
    at MotionComponent (file:///D:/Web%20Projects/secon
dbrain/node_modules/framer-motion/dist/es/motion/index.
mjs:36:16)
    at NoteForm (D:\Web Projects\secondbrain\src\shared
\components\NoteForm.tsx:17:21)

Consider adding an error boundary to your tree to 
customize error handling behavior.
Visit https://reactjs.org/link/error-boundaries to 
learn more about error boundaries.

[31m   [31m├ù[31m NoteForm[2m > [22mshould render in edit mode by default[90m 69[2mms[22m[31m[39m
[31m     ΓåÆ No QueryClient set, use QueryClientProvider to set one[39m
[31m   [31m├ù[31m NoteForm[2m > [22mshould toggle to preview mode[90m 16[2mms[22m[31m[39m
[31m     ΓåÆ No QueryClient set, use QueryClientProvider to set one[39m

[31mΓÄ»ΓÄ»ΓÄ»ΓÄ»ΓÄ»ΓÄ»ΓÄ»[1m[7m Failed Tests 2 
[27m[22mΓÄ»ΓÄ»ΓÄ»ΓÄ»ΓÄ»ΓÄ»ΓÄ»[39m

[31m[1m[7m FAIL [27m[22m[39m 
src/shared/components/NoteForm.test.tsx[2m > 
[22mNoteForm[2m > [22mshould render in edit mode by 
default
[31m[1m[7m FAIL [27m[22m[39m 
src/shared/components/NoteForm.test.tsx[2m > 
[22mNoteForm[2m > [22mshould toggle to preview mode
[31m[1mError[22m: No QueryClient set, use 
QueryClientProvider to set one[39m
[90m [2mΓ¥»[22m useQueryClient ../../Web%20Projects/
secondbrain/node_modules/@tanstack/react-query/build/mo
dern/QueryClientProvider.js:[2m15:11[22m[39m
[90m [2mΓ¥»[22m useBaseQuery ../../Web%20Projects/se
condbrain/node_modules/@tanstack/react-query/build/mode
rn/useBaseQuery.js:[2m30:18[22m[39m
[90m [2mΓ¥»[22m Module.useQuery ../../Web%20Projects
/secondbrain/node_modules/@tanstack/react-query/build/m
odern/useQuery.js:[2m7:10[22m[39m
[36m [2mΓ¥»[22m FolderSelect src/shared/components/o
rganization/FolderSelect.tsx:[2m13:36[22m[39m
    [90m 11| [39m
    [90m 12| [39m[35mexport[39m [35mconst[39m 
[33mFolderSelect[39m[33m:[39m [33mReact[39m[33m.
[39m[33mFC[39m[33m<[39m[33mFolderSelectProps[39m
[33m>[39m [33m=[39m ({ selectedFoΓÇª
    [90m 13| [39m    [35mconst[39m { 
data[33m:[39m folders [33m=[39m [] } [33m=[39m 
[34museQuery[39m({
    [90m   | [39m                                   
[31m^[39m
    [90m 14| [39m        queryKey[33m:[39m 
[[32m'folders'[39m][33m,[39m
    [90m 15| [39m        queryFn[33m:[39m 
organizationService[33m.[39mgetFolders[33m,[39m
[90m [2mΓ¥»[22m renderWithHooks node_modules/react-d
om/cjs/react-dom.development.js:[2m15486:18[22m[39m
[90m [2mΓ¥»[22m mountIndeterminateComponent node_mod
ules/react-dom/cjs/react-dom.development.js:[2m20103:1
3[22m[39m
[90m [2mΓ¥»[22m beginWork node_modules/react-dom/cjs
/react-dom.development.js:[2m21626:16[22m[39m
[90m [2mΓ¥»[22m beginWork$1 node_modules/react-dom/c
js/react-dom.development.js:[2m27465:14[22m[39m
[90m [2mΓ¥»[22m performUnitOfWork node_modules/react
-dom/cjs/react-dom.development.js:[2m26599:12[22m[39
m
[90m [2mΓ¥»[22m workLoopSync node_modules/react-dom/
cjs/react-dom.development.js:[2m26505:5[22m[39m

[31m[2mΓÄ»ΓÄ»ΓÄ»ΓÄ»ΓÄ»ΓÄ»ΓÄ»ΓÄ»ΓÄ»ΓÄ»ΓÄ»ΓÄ»ΓÄ»ΓÄ»ΓÄ»Γ
Ä»ΓÄ»ΓÄ»ΓÄ»ΓÄ»ΓÄ»ΓÄ»ΓÄ»ΓÄ»[1/2]ΓÄ»[22m[39m

[2m Test Files [22m [1m[31m1 failed[39m[22m[90m (1)[39m
[2m      Tests [22m [1m[31m2 failed[39m[22m[90m (2)[39m
[2m   Start at [22m 00:51:24
[2m   Duration [22m 1.18s

[1m[7m[31m FAIL [39m[27m[22m [31mTests failed. Watching for file changes...[39m
       [2mpress [22m[1mh[22m[2m to show help[22m[2m, [22m[2mpress [22m[1mq[22m[2m to quit[22m
c[3J[1m[7m[34m RERUN [39m[27m[22m [34m[2msrc/shared/components/NoteForm.test.tsx [22m[34mx2 [34m[39m

 [31mΓ¥»[39m src/shared/components/NoteForm.test.tsx [2m([22m[2m2 tests[22m[2m | [22m[31m1 failed[39m[2m)[22m[90m 163[2mms[22m[39m
[31m   [31m├ù[31m NoteForm[2m > [22mshould toggle to preview mode[90m 63[2mms[22m[31m[39m
[31m     ΓåÆ Found multiple elements with the title: Toggle Preview.

Here are the matching elements:

Ignored nodes: comments, script, style
[36m<button[31m
  [33mclass[31m=[32m"p-3 rounded-2xl border transition-all bg-white/5 border-white/5 text-gray-500 hover:text-white hover:bg-white/10"[31m
  [33mtitle[31m=[32m"Toggle Preview"[31m
  [33mtype[31m=[32m"button"[31m
[36m>[31m
  [36m<svg[31m
    [33mclass[31m=[32m"lucide lucide-eye w-5 h-5"[31m
    [33mfill[31m=[32m"none"[31m
    [33mheight[31m=[32m"24"[31m
    [33mstroke[31m=[32m"currentColor"[31m
    [33mstroke-linecap[31m=[32m"round"[31m
    [33mstroke-linejoin[31m=[32m"round"[31m
    [33mstroke-width[31m=[32m"2"[31m
    [33mviewBox[31m=[32m"0 0 24 24"[31m
    [33mwidth[31m=[32m"24"[31m
    [33mxmlns[31m=[32m"http://www.w3.org/2000/svg"[31m
  [36m>[31m
    [36m<path[31m
      [33md[31m=[32m"M2.062 12.348a1 1 0 0 1 0-.696 10.75 10.75 0 0 1 19.876 0 1 1 0 0 1 0 .696 10.75 10.75 0 0 1-19.876 0"[31m
    [36m/>[31m
    [36m<circle[31m
      [33mcx[31m=[32m"12"[31m
      [33mcy[31m=[32m"12"[31m
      [33mr[31m=[32m"3"[31m
    [36m/>[31m
  [36m</svg>[31m
[36m</button>[31m

Ignored nodes: comments, script, style
[36m<button[31m
  [33mclass[31m=[32m"p-3 rounded-2xl border transition-all bg-white/5 border-white/5 text-gray-500 hover:text-white hover:bg-white/10"[31m
  [33mtitle[31m=[32m"Toggle Preview"[31m
  [33mtype[31m=[32m"button"[31m
[36m>[31m
  [36m<svg[31m
    [33mclass[31m=[32m"lucide lucide-eye w-5 h-5"[31m
    [33mfill[31m=[32m"none"[31m
    [33mheight[31m=[32m"24"[31m
    [33mstroke[31m=[32m"currentColor"[31m
    [33mstroke-linecap[31m=[32m"round"[31m
    [33mstroke-linejoin[31m=[32m"round"[31m
    [33mstroke-width[31m=[32m"2"[31m
    [33mviewBox[31m=[32m"0 0 24 24"[31m
    [33mwidth[31m=[32m"24"[31m
    [33mxmlns[31m=[32m"http://www.w3.org/2000/svg"[31m
  [36m>[31m
    [36m<path[31m
      [33md[31m=[32m"M2.062 12.348a1 1 0 0 1 0-.696 10.75 10.75 0 0 1 19.876 0 1 1 0 0 1 0 .696 10.75 10.75 0 0 1-19.876 0"[31m
    [36m/>[31m
    [36m<circle[31m
      [33mcx[31m=[32m"12"[31m
      [33mcy[31m=[32m"12"[31m
      [33mr[31m=[32m"3"[31m
    [36m/>[31m
  [36m</svg>[31m
[36m</button>[31m

(If this is intentional, then use the `*AllBy*` variant of the query (like `queryAllByText`, `getAllByText`, or `findAllByText`)).

Ignored nodes: comments, script, style
[36m<body>[31m
  [36m<div>[31m
    [36m<div[31m
      [33mclass[31m=[32m"max-w-4xl mx-auto p-10 rounded-[3rem] bg-[#1a1a1a] border border-white/5 shadow-2xl space-y-10"[31m
      [33mstyle[31m=[32m"opacity: 0; transform: scale(0.95);"[31m
    [36m>[31m
      [36m<div[31m
        [33mclass[31m=[32m"flex justify-between items-center mb-4"[31m
      [36m>[31m
        [36m<div[31m
          [33mclass[31m=[32m"flex items-center gap-3"[31m
        [36m>[31m
          [36m<div[31m
            [33mclass[31m=[32m"w-10 h-10 rounded-2xl bg-blue-500/10 border border-blue-500/20 flex items-center justify-center"[31m
          [36m>[31m
            [36m<svg[31m
              [33mclass[31m=[32m"lucide lucide-save w-5 h-5 text-blue-400"[31m
              [33mfill[31m=[32m"none"[31m
              [33mheight[31m=[32m"24"[31m
              [33mstroke[31m=[32m"currentColor"[31m
              [33mstroke-linecap[31m=[32m"round"[31m
              [33mstroke-linejoin[31m=[32m"round"[31m
              [33mstroke-width[31m=[32m"2"[31m
              [33mviewBox[31m=[32m"0 0 24 24"[31m
              [33mwidth[31m=[32m"24"[31m
              [33mxmlns[31m=[32m"http://www.w3.org/2000/svg"[31m
            [36m>[31m
              [36m<path[31m
                [33md[31m=[32m"M15.2 3a2 2 0 0 1 1.4.6l3.8 3.8a2 2 0 0 1 .6 1.4V19a2 2 0 0 1-2 2H5a2 2 0 0 1-2-2V5a2 2 0 0 1 2-2z"[31m
              [36m/>[31m
              [36m<path[31m
                [33md[31m=[32m"M17 21v-7a1 1 0 0 0-1-1H8a1 1 0 0 0-1 1v7"[31m
              [36m/>[31m
              [36m<path[31m
                [33md[31m=[32m"M7 3v4a1 1 0 0 0 1 1h7"[31m
              [36m/>[31m
            [36m</svg>[31m
          [36m</div>[31m
          [36m<h2[31m
            [33mclass[31m=[32m"text-2xl font-black text-white tracking-tight"[31m
          [36m>[31m
            [0mEdit Note[0m
          [36m</h2>[31m
        [36m</div>[31m
        [36m<div[31m
          [33mclass[31m=[32m"flex items-center gap-2"[31m
        [36m>[31m
          [36m<button[31m
            [33mclass[31m=[32m"p-3 rounded-2xl border transition-all bg-white/5 border-white/5 text-gray-500 hover:text-white hover:bg-white/10"[31m
            [33mtitle[31m=[32m"Toggle Preview"[31m
            [33mtype[31m=[32m"button"[31m
          [36m>[31m
            [36m<svg[31m
              [33mclass[31m=[32m"lucide lucide-eye w-5 h-5"[31m
              [33mfill[31m=[32m"none"[31m
              [33mheight[31m=[32m"24"[31m
              [33mstroke[31m=[32m"currentColor"[31m
              [33mstroke-linecap[31m=[32m"round"[31m
              [33mstroke-linejoin[31m=[32m"round"[31m
              [33mstroke-width[31m=[32m"2"[31m
              [33mviewBox[31m=[32m"0 0 24 24"[31m
              [33mwidth[31m=[32m"24"[31m
              [33mxmlns[31m=[32m"http://www.w3.org/2000/svg"[31m
            [36m>[31m
              [36m<path[31m
                [33md[31m=[32m"M2.062 12.348a1 1 0 0 1 0-.696 10.75 10.75 0 0 1 19.876 0 1 1 0 0 1 0 .696 10.75 10.75 0 0 1-19.876 0"[31m
              [36m/>[31m
              [36m<circle[31m
                [33mcx[31m=[32m"12"[31m
                [33mcy[31m=[32m"12"[31m
                [33mr[31m=[32m"3"[31m
              [36m/>[31m
            [36m</svg>[31m
          [36m</button>[31m
          [36m<button[31m
            [33mclass[31m=[32m"p-3 rounded-2xl bg-white/5 border border-white/5 text-gray-500 hover:text-white hover:bg-white/10 transition-all"[31m
          [36m>[31m
            [36m<svg[31m
              [33mclass[31m=[32m"lucide lucide-x w-5 h-5"[31m
              [33mfill[31m=[32m"none"[31m
              [33mheight[31m=[32m"24"[31m
              [33mstroke[31m=[32m"currentColor"[31m
              [33mstroke-linecap[31m=[32m"round"[31m
              [33mstroke-linejoin[31m=[32m"round"[31m
              [33mstroke-width[31m=[32m"2"[31m
              [33mviewBox[31m=[32m"0 0 24 24"[31m
              [33mwidth[31m=[32m"24"[31m
              [33mxmlns[31m=[32m"http://www.w3.org/2000/svg"[31m
            [36m>[31m
              [36m<path[31m
                [33md[31m=[32m"M18 6 6 18"[31m
              [36m/>[31m
              [36m<path[31m
                [33md[31m=[32m"m6 6 12 12"[31m
              [36m/>[31m
            [36m</svg>[31m
          [36m</button>[31m
        [36m</div>[31m
      [36m</div>[31m
      [36m<form[31m
        [33mclass[31m=[32m"space-y-10"[31m
      [36m>[31m
        [36m<div[31m
          [33mclass[31m=[32m"space-y-8"[31m
        [36m>[31m
          [36m<div[31m
            [33mclass[31m=[32m"space-y-3 group"[31m
          [36m>[31m
            [36m<div[31m
              [33mclass[31m=[32m"flex items-center gap-2 px-1"[31m
            [36m>[31m
              [36m<svg[31m
                [33mclass[31m=[32m"lucide lucide-type w-3 h-3 text-gray-600 group-focus-within:text-blue-400 transition-colors"[31m
                [33mfill[31m=[32m"none"[31m
                [33mheight[31m=[32m"24"[31m
                [33mstroke[31m=[32m"currentColor"[31m
                [33mstroke-linecap[31m=[32m"round"[31m
                [33mstroke-linejoin[31m=[32m"round"[31m
                [33mstroke-width[31m=[32m"2"[31m
                [33mviewBox[31m=[32m"0 0 24 24"[31m
                [33mwidth[31m=[32m"24"[31m
                [33mxmlns[31m=[32m"http://www.w3.org/2000/svg"[31m
              [36m>[31m
                [36m<polyline[31m
                  [33mpoints[31m=[32m"4 7 4 4 20 4 20 7"[31m
                [36m/>[31m
                [36m<line[31m
                  [33mx1[31m=[32m"9"[31m
                  [33mx2[31m=[32m"15"[31m
                  [33my1[31m=[32m"20"[31m
                  [33my2[31m=[32m"20"[31m
                [36m/>[31m
                [36m<line[31m
                  [33mx1[31m=[32m"12"[31m
                  [33mx2[31m=[32m"12"[31m
                  [33my1[31m=[32m"4"[31m
                  [33my2[31m=[32m"20"[31m
                [36m/>[31m
              [36m</svg>[31m
              [36m<label[31m
                [33mclass[31m=[32m"text-[10px] font-black text-gray-600 uppercase tracking-[0.2em] group-focus-within:text-gray-400 transition-colors"[31m
              [36m>[31m
                [0mNote Title[0m
              [36m</label>[31m
            [36m</div>[31m
            [36m<input[31m
              [33mclass[31m=[32m"w-full bg-white/[0.03] border border-white/5 rounded-2xl px-6 py-4 text-lg font-bold text-white placeholder:text-gray-700 focus:outline-none focus:bg-white/[0.05] focus:border-white/10 focus:ring-4 focus:ring-blue-500/5 transition-all"[31m
              [33mplaceholder[31m=[32m"Wha...[39m

[31mΓÄ»ΓÄ»ΓÄ»ΓÄ»ΓÄ»ΓÄ»ΓÄ»[1m[7m Failed Tests 1 
[27m[22mΓÄ»ΓÄ»ΓÄ»ΓÄ»ΓÄ»ΓÄ»ΓÄ»[39m

[31m[1m[7m FAIL [27m[22m[39m 
src/shared/components/NoteForm.test.tsx[2m > 
[22mNoteForm[2m > [22mshould toggle to preview mode
[31m[1mTestingLibraryElementError[22m[39m: Found 
multiple elements with the title: Toggle Preview.

Here are the matching elements:

Ignored nodes: comments, script, style
[36m<button[39m
  [33mclass[39m=[32m"p-3 rounded-2xl border 
transition-all bg-white/5 border-white/5 text-gray-500 
hover:text-white hover:bg-white/10"[39m
  [33mtitle[39m=[32m"Toggle Preview"[39m
  [33mtype[39m=[32m"button"[39m
[36m>[39m
  [36m<svg[39m
    [33mclass[39m=[32m"lucide lucide-eye w-5 
h-5"[39m
    [33mfill[39m=[32m"none"[39m
    [33mheight[39m=[32m"24"[39m
    [33mstroke[39m=[32m"currentColor"[39m
    [33mstroke-linecap[39m=[32m"round"[39m
    [33mstroke-linejoin[39m=[32m"round"[39m
    [33mstroke-width[39m=[32m"2"[39m
    [33mviewBox[39m=[32m"0 0 24 24"[39m
    [33mwidth[39m=[32m"24"[39m
    
[33mxmlns[39m=[32m"http://www.w3.org/2000/svg"[39m
  [36m>[39m
    [36m<path[39m
      [33md[39m=[32m"M2.062 12.348a1 1 0 0 1 0-.696 
10.75 10.75 0 0 1 19.876 0 1 1 0 0 1 0 .696 10.75 
10.75 0 0 1-19.876 0"[39m
    [36m/>[39m
    [36m<circle[39m
      [33mcx[39m=[32m"12"[39m
      [33mcy[39m=[32m"12"[39m
      [33mr[39m=[32m"3"[39m
    [36m/>[39m
  [36m</svg>[39m
[36m</button>[39m

Ignored nodes: comments, script, style
[36m<button[39m
  [33mclass[39m=[32m"p-3 rounded-2xl border 
transition-all bg-white/5 border-white/5 text-gray-500 
hover:text-white hover:bg-white/10"[39m
  [33mtitle[39m=[32m"Toggle Preview"[39m
  [33mtype[39m=[32m"button"[39m
[36m>[39m
  [36m<svg[39m
    [33mclass[39m=[32m"lucide lucide-eye w-5 
h-5"[39m
    [33mfill[39m=[32m"none"[39m
    [33mheight[39m=[32m"24"[39m
    [33mstroke[39m=[32m"currentColor"[39m
    [33mstroke-linecap[39m=[32m"round"[39m
    [33mstroke-linejoin[39m=[32m"round"[39m
    [33mstroke-width[39m=[32m"2"[39m
    [33mviewBox[39m=[32m"0 0 24 24"[39m
    [33mwidth[39m=[32m"24"[39m
    
[33mxmlns[39m=[32m"http://www.w3.org/2000/svg"[39m
  [36m>[39m
    [36m<path[39m
      [33md[39m=[32m"M2.062 12.348a1 1 0 0 1 0-.696 
10.75 10.75 0 0 1 19.876 0 1 1 0 0 1 0 .696 10.75 
10.75 0 0 1-19.876 0"[39m
    [36m/>[39m
    [36m<circle[39m
      [33mcx[39m=[32m"12"[39m
      [33mcy[39m=[32m"12"[39m
      [33mr[39m=[32m"3"[39m
    [36m/>[39m
  [36m</svg>[39m
[36m</button>[39m

(If this is intentional, then use the `*AllBy*` 
variant of the query (like `queryAllByText`, 
`getAllByText`, or `findAllByText`)).

Ignored nodes: comments, script, style
[36m<body>[39m
  [36m<div>[39m
    [36m<div[39m
      [33mclass[39m=[32m"max-w-4xl mx-auto p-10 
rounded-[3rem] bg-[#1a1a1a] border border-white/5 
shadow-2xl space-y-10"[39m
      [33mstyle[39m=[32m"opacity: 0; transform: 
scale(0.95);"[39m
    [36m>[39m
      [36m<div[39m
        [33mclass[39m=[32m"flex justify-between 
items-center mb-4"[39m
      [36m>[39m
        [36m<div[39m
          [33mclass[39m=[32m"flex items-center 
gap-3"[39m
        [36m>[39m
          [36m<div[39m
            [33mclass[39m=[32m"w-10 h-10 
rounded-2xl bg-blue-500/10 border border-blue-500/20 
flex items-center justify-center"[39m
          [36m>[39m
            [36m<svg[39m
              [33mclass[39m=[32m"lucide lucide-save 
w-5 h-5 text-blue-400"[39m
              [33mfill[39m=[32m"none"[39m
              [33mheight[39m=[32m"24"[39m
              [33mstroke[39m=[32m"currentColor"[39m
              
[33mstroke-linecap[39m=[32m"round"[39m
              
[33mstroke-linejoin[39m=[32m"round"[39m
              [33mstroke-width[39m=[32m"2"[39m
              [33mviewBox[39m=[32m"0 0 24 24"[39m
              [33mwidth[39m=[32m"24"[39m
              
[33mxmlns[39m=[32m"http://www.w3.org/2000/svg"[39m
            [36m>[39m
              [36m<path[39m
                [33md[39m=[32m"M15.2 3a2 2 0 0 1 
1.4.6l3.8 3.8a2 2 0 0 1 .6 1.4V19a2 2 0 0 1-2 2H5a2 2 
0 0 1-2-2V5a2 2 0 0 1 2-2z"[39m
              [36m/>[39m
              [36m<path[39m
                [33md[39m=[32m"M17 21v-7a1 1 0 0 
0-1-1H8a1 1 0 0 0-1 1v7"[39m
              [36m/>[39m
              [36m<path[39m
                [33md[39m=[32m"M7 3v4a1 1 0 0 0 1 
1h7"[39m
              [36m/>[39m
            [36m</svg>[39m
          [36m</div>[39m
          [36m<h2[39m
            [33mclass[39m=[32m"text-2xl font-black 
text-white tracking-tight"[39m
          [36m>[39m
            [0mEdit Note[0m
          [36m</h2>[39m
        [36m</div>[39m
        [36m<div[39m
          [33mclass[39m=[32m"flex items-center 
gap-2"[39m
        [36m>[39m
          [36m<button[39m
            [33mclass[39m=[32m"p-3 rounded-2xl 
border transition-all bg-white/5 border-white/5 
text-gray-500 hover:text-white hover:bg-white/10"[39m
            [33mtitle[39m=[32m"Toggle Preview"[39m
            [33mtype[39m=[32m"button"[39m
          [36m>[39m
            [36m<svg[39m
              [33mclass[39m=[32m"lucide lucide-eye 
w-5 h-5"[39m
              [33mfill[39m=[32m"none"[39m
              [33mheight[39m=[32m"24"[39m
              [33mstroke[39m=[32m"currentColor"[39m
              
[33mstroke-linecap[39m=[32m"round"[39m
              
[33mstroke-linejoin[39m=[32m"round"[39m
              [33mstroke-width[39m=[32m"2"[39m
              [33mviewBox[39m=[32m"0 0 24 24"[39m
              [33mwidth[39m=[32m"24"[39m
              
[33mxmlns[39m=[32m"http://www.w3.org/2000/svg"[39m
            [36m>[39m
              [36m<path[39m
                [33md[39m=[32m"M2.062 12.348a1 1 0 
0 1 0-.696 10.75 10.75 0 0 1 19.876 0 1 1 0 0 1 0 .696 
10.75 10.75 0 0 1-19.876 0"[39m
              [36m/>[39m
              [36m<circle[39m
                [33mcx[39m=[32m"12"[39m
                [33mcy[39m=[32m"12"[39m
                [33mr[39m=[32m"3"[39m
              [36m/>[39m
            [36m</svg>[39m
          [36m</button>[39m
          [36m<button[39m
            [33mclass[39m=[32m"p-3 rounded-2xl 
bg-white/5 border border-white/5 text-gray-500 
hover:text-white hover:bg-white/10 transition-all"[39m
          [36m>[39m
            [36m<svg[39m
              [33mclass[39m=[32m"lucide lucide-x 
w-5 h-5"[39m
              [33mfill[39m=[32m"none"[39m
              [33mheight[39m=[32m"24"[39m
              [33mstroke[39m=[32m"currentColor"[39m
              
[33mstroke-linecap[39m=[32m"round"[39m
              
[33mstroke-linejoin[39m=[32m"round"[39m
              [33mstroke-width[39m=[32m"2"[39m
              [33mviewBox[39m=[32m"0 0 24 24"[39m
              [33mwidth[39m=[32m"24"[39m
              
[33mxmlns[39m=[32m"http://www.w3.org/2000/svg"[39m
            [36m>[39m
              [36m<path[39m
                [33md[39m=[32m"M18 6 6 18"[39m
              [36m/>[39m
              [36m<path[39m
                [33md[39m=[32m"m6 6 12 12"[39m
              [36m/>[39m
            [36m</svg>[39m
          [36m</button>[39m
        [36m</div>[39m
      [36m</div>[39m
      [36m<form[39m
        [33mclass[39m=[32m"space-y-10"[39m
      [36m>[39m
        [36m<div[39m
          [33mclass[39m=[32m"space-y-8"[39m
        [36m>[39m
          [36m<div[39m
            [33mclass[39m=[32m"space-y-3 group"[39m
          [36m>[39m
            [36m<div[39m
              [33mclass[39m=[32m"flex items-center 
gap-2 px-1"[39m
            [36m>[39m
              [36m<svg[39m
                [33mclass[39m=[32m"lucide 
lucide-type w-3 h-3 text-gray-600 
group-focus-within:text-blue-400 
transition-colors"[39m
                [33mfill[39m=[32m"none"[39m
                [33mheight[39m=[32m"24"[39m
                
[33mstroke[39m=[32m"currentColor"[39m
                
[33mstroke-linecap[39m=[32m"round"[39m
                
[33mstroke-linejoin[39m=[32m"round"[39m
                [33mstroke-width[39m=[32m"2"[39m
                [33mviewBox[39m=[32m"0 0 24 24"[39m
                [33mwidth[39m=[32m"24"[39m
                
[33mxmlns[39m=[32m"http://www.w3.org/2000/svg"[39m
              [36m>[39m
                [36m<polyline[39m
                  [33mpoints[39m=[32m"4 7 4 4 20 4 
20 7"[39m
                [36m/>[39m
                [36m<line[39m
                  [33mx1[39m=[32m"9"[39m
                  [33mx2[39m=[32m"15"[39m
                  [33my1[39m=[32m"20"[39m
                  [33my2[39m=[32m"20"[39m
                [36m/>[39m
                [36m<line[39m
                  [33mx1[39m=[32m"12"[39m
                  [33mx2[39m=[32m"12"[39m
                  [33my1[39m=[32m"4"[39m
                  [33my2[39m=[32m"20"[39m
                [36m/>[39m
              [36m</svg>[39m
              [36m<label[39m
                [33mclass[39m=[32m"text-[10px] 
font-black text-gray-600 uppercase tracking-[0.2em] 
group-focus-within:text-gray-400 
transition-colors"[39m
              [36m>[39m
                [0mNote Title[0m
              [36m</label>[39m
            [36m</div>[39m
            [36m<input[39m
              [33mclass[39m=[32m"w-full 
bg-white/[0.03] border border-white/5 rounded-2xl px-6 
py-4 text-lg font-bold text-white 
placeholder:text-gray-700 focus:outline-none 
focus:bg-white/[0.05] focus:border-white/10 
focus:ring-4 focus:ring-blue-500/5 transition-all"[39m
              [33mplaceholder[39m=[32m"Wha...
[90m [2mΓ¥»[22m Object.getElementError node_modules/
@testing-library/dom/dist/config.js:[2m37:19[22m[39m
[90m [2mΓ¥»[22m getElementError node_modules/@testin
g-library/dom/dist/query-helpers.js:[2m20:35[22m[39m
[90m [2mΓ¥»[22m getMultipleElementsFoundError node_m
odules/@testing-library/dom/dist/query-helpers.js:[2m2
3:10[22m[39m
[90m [2mΓ¥»[22m node_modules/@testing-library/dom/di
st/query-helpers.js:[2m55:13[22m[39m
[90m [2mΓ¥»[22m node_modules/@testing-library/dom/di
st/query-helpers.js:[2m95:19[22m[39m
[36m [2mΓ¥»[22m src/shared/components/NoteForm.test.
tsx:[2m56:38[22m[39m
    [90m 54| [39m
    [90m 55| [39m        [90m// Find and click 
preview button (this will fail initially as [39mΓÇª
    [90m 56| [39m        [35mconst[39m 
previewButton [33m=[39m 
screen[33m.[39m[34mgetByTitle[39m([32m'Toggle 
Preview'[39m)[33m;[39m
    [90m   | [39m                                    
 [31m^[39m
    [90m 57| [39m        fireEvent[33m.[39m[34mcli
ck[39m(previewButton)[33m;[39m
    [90m 58| [39m

[31m[2mΓÄ»ΓÄ»ΓÄ»ΓÄ»ΓÄ»ΓÄ»ΓÄ»ΓÄ»ΓÄ»ΓÄ»ΓÄ»ΓÄ»ΓÄ»ΓÄ»ΓÄ»Γ
Ä»ΓÄ»ΓÄ»ΓÄ»ΓÄ»ΓÄ»ΓÄ»ΓÄ»ΓÄ»[1/1]ΓÄ»[22m[39m

[2m Test Files [22m [1m[31m1 failed[39m[22m[90m (1)[39m
[2m      Tests [22m [1m[31m1 failed[39m[22m[2m | [22m[1m[32m1 passed[39m[22m[90m (2)[39m
[2m   Start at [22m 00:52:08
[2m   Duration [22m 1.35s

[1m[7m[31m FAIL [39m[27m[22m [31mTests failed. Watching for file changes...[39m
       [2mpress [22m[1mh[22m[2m to show help[22m[2m, [22m[2mpress [22m[1mq[22m[2m to quit[22m
c[3J[1m[7m[34m RERUN [39m[27m[22m [34m[2msrc/shared/components/NoteForm.tsx [22m[34mx3 [34m[39m

 [31mΓ¥»[39m src/shared/components/NoteForm.test.tsx [2m([22m[2m2 tests[22m[2m | [22m[31m1 failed[39m[2m)[22m[90m 128[2mms[22m[39m
[31m   [31m├ù[31m NoteForm[2m > [22mshould toggle to preview mode[90m 46[2mms[22m[31m[39m
[31m     ΓåÆ Found multiple elements with the title: Toggle Preview.

Here are the matching elements:

Ignored nodes: comments, script, style
[36m<button[31m
  [33mclass[31m=[32m"p-3 rounded-2xl border transition-all bg-white/5 border-white/5 text-gray-500 hover:text-white hover:bg-white/10"[31m
  [33mdata-testid[31m=[32m"toggle-preview"[31m
  [33mtitle[31m=[32m"Toggle Preview"[31m
  [33mtype[31m=[32m"button"[31m
[36m>[31m
  [36m<svg[31m
    [33mclass[31m=[32m"lucide lucide-eye w-5 h-5"[31m
    [33mfill[31m=[32m"none"[31m
    [33mheight[31m=[32m"24"[31m
    [33mstroke[31m=[32m"currentColor"[31m
    [33mstroke-linecap[31m=[32m"round"[31m
    [33mstroke-linejoin[31m=[32m"round"[31m
    [33mstroke-width[31m=[32m"2"[31m
    [33mviewBox[31m=[32m"0 0 24 24"[31m
    [33mwidth[31m=[32m"24"[31m
    [33mxmlns[31m=[32m"http://www.w3.org/2000/svg"[31m
  [36m>[31m
    [36m<path[31m
      [33md[31m=[32m"M2.062 12.348a1 1 0 0 1 0-.696 10.75 10.75 0 0 1 19.876 0 1 1 0 0 1 0 .696 10.75 10.75 0 0 1-19.876 0"[31m
    [36m/>[31m
    [36m<circle[31m
      [33mcx[31m=[32m"12"[31m
      [33mcy[31m=[32m"12"[31m
      [33mr[31m=[32m"3"[31m
    [36m/>[31m
  [36m</svg>[31m
[36m</button>[31m

Ignored nodes: comments, script, style
[36m<button[31m
  [33mclass[31m=[32m"p-3 rounded-2xl border transition-all bg-white/5 border-white/5 text-gray-500 hover:text-white hover:bg-white/10"[31m
  [33mdata-testid[31m=[32m"toggle-preview"[31m
  [33mtitle[31m=[32m"Toggle Preview"[31m
  [33mtype[31m=[32m"button"[31m
[36m>[31m
  [36m<svg[31m
    [33mclass[31m=[32m"lucide lucide-eye w-5 h-5"[31m
    [33mfill[31m=[32m"none"[31m
    [33mheight[31m=[32m"24"[31m
    [33mstroke[31m=[32m"currentColor"[31m
    [33mstroke-linecap[31m=[32m"round"[31m
    [33mstroke-linejoin[31m=[32m"round"[31m
    [33mstroke-width[31m=[32m"2"[31m
    [33mviewBox[31m=[32m"0 0 24 24"[31m
    [33mwidth[31m=[32m"24"[31m
    [33mxmlns[31m=[32m"http://www.w3.org/2000/svg"[31m
  [36m>[31m
    [36m<path[31m
      [33md[31m=[32m"M2.062 12.348a1 1 0 0 1 0-.696 10.75 10.75 0 0 1 19.876 0 1 1 0 0 1 0 .696 10.75 10.75 0 0 1-19.876 0"[31m
    [36m/>[31m
    [36m<circle[31m
      [33mcx[31m=[32m"12"[31m
      [33mcy[31m=[32m"12"[31m
      [33mr[31m=[32m"3"[31m
    [36m/>[31m
  [36m</svg>[31m
[36m</button>[31m

(If this is intentional, then use the `*AllBy*` variant of the query (like `queryAllByText`, `getAllByText`, or `findAllByText`)).

Ignored nodes: comments, script, style
[36m<body>[31m
  [36m<div>[31m
    [36m<div[31m
      [33mclass[31m=[32m"max-w-4xl mx-auto p-10 rounded-[3rem] bg-[#1a1a1a] border border-white/5 shadow-2xl space-y-10"[31m
      [33mstyle[31m=[32m"opacity: 0; transform: scale(0.95);"[31m
    [36m>[31m
      [36m<div[31m
        [33mclass[31m=[32m"flex justify-between items-center mb-4"[31m
      [36m>[31m
        [36m<div[31m
          [33mclass[31m=[32m"flex items-center gap-3"[31m
        [36m>[31m
          [36m<div[31m
            [33mclass[31m=[32m"w-10 h-10 rounded-2xl bg-blue-500/10 border border-blue-500/20 flex items-center justify-center"[31m
          [36m>[31m
            [36m<svg[31m
              [33mclass[31m=[32m"lucide lucide-save w-5 h-5 text-blue-400"[31m
              [33mfill[31m=[32m"none"[31m
              [33mheight[31m=[32m"24"[31m
              [33mstroke[31m=[32m"currentColor"[31m
              [33mstroke-linecap[31m=[32m"round"[31m
              [33mstroke-linejoin[31m=[32m"round"[31m
              [33mstroke-width[31m=[32m"2"[31m
              [33mviewBox[31m=[32m"0 0 24 24"[31m
              [33mwidth[31m=[32m"24"[31m
              [33mxmlns[31m=[32m"http://www.w3.org/2000/svg"[31m
            [36m>[31m
              [36m<path[31m
                [33md[31m=[32m"M15.2 3a2 2 0 0 1 1.4.6l3.8 3.8a2 2 0 0 1 .6 1.4V19a2 2 0 0 1-2 2H5a2 2 0 0 1-2-2V5a2 2 0 0 1 2-2z"[31m
              [36m/>[31m
              [36m<path[31m
                [33md[31m=[32m"M17 21v-7a1 1 0 0 0-1-1H8a1 1 0 0 0-1 1v7"[31m
              [36m/>[31m
              [36m<path[31m
                [33md[31m=[32m"M7 3v4a1 1 0 0 0 1 1h7"[31m
              [36m/>[31m
            [36m</svg>[31m
          [36m</div>[31m
          [36m<h2[31m
            [33mclass[31m=[32m"text-2xl font-black text-white tracking-tight"[31m
          [36m>[31m
            [0mEdit Note[0m
          [36m</h2>[31m
        [36m</div>[31m
        [36m<div[31m
          [33mclass[31m=[32m"flex items-center gap-2"[31m
        [36m>[31m
          [36m<button[31m
            [33mclass[31m=[32m"p-3 rounded-2xl border transition-all bg-white/5 border-white/5 text-gray-500 hover:text-white hover:bg-white/10"[31m
            [33mdata-testid[31m=[32m"toggle-preview"[31m
            [33mtitle[31m=[32m"Toggle Preview"[31m
            [33mtype[31m=[32m"button"[31m
          [36m>[31m
            [36m<svg[31m
              [33mclass[31m=[32m"lucide lucide-eye w-5 h-5"[31m
              [33mfill[31m=[32m"none"[31m
              [33mheight[31m=[32m"24"[31m
              [33mstroke[31m=[32m"currentColor"[31m
              [33mstroke-linecap[31m=[32m"round"[31m
              [33mstroke-linejoin[31m=[32m"round"[31m
              [33mstroke-width[31m=[32m"2"[31m
              [33mviewBox[31m=[32m"0 0 24 24"[31m
              [33mwidth[31m=[32m"24"[31m
              [33mxmlns[31m=[32m"http://www.w3.org/2000/svg"[31m
            [36m>[31m
              [36m<path[31m
                [33md[31m=[32m"M2.062 12.348a1 1 0 0 1 0-.696 10.75 10.75 0 0 1 19.876 0 1 1 0 0 1 0 .696 10.75 10.75 0 0 1-19.876 0"[31m
              [36m/>[31m
              [36m<circle[31m
                [33mcx[31m=[32m"12"[31m
                [33mcy[31m=[32m"12"[31m
                [33mr[31m=[32m"3"[31m
              [36m/>[31m
            [36m</svg>[31m
          [36m</button>[31m
          [36m<button[31m
            [33mclass[31m=[32m"p-3 rounded-2xl bg-white/5 border border-white/5 text-gray-500 hover:text-white hover:bg-white/10 transition-all"[31m
          [36m>[31m
            [36m<svg[31m
              [33mclass[31m=[32m"lucide lucide-x w-5 h-5"[31m
              [33mfill[31m=[32m"none"[31m
              [33mheight[31m=[32m"24"[31m
              [33mstroke[31m=[32m"currentColor"[31m
              [33mstroke-linecap[31m=[32m"round"[31m
              [33mstroke-linejoin[31m=[32m"round"[31m
              [33mstroke-width[31m=[32m"2"[31m
              [33mviewBox[31m=[32m"0 0 24 24"[31m
              [33mwidth[31m=[32m"24"[31m
              [33mxmlns[31m=[32m"http://www.w3.org/2000/svg"[31m
            [36m>[31m
              [36m<path[31m
                [33md[31m=[32m"M18 6 6 18"[31m
              [36m/>[31m
              [36m<path[31m
                [33md[31m=[32m"m6 6 12 12"[31m
              [36m/>[31m
            [36m</svg>[31m
          [36m</button>[31m
        [36m</div>[31m
      [36m</div>[31m
      [36m<form[31m
        [33mclass[31m=[32m"space-y-10"[31m
      [36m>[31m
        [36m<div[31m
          [33mclass[31m=[32m"space-y-8"[31m
        [36m>[31m
          [36m<div[31m
            [33mclass[31m=[32m"space-y-3 group"[31m
          [36m>[31m
            [36m<div[31m
              [33mclass[31m=[32m"flex items-center gap-2 px-1"[31m
            [36m>[31m
              [36m<svg[31m
                [33mclass[31m=[32m"lucide lucide-type w-3 h-3 text-gray-600 group-focus-within:text-blue-400 transition-colors"[31m
                [33mfill[31m=[32m"none"[31m
                [33mheight[31m=[32m"24"[31m
                [33mstroke[31m=[32m"currentColor"[31m
                [33mstroke-linecap[31m=[32m"round"[31m
                [33mstroke-linejoin[31m=[32m"round"[31m
                [33mstroke-width[31m=[32m"2"[31m
                [33mviewBox[31m=[32m"0 0 24 24"[31m
                [33mwidth[31m=[32m"24"[31m
                [33mxmlns[31m=[32m"http://www.w3.org/2000/svg"[31m
              [36m>[31m
                [36m<polyline[31m
                  [33mpoints[31m=[32m"4 7 4 4 20 4 20 7"[31m
                [36m/>[31m
                [36m<line[31m
                  [33mx1[31m=[32m"9"[31m
                  [33mx2[31m=[32m"15"[31m
                  [33my1[31m=[32m"20"[31m
                  [33my2[31m=[32m"20"[31m
                [36m/>[31m
                [36m<line[31m
                  [33mx1[31m=[32m"12"[31m
                  [33mx2[31m=[32m"12"[31m
                  [33my1[31m=[32m"4"[31m
                  [33my2[31m=[32m"20"[31m
                [36m/>[31m
              [36m</svg>[31m
              [36m<label[31m
                [33mclass[31m=[32m"text-[10px] font-black text-gray-600 uppercase tracking-[0.2em] group-focus-within:text-gray-400 transition-colors"[31m
              [36m>[31m
                [0mNote Title[0m
              [36m</label>[31m
            [36m</div>[31m
            [36m<input[31m
              [33mclass[31m=[32m"w-full bg-white/[0.03] border border-white/5 rounded-2xl px-6 py-4 text-lg font-bold text-white placeholder:text-gray-700 focus:outline-none focus:bg-white/[0.05] focus:border-white/10 focus:ring-4 focus:ring-blue-500/5 trans...[39m

[31mΓÄ»ΓÄ»ΓÄ»ΓÄ»ΓÄ»ΓÄ»ΓÄ»[1m[7m Failed Tests 1 
[27m[22mΓÄ»ΓÄ»ΓÄ»ΓÄ»ΓÄ»ΓÄ»ΓÄ»[39m

[31m[1m[7m FAIL [27m[22m[39m 
src/shared/components/NoteForm.test.tsx[2m > 
[22mNoteForm[2m > [22mshould toggle to preview mode
[31m[1mTestingLibraryElementError[22m[39m: Found 
multiple elements with the title: Toggle Preview.

Here are the matching elements:

Ignored nodes: comments, script, style
[36m<button[39m
  [33mclass[39m=[32m"p-3 rounded-2xl border 
transition-all bg-white/5 border-white/5 text-gray-500 
hover:text-white hover:bg-white/10"[39m
  [33mdata-testid[39m=[32m"toggle-preview"[39m
  [33mtitle[39m=[32m"Toggle Preview"[39m
  [33mtype[39m=[32m"button"[39m
[36m>[39m
  [36m<svg[39m
    [33mclass[39m=[32m"lucide lucide-eye w-5 
h-5"[39m
    [33mfill[39m=[32m"none"[39m
    [33mheight[39m=[32m"24"[39m
    [33mstroke[39m=[32m"currentColor"[39m
    [33mstroke-linecap[39m=[32m"round"[39m
    [33mstroke-linejoin[39m=[32m"round"[39m
    [33mstroke-width[39m=[32m"2"[39m
    [33mviewBox[39m=[32m"0 0 24 24"[39m
    [33mwidth[39m=[32m"24"[39m
    
[33mxmlns[39m=[32m"http://www.w3.org/2000/svg"[39m
  [36m>[39m
    [36m<path[39m
      [33md[39m=[32m"M2.062 12.348a1 1 0 0 1 0-.696 
10.75 10.75 0 0 1 19.876 0 1 1 0 0 1 0 .696 10.75 
10.75 0 0 1-19.876 0"[39m
    [36m/>[39m
    [36m<circle[39m
      [33mcx[39m=[32m"12"[39m
      [33mcy[39m=[32m"12"[39m
      [33mr[39m=[32m"3"[39m
    [36m/>[39m
  [36m</svg>[39m
[36m</button>[39m

Ignored nodes: comments, script, style
[36m<button[39m
  [33mclass[39m=[32m"p-3 rounded-2xl border 
transition-all bg-white/5 border-white/5 text-gray-500 
hover:text-white hover:bg-white/10"[39m
  [33mdata-testid[39m=[32m"toggle-preview"[39m
  [33mtitle[39m=[32m"Toggle Preview"[39m
  [33mtype[39m=[32m"button"[39m
[36m>[39m
  [36m<svg[39m
    [33mclass[39m=[32m"lucide lucide-eye w-5 
h-5"[39m
    [33mfill[39m=[32m"none"[39m
    [33mheight[39m=[32m"24"[39m
    [33mstroke[39m=[32m"currentColor"[39m
    [33mstroke-linecap[39m=[32m"round"[39m
    [33mstroke-linejoin[39m=[32m"round"[39m
    [33mstroke-width[39m=[32m"2"[39m
    [33mviewBox[39m=[32m"0 0 24 24"[39m
    [33mwidth[39m=[32m"24"[39m
    
[33mxmlns[39m=[32m"http://www.w3.org/2000/svg"[39m
  [36m>[39m
    [36m<path[39m
      [33md[39m=[32m"M2.062 12.348a1 1 0 0 1 0-.696 
10.75 10.75 0 0 1 19.876 0 1 1 0 0 1 0 .696 10.75 
10.75 0 0 1-19.876 0"[39m
    [36m/>[39m
    [36m<circle[39m
      [33mcx[39m=[32m"12"[39m
      [33mcy[39m=[32m"12"[39m
      [33mr[39m=[32m"3"[39m
    [36m/>[39m
  [36m</svg>[39m
[36m</button>[39m

(If this is intentional, then use the `*AllBy*` 
variant of the query (like `queryAllByText`, 
`getAllByText`, or `findAllByText`)).

Ignored nodes: comments, script, style
[36m<body>[39m
  [36m<div>[39m
    [36m<div[39m
      [33mclass[39m=[32m"max-w-4xl mx-auto p-10 
rounded-[3rem] bg-[#1a1a1a] border border-white/5 
shadow-2xl space-y-10"[39m
      [33mstyle[39m=[32m"opacity: 0; transform: 
scale(0.95);"[39m
    [36m>[39m
      [36m<div[39m
        [33mclass[39m=[32m"flex justify-between 
items-center mb-4"[39m
      [36m>[39m
        [36m<div[39m
          [33mclass[39m=[32m"flex items-center 
gap-3"[39m
        [36m>[39m
          [36m<div[39m
            [33mclass[39m=[32m"w-10 h-10 
rounded-2xl bg-blue-500/10 border border-blue-500/20 
flex items-center justify-center"[39m
          [36m>[39m
            [36m<svg[39m
              [33mclass[39m=[32m"lucide lucide-save 
w-5 h-5 text-blue-400"[39m
              [33mfill[39m=[32m"none"[39m
              [33mheight[39m=[32m"24"[39m
              [33mstroke[39m=[32m"currentColor"[39m
              
[33mstroke-linecap[39m=[32m"round"[39m
              
[33mstroke-linejoin[39m=[32m"round"[39m
              [33mstroke-width[39m=[32m"2"[39m
              [33mviewBox[39m=[32m"0 0 24 24"[39m
              [33mwidth[39m=[32m"24"[39m
              
[33mxmlns[39m=[32m"http://www.w3.org/2000/svg"[39m
            [36m>[39m
              [36m<path[39m
                [33md[39m=[32m"M15.2 3a2 2 0 0 1 
1.4.6l3.8 3.8a2 2 0 0 1 .6 1.4V19a2 2 0 0 1-2 2H5a2 2 
0 0 1-2-2V5a2 2 0 0 1 2-2z"[39m
              [36m/>[39m
              [36m<path[39m
                [33md[39m=[32m"M17 21v-7a1 1 0 0 
0-1-1H8a1 1 0 0 0-1 1v7"[39m
              [36m/>[39m
              [36m<path[39m
                [33md[39m=[32m"M7 3v4a1 1 0 0 0 1 
1h7"[39m
              [36m/>[39m
            [36m</svg>[39m
          [36m</div>[39m
          [36m<h2[39m
            [33mclass[39m=[32m"text-2xl font-black 
text-white tracking-tight"[39m
          [36m>[39m
            [0mEdit Note[0m
          [36m</h2>[39m
        [36m</div>[39m
        [36m<div[39m
          [33mclass[39m=[32m"flex items-center 
gap-2"[39m
        [36m>[39m
          [36m<button[39m
            [33mclass[39m=[32m"p-3 rounded-2xl 
border transition-all bg-white/5 border-white/5 
text-gray-500 hover:text-white hover:bg-white/10"[39m
            
[33mdata-testid[39m=[32m"toggle-preview"[39m
            [33mtitle[39m=[32m"Toggle Preview"[39m
            [33mtype[39m=[32m"button"[39m
          [36m>[39m
            [36m<svg[39m
              [33mclass[39m=[32m"lucide lucide-eye 
w-5 h-5"[39m
              [33mfill[39m=[32m"none"[39m
              [33mheight[39m=[32m"24"[39m
              [33mstroke[39m=[32m"currentColor"[39m
              
[33mstroke-linecap[39m=[32m"round"[39m
              
[33mstroke-linejoin[39m=[32m"round"[39m
              [33mstroke-width[39m=[32m"2"[39m
              [33mviewBox[39m=[32m"0 0 24 24"[39m
              [33mwidth[39m=[32m"24"[39m
              
[33mxmlns[39m=[32m"http://www.w3.org/2000/svg"[39m
            [36m>[39m
              [36m<path[39m
                [33md[39m=[32m"M2.062 12.348a1 1 0 
0 1 0-.696 10.75 10.75 0 0 1 19.876 0 1 1 0 0 1 0 .696 
10.75 10.75 0 0 1-19.876 0"[39m
              [36m/>[39m
              [36m<circle[39m
                [33mcx[39m=[32m"12"[39m
                [33mcy[39m=[32m"12"[39m
                [33mr[39m=[32m"3"[39m
              [36m/>[39m
            [36m</svg>[39m
          [36m</button>[39m
          [36m<button[39m
            [33mclass[39m=[32m"p-3 rounded-2xl 
bg-white/5 border border-white/5 text-gray-500 
hover:text-white hover:bg-white/10 transition-all"[39m
          [36m>[39m
            [36m<svg[39m
              [33mclass[39m=[32m"lucide lucide-x 
w-5 h-5"[39m
              [33mfill[39m=[32m"none"[39m
              [33mheight[39m=[32m"24"[39m
              [33mstroke[39m=[32m"currentColor"[39m
              
[33mstroke-linecap[39m=[32m"round"[39m
              
[33mstroke-linejoin[39m=[32m"round"[39m
              [33mstroke-width[39m=[32m"2"[39m
              [33mviewBox[39m=[32m"0 0 24 24"[39m
              [33mwidth[39m=[32m"24"[39m
              
[33mxmlns[39m=[32m"http://www.w3.org/2000/svg"[39m
            [36m>[39m
              [36m<path[39m
                [33md[39m=[32m"M18 6 6 18"[39m
              [36m/>[39m
              [36m<path[39m
                [33md[39m=[32m"m6 6 12 12"[39m
              [36m/>[39m
            [36m</svg>[39m
          [36m</button>[39m
        [36m</div>[39m
      [36m</div>[39m
      [36m<form[39m
        [33mclass[39m=[32m"space-y-10"[39m
      [36m>[39m
        [36m<div[39m
          [33mclass[39m=[32m"space-y-8"[39m
        [36m>[39m
          [36m<div[39m
[2m Test Files [22m [1m[31m1 failed[39m[22m[90m (1)[39m
[2m      Tests [22m [1m[31m1 failed[39m[22m[2m | [22m[1m[32m1 passed[39m[22m[90m (2)[39m
[2m   Start at [22m 00:52:58
[2m   Duration [22m 1.34s

[1m[7m[31m FAIL [39m[27m[22m [31mTests failed. Watching for file changes...[39m
       [2mpress [22m[1mh[22m[2m to show help[22m[2m, [22m[2mpress [22m[1mq[22m[2m to quit[22m
            [33mclass[39m=[32m"space-y-3 group"[39m
          [36m>[39m
            [36m<div[39m
              [33mclass[39m=[32m"flex items-center 
gap-2 px-1"[39m
            [36m>[39m
              [36m<svg[39m
                [33mclass[39m=[32m"lucide 
lucide-type w-3 h-3 text-gray-600 
group-focus-within:text-blue-400 
transition-colors"[39m
                [33mfill[39m=[32m"none"[39m
                [33mheight[39m=[32m"24"[39m
                
[33mstroke[39m=[32m"currentColor"[39m
                
[33mstroke-linecap[39m=[32m"round"[39m
                
[33mstroke-linejoin[39m=[32m"round"[39m
                [33mstroke-width[39m=[32m"2"[39m
                [33mviewBox[39m=[32m"0 0 24 24"[39m
                [33mwidth[39m=[32m"24"[39m
                
[33mxmlns[39m=[32m"http://www.w3.org/2000/svg"[39m
              [36m>[39m
                [36m<polyline[39m
                  [33mpoints[39m=[32m"4 7 4 4 20 4 
20 7"[39m
                [36m/>[39m
                [36m<line[39m
                  [33mx1[39m=[32m"9"[39m
                  [33mx2[39m=[32m"15"[39m
                  [33my1[39m=[32m"20"[39m
                  [33my2[39m=[32m"20"[39m
                [36m/>[39m
                [36m<line[39m
                  [33mx1[39m=[32m"12"[39m
                  [33mx2[39m=[32m"12"[39m
                  [33my1[39m=[32m"4"[39m
                  [33my2[39m=[32m"20"[39m
                [36m/>[39m
              [36m</svg>[39m
              [36m<label[39m
                [33mclass[39m=[32m"text-[10px] 
font-black text-gray-600 uppercase tracking-[0.2em] 
group-focus-within:text-gray-400 
transition-colors"[39m
              [36m>[39m
                [0mNote Title[0m
              [36m</label>[39m
            [36m</div>[39m
            [36m<input[39m
              [33mclass[39m=[32m"w-full 
bg-white/[0.03] border border-white/5 rounded-2xl px-6 
py-4 text-lg font-bold text-white 
placeholder:text-gray-700 focus:outline-none 
focus:bg-white/[0.05] focus:border-white/10 
focus:ring-4 focus:ring-blue-500/5 trans...
[90m [2mΓ¥»[22m Object.getElementError node_modules/
@testing-library/dom/dist/config.js:[2m37:19[22m[39m
[90m [2mΓ¥»[22m getElementError node_modules/@testin
g-library/dom/dist/query-helpers.js:[2m20:35[22m[39m
[90m [2mΓ¥»[22m getMultipleElementsFoundError node_m
odules/@testing-library/dom/dist/query-helpers.js:[2m2
3:10[22m[39m
[90m [2mΓ¥»[22m node_modules/@testing-library/dom/di
st/query-helpers.js:[2m55:13[22m[39m
[90m [2mΓ¥»[22m node_modules/@testing-library/dom/di
st/query-helpers.js:[2m95:19[22m[39m
[36m [2mΓ¥»[22m src/shared/components/NoteForm.test.
tsx:[2m56:38[22m[39m
    [90m 54| [39m
    [90m 55| [39m        [90m// Find and click 
preview button (this will fail initially as [39mΓÇª
    [90m 56| [39m        [35mconst[39m 
previewButton [33m=[39m screen[33m.[39m[34mgetByTe
stId[39m([32m'toggle-preview'[39m)[33m;[39m
    [90m   | [39m                                    
 [31m^[39m
    [90m 57| [39m        fireEvent[33m.[39m[34mcli
ck[39m(previewButton)[33m;[39m
    [90m 58| [39m

[31m[2mΓÄ»ΓÄ»ΓÄ»ΓÄ»ΓÄ»ΓÄ»ΓÄ»ΓÄ»ΓÄ»ΓÄ»ΓÄ»ΓÄ»ΓÄ»ΓÄ»ΓÄ»Γ
Ä»ΓÄ»ΓÄ»ΓÄ»ΓÄ»ΓÄ»ΓÄ»ΓÄ»ΓÄ»[1/1]ΓÄ»[22m[39m

c[3J[1m[7m[34m RERUN [39m[27m[22m [34m[2msrc/shared/components/NoteForm.test.tsx [22m[34mx4 [34m[39m

 [31mΓ¥»[39m src/shared/components/NoteForm.test.tsx [2m([22m[2m2 tests[22m[2m | [22m[31m1 failed[39m[2m)[22m[90m 128[2mms[22m[39m
[31m   [31m├ù[31m NoteForm[2m > [22mshould toggle to preview mode[90m 40[2mms[22m[31m[39m
[31m     ΓåÆ Found multiple elements by: [data-testid="toggle-preview"]

Here are the matching elements:

Ignored nodes: comments, script, style
[36m<button[31m
  [33mclass[31m=[32m"p-3 rounded-2xl border transition-all bg-white/5 border-white/5 text-gray-500 hover:text-white hover:bg-white/10"[31m
  [33mdata-testid[31m=[32m"toggle-preview"[31m
  [33mtitle[31m=[32m"Toggle Preview"[31m
  [33mtype[31m=[32m"button"[31m
[36m>[31m
  [36m<svg[31m
    [33mclass[31m=[32m"lucide lucide-eye w-5 h-5"[31m
    [33mfill[31m=[32m"none"[31m
    [33mheight[31m=[32m"24"[31m
    [33mstroke[31m=[32m"currentColor"[31m
    [33mstroke-linecap[31m=[32m"round"[31m
    [33mstroke-linejoin[31m=[32m"round"[31m
    [33mstroke-width[31m=[32m"2"[31m
    [33mviewBox[31m=[32m"0 0 24 24"[31m
    [33mwidth[31m=[32m"24"[31m
    [33mxmlns[31m=[32m"http://www.w3.org/2000/svg"[31m
  [36m>[31m
    [36m<path[31m
      [33md[31m=[32m"M2.062 12.348a1 1 0 0 1 0-.696 10.75 10.75 0 0 1 19.876 0 1 1 0 0 1 0 .696 10.75 10.75 0 0 1-19.876 0"[31m
    [36m/>[31m
    [36m<circle[31m
      [33mcx[31m=[32m"12"[31m
      [33mcy[31m=[32m"12"[31m
      [33mr[31m=[32m"3"[31m
    [36m/>[31m
  [36m</svg>[31m
[36m</button>[31m

Ignored nodes: comments, script, style
[36m<button[31m
  [33mclass[31m=[32m"p-3 rounded-2xl border transition-all bg-white/5 border-white/5 text-gray-500 hover:text-white hover:bg-white/10"[31m
  [33mdata-testid[31m=[32m"toggle-preview"[31m
  [33mtitle[31m=[32m"Toggle Preview"[31m
  [33mtype[31m=[32m"button"[31m
[36m>[31m
  [36m<svg[31m
    [33mclass[31m=[32m"lucide lucide-eye w-5 h-5"[31m
    [33mfill[31m=[32m"none"[31m
    [33mheight[31m=[32m"24"[31m
    [33mstroke[31m=[32m"currentColor"[31m
    [33mstroke-linecap[31m=[32m"round"[31m
    [33mstroke-linejoin[31m=[32m"round"[31m
    [33mstroke-width[31m=[32m"2"[31m
    [33mviewBox[31m=[32m"0 0 24 24"[31m
    [33mwidth[31m=[32m"24"[31m
    [33mxmlns[31m=[32m"http://www.w3.org/2000/svg"[31m
  [36m>[31m
    [36m<path[31m
      [33md[31m=[32m"M2.062 12.348a1 1 0 0 1 0-.696 10.75 10.75 0 0 1 19.876 0 1 1 0 0 1 0 .696 10.75 10.75 0 0 1-19.876 0"[31m
    [36m/>[31m
    [36m<circle[31m
      [33mcx[31m=[32m"12"[31m
      [33mcy[31m=[32m"12"[31m
      [33mr[31m=[32m"3"[31m
    [36m/>[31m
  [36m</svg>[31m
[36m</button>[31m

(If this is intentional, then use the `*AllBy*` variant of the query (like `queryAllByText`, `getAllByText`, or `findAllByText`)).

Ignored nodes: comments, script, style
[36m<body>[31m
  [36m<div>[31m
    [36m<div[31m
      [33mclass[31m=[32m"max-w-4xl mx-auto p-10 rounded-[3rem] bg-[#1a1a1a] border border-white/5 shadow-2xl space-y-10"[31m
      [33mstyle[31m=[32m"opacity: 0; transform: scale(0.95);"[31m
    [36m>[31m
      [36m<div[31m
        [33mclass[31m=[32m"flex justify-between items-center mb-4"[31m
      [36m>[31m
        [36m<div[31m
          [33mclass[31m=[32m"flex items-center gap-3"[31m
        [36m>[31m
          [36m<div[31m
            [33mclass[31m=[32m"w-10 h-10 rounded-2xl bg-blue-500/10 border border-blue-500/20 flex items-center justify-center"[31m
          [36m>[31m
            [36m<svg[31m
              [33mclass[31m=[32m"lucide lucide-save w-5 h-5 text-blue-400"[31m
              [33mfill[31m=[32m"none"[31m
              [33mheight[31m=[32m"24"[31m
              [33mstroke[31m=[32m"currentColor"[31m
              [33mstroke-linecap[31m=[32m"round"[31m
              [33mstroke-linejoin[31m=[32m"round"[31m
              [33mstroke-width[31m=[32m"2"[31m
              [33mviewBox[31m=[32m"0 0 24 24"[31m
              [33mwidth[31m=[32m"24"[31m
              [33mxmlns[31m=[32m"http://www.w3.org/2000/svg"[31m
            [36m>[31m
              [36m<path[31m
                [33md[31m=[32m"M15.2 3a2 2 0 0 1 1.4.6l3.8 3.8a2 2 0 0 1 .6 1.4V19a2 2 0 0 1-2 2H5a2 2 0 0 1-2-2V5a2 2 0 0 1 2-2z"[31m
              [36m/>[31m
              [36m<path[31m
                [33md[31m=[32m"M17 21v-7a1 1 0 0 0-1-1H8a1 1 0 0 0-1 1v7"[31m
              [36m/>[31m
              [36m<path[31m
                [33md[31m=[32m"M7 3v4a1 1 0 0 0 1 1h7"[31m
              [36m/>[31m
            [36m</svg>[31m
          [36m</div>[31m
          [36m<h2[31m
            [33mclass[31m=[32m"text-2xl font-black text-white tracking-tight"[31m
          [36m>[31m
            [0mEdit Note[0m
          [36m</h2>[31m
        [36m</div>[31m
        [36m<div[31m
          [33mclass[31m=[32m"flex items-center gap-2"[31m
        [36m>[31m
          [36m<button[31m
            [33mclass[31m=[32m"p-3 rounded-2xl border transition-all bg-white/5 border-white/5 text-gray-500 hover:text-white hover:bg-white/10"[31m
            [33mdata-testid[31m=[32m"toggle-preview"[31m
            [33mtitle[31m=[32m"Toggle Preview"[31m
            [33mtype[31m=[32m"button"[31m
          [36m>[31m
            [36m<svg[31m
              [33mclass[31m=[32m"lucide lucide-eye w-5 h-5"[31m
              [33mfill[31m=[32m"none"[31m
              [33mheight[31m=[32m"24"[31m
              [33mstroke[31m=[32m"currentColor"[31m
              [33mstroke-linecap[31m=[32m"round"[31m
              [33mstroke-linejoin[31m=[32m"round"[31m
              [33mstroke-width[31m=[32m"2"[31m
              [33mviewBox[31m=[32m"0 0 24 24"[31m
              [33mwidth[31m=[32m"24"[31m
              [33mxmlns[31m=[32m"http://www.w3.org/2000/svg"[31m
            [36m>[31m
              [36m<path[31m
                [33md[31m=[32m"M2.062 12.348a1 1 0 0 1 0-.696 10.75 10.75 0 0 1 19.876 0 1 1 0 0 1 0 .696 10.75 10.75 0 0 1-19.876 0"[31m
              [36m/>[31m
              [36m<circle[31m
                [33mcx[31m=[32m"12"[31m
                [33mcy[31m=[32m"12"[31m
                [33mr[31m=[32m"3"[31m
              [36m/>[31m
            [36m</svg>[31m
          [36m</button>[31m
          [36m<button[31m
            [33mclass[31m=[32m"p-3 rounded-2xl bg-white/5 border border-white/5 text-gray-500 hover:text-white hover:bg-white/10 transition-all"[31m
          [36m>[31m
            [36m<svg[31m
              [33mclass[31m=[32m"lucide lucide-x w-5 h-5"[31m
              [33mfill[31m=[32m"none"[31m
              [33mheight[31m=[32m"24"[31m
              [33mstroke[31m=[32m"currentColor"[31m
              [33mstroke-linecap[31m=[32m"round"[31m
              [33mstroke-linejoin[31m=[32m"round"[31m
              [33mstroke-width[31m=[32m"2"[31m
              [33mviewBox[31m=[32m"0 0 24 24"[31m
              [33mwidth[31m=[32m"24"[31m
              [33mxmlns[31m=[32m"http://www.w3.org/2000/svg"[31m
            [36m>[31m
              [36m<path[31m
                [33md[31m=[32m"M18 6 6 18"[31m
              [36m/>[31m
              [36m<path[31m
                [33md[31m=[32m"m6 6 12 12"[31m
              [36m/>[31m
            [36m</svg>[31m
          [36m</button>[31m
        [36m</div>[31m
      [36m</div>[31m
      [36m<form[31m
        [33mclass[31m=[32m"space-y-10"[31m
      [36m>[31m
        [36m<div[31m
          [33mclass[31m=[32m"space-y-8"[31m
        [36m>[31m
          [36m<div[31m
            [33mclass[31m=[32m"space-y-3 group"[31m
          [36m>[31m
            [36m<div[31m
              [33mclass[31m=[32m"flex items-center gap-2 px-1"[31m
            [36m>[31m
              [36m<svg[31m
                [33mclass[31m=[32m"lucide lucide-type w-3 h-3 text-gray-600 group-focus-within:text-blue-400 transition-colors"[31m
                [33mfill[31m=[32m"none"[31m
                [33mheight[31m=[32m"24"[31m
                [33mstroke[31m=[32m"currentColor"[31m
                [33mstroke-linecap[31m=[32m"round"[31m
                [33mstroke-linejoin[31m=[32m"round"[31m
                [33mstroke-width[31m=[32m"2"[31m
                [33mviewBox[31m=[32m"0 0 24 24"[31m
                [33mwidth[31m=[32m"24"[31m
                [33mxmlns[31m=[32m"http://www.w3.org/2000/svg"[31m
              [36m>[31m
                [36m<polyline[31m
                  [33mpoints[31m=[32m"4 7 4 4 20 4 20 7"[31m
                [36m/>[31m
                [36m<line[31m
                  [33mx1[31m=[32m"9"[31m
                  [33mx2[31m=[32m"15"[31m
                  [33my1[31m=[32m"20"[31m
                  [33my2[31m=[32m"20"[31m
                [36m/>[31m
                [36m<line[31m
                  [33mx1[31m=[32m"12"[31m
                  [33mx2[31m=[32m"12"[31m
                  [33my1[31m=[32m"4"[31m
                  [33my2[31m=[32m"20"[31m
                [36m/>[31m
              [36m</svg>[31m
              [36m<label[31m
                [33mclass[31m=[32m"text-[10px] font-black text-gray-600 uppercase tracking-[0.2em] group-focus-within:text-gray-400 transition-colors"[31m
              [36m>[31m
                [0mNote Title[0m
              [36m</label>[31m
            [36m</div>[31m
            [36m<input[31m
              [33mclass[31m=[32m"w-full bg-white/[0.03] border border-white/5 rounded-2xl px-6 py-4 text-lg font-bold text-white placeholder:text-gray-700 focus:outline-none focus:bg-white/[0.05] focus:border-white/10 focus:ring-4 focus:ring-blue-500/5 trans...[39m

[31mΓÄ»ΓÄ»ΓÄ»ΓÄ»ΓÄ»ΓÄ»ΓÄ»[1m[7m Failed Tests 1 
[27m[22mΓÄ»ΓÄ»ΓÄ»ΓÄ»ΓÄ»ΓÄ»ΓÄ»[39m

[31m[1m[7m FAIL [27m[22m[39m 
src/shared/components/NoteForm.test.tsx[2m > 
[22mNoteForm[2m > [22mshould toggle to preview mode
[31m[1mTestingLibraryElementError[22m[39m: Found 
multiple elements by: [data-testid="toggle-preview"]

Here are the matching elements:

Ignored nodes: comments, script, style
[36m<button[39m
  [33mclass[39m=[32m"p-3 rounded-2xl border 
transition-all bg-white/5 border-white/5 text-gray-500 
hover:text-white hover:bg-white/10"[39m
  [33mdata-testid[39m=[32m"toggle-preview"[39m
  [33mtitle[39m=[32m"Toggle Preview"[39m
  [33mtype[39m=[32m"button"[39m
[36m>[39m
  [36m<svg[39m
    [33mclass[39m=[32m"lucide lucide-eye w-5 
h-5"[39m
    [33mfill[39m=[32m"none"[39m
    [33mheight[39m=[32m"24"[39m
    [33mstroke[39m=[32m"currentColor"[39m
    [33mstroke-linecap[39m=[32m"round"[39m
    [33mstroke-linejoin[39m=[32m"round"[39m
    [33mstroke-width[39m=[32m"2"[39m
    [33mviewBox[39m=[32m"0 0 24 24"[39m
    [33mwidth[39m=[32m"24"[39m
    
[33mxmlns[39m=[32m"http://www.w3.org/2000/svg"[39m
  [36m>[39m
    [36m<path[39m
      [33md[39m=[32m"M2.062 12.348a1 1 0 0 1 0-.696 
10.75 10.75 0 0 1 19.876 0 1 1 0 0 1 0 .696 10.75 
10.75 0 0 1-19.876 0"[39m
    [36m/>[39m
    [36m<circle[39m
      [33mcx[39m=[32m"12"[39m
      [33mcy[39m=[32m"12"[39m
      [33mr[39m=[32m"3"[39m
    [36m/>[39m
  [36m</svg>[39m
[36m</button>[39m

Ignored nodes: comments, script, style
[36m<button[39m
  [33mclass[39m=[32m"p-3 rounded-2xl border 
transition-all bg-white/5 border-white/5 text-gray-500 
hover:text-white hover:bg-white/10"[39m
  [33mdata-testid[39m=[32m"toggle-preview"[39m
  [33mtitle[39m=[32m"Toggle Preview"[39m
  [33mtype[39m=[32m"button"[39m
[36m>[39m
  [36m<svg[39m
    [33mclass[39m=[32m"lucide lucide-eye w-5 
h-5"[39m
    [33mfill[39m=[32m"none"[39m
    [33mheight[39m=[32m"24"[39m
    [33mstroke[39m=[32m"currentColor"[39m
    [33mstroke-linecap[39m=[32m"round"[39m
    [33mstroke-linejoin[39m=[32m"round"[39m
    [33mstroke-width[39m=[32m"2"[39m
    [33mviewBox[39m=[32m"0 0 24 24"[39m
    [33mwidth[39m=[32m"24"[39m
    
[33mxmlns[39m=[32m"http://www.w3.org/2000/svg"[39m
  [36m>[39m
    [36m<path[39m
      [33md[39m=[32m"M2.062 12.348a1 1 0 0 1 0-.696 
10.75 10.75 0 0 1 19.876 0 1 1 0 0 1 0 .696 10.75 
10.75 0 0 1-19.876 0"[39m
    [36m/>[39m
    [36m<circle[39m
      [33mcx[39m=[32m"12"[39m
      [33mcy[39m=[32m"12"[39m
      [33mr[39m=[32m"3"[39m
    [36m/>[39m
  [36m</svg>[39m
[36m</button>[39m

(If this is intentional, then use the `*AllBy*` 
variant of the query (like `queryAllByText`, 
`getAllByText`, or `findAllByText`)).

Ignored nodes: comments, script, style
[36m<body>[39m
  [36m<div>[39m
    [36m<div[39m
      [33mclass[39m=[32m"max-w-4xl mx-auto p-10 
rounded-[3rem] bg-[#1a1a1a] border border-white/5 
shadow-2xl space-y-10"[39m
      [33mstyle[39m=[32m"opacity: 0; transform: 
scale(0.95);"[39m
    [36m>[39m
      [36m<div[39m
        [33mclass[39m=[32m"flex justify-between 
items-center mb-4"[39m
      [36m>[39m
        [36m<div[39m
          [33mclass[39m=[32m"flex items-center 
gap-3"[39m
        [36m>[39m
          [36m<div[39m
            [33mclass[39m=[32m"w-10 h-10 
rounded-2xl bg-blue-500/10 border border-blue-500/20 
flex items-center justify-center"[39m
          [36m>[39m
            [36m<svg[39m
              [33mclass[39m=[32m"lucide lucide-save 
w-5 h-5 text-blue-400"[39m
              [33mfill[39m=[32m"none"[39m
              [33mheight[39m=[32m"24"[39m
              [33mstroke[39m=[32m"currentColor"[39m
              
[33mstroke-linecap[39m=[32m"round"[39m
              
[33mstroke-linejoin[39m=[32m"round"[39m
              [33mstroke-width[39m=[32m"2"[39m
              [33mviewBox[39m=[32m"0 0 24 24"[39m
              [33mwidth[39m=[32m"24"[39m
              
[33mxmlns[39m=[32m"http://www.w3.org/2000/svg"[39m
            [36m>[39m
              [36m<path[39m
                [33md[39m=[32m"M15.2 3a2 2 0 0 1 
1.4.6l3.8 3.8a2 2 0 0 1 .6 1.4V19a2 2 0 0 1-2 2H5a2 2 
0 0 1-2-2V5a2 2 0 0 1 2-2z"[39m
              [36m/>[39m
              [36m<path[39m
                [33md[39m=[32m"M17 21v-7a1 1 0 0 
0-1-1H8a1 1 0 0 0-1 1v7"[39m
              [36m/>[39m
              [36m<path[39m
                [33md[39m=[32m"M7 3v4a1 1 0 0 0 1 
1h7"[39m
              [36m/>[39m
            [36m</svg>[39m
          [36m</div>[39m
          [36m<h2[39m
            [33mclass[39m=[32m"text-2xl font-black 
text-white tracking-tight"[39m
          [36m>[39m
            [0mEdit Note[0m
          [36m</h2>[39m
        [36m</div>[39m
        [36m<div[39m
          [33mclass[39m=[32m"flex items-center 
gap-2"[39m
        [36m>[39m
          [36m<button[39m
            [33mclass[39m=[32m"p-3 rounded-2xl 
border transition-all bg-white/5 border-white/5 
text-gray-500 hover:text-white hover:bg-white/10"[39m
            
[33mdata-testid[39m=[32m"toggle-preview"[39m
            [33mtitle[39m=[32m"Toggle Preview"[39m
            [33mtype[39m=[32m"button"[39m
          [36m>[39m
            [36m<svg[39m
              [33mclass[39m=[32m"lucide lucide-eye 
w-5 h-5"[39m
              [33mfill[39m=[32m"none"[39m
              [33mheight[39m=[32m"24"[39m
              [33mstroke[39m=[32m"currentColor"[39m
              
[33mstroke-linecap[39m=[32m"round"[39m
              
[33mstroke-linejoin[39m=[32m"round"[39m
              [33mstroke-width[39m=[32m"2"[39m
              [33mviewBox[39m=[32m"0 0 24 24"[39m
              [33mwidth[39m=[32m"24"[39m
              
[33mxmlns[39m=[32m"http://www.w3.org/2000/svg"[39m
            [36m>[39m
              [36m<path[39m
                [33md[39m=[32m"M2.062 12.348a1 1 0 
0 1 0-.696 10.75 10.75 0 0 1 19.876 0 1 1 0 0 1 0 .696 
10.75 10.75 0 0 1-19.876 0"[39m
              [36m/>[39m
              [36m<circle[39m
                [33mcx[39m=[32m"12"[39m
                [33mcy[39m=[32m"12"[39m
                [33mr[39m=[32m"3"[39m
              [36m/>[39m
            [36m</svg>[39m
          [36m</button>[39m
          [36m<button[39m
            [33mclass[39m=[32m"p-3 rounded-2xl 
bg-white/5 border border-white/5 text-gray-500 
hover:text-white hover:bg-white/10 transition-all"[39m
          [36m>[39m
            [36m<svg[39m
              [33mclass[39m=[32m"lucide lucide-x 
w-5 h-5"[39m
              [33mfill[39m=[32m"none"[39m
              [33mheight[39m=[32m"24"[39m
              [33mstroke[39m=[32m"currentColor"[39m
              
[33mstroke-linecap[39m=[32m"round"[39m
              
[33mstroke-linejoin[39m=[32m"round"[39m
              [33mstroke-width[39m=[32m"2"[39m
              [33mviewBox[39m=[32m"0 0 24 24"[39m
              [33mwidth[39m=[32m"24"[39m
              
[33mxmlns[39m=[32m"http://www.w3.org/2000/svg"[39m
            [36m>[39m
              [36m<path[39m
                [33md[39m=[32m"M18 6 6 18"[39m
              [36m/>[39m
              [36m<path[39m
                [33md[39m=[32m"m6 6 12 12"[39m
              [36m/>[39m
            [36m</svg>[39m
          [36m</button>[39m
        [36m</div>[39m
      [36m</div>[39m
      [36m<form[39m
        [33mclass[39m=[32m"space-y-10"[39m
      [36m>[39m
        [36m<div[39m
          [33mclass[39m=[32m"space-y-8"[39m
        [36m>[39m
          [36m<div[39m
            [33mclass[39m=[32m"space-y-3 group"[39m
          [36m>[39m
            [36m<div[39m
              [33mclass[39m=[32m"flex items-center 
gap-2 px-1"[39m
            [36m>[39m
              [36m<svg[39m
                [33mclass[39m=[32m"lucide 
lucide-type w-3 h-3 text-gray-600 
group-focus-within:text-blue-400 
transition-colors"[39m
                [33mfill[39m=[32m"none"[39m
                [33mheight[39m=[32m"24"[39m
                
[33mstroke[39m=[32m"currentColor"[39m
                
[33mstroke-linecap[39m=[32m"round"[39m
                
[33mstroke-linejoin[39m=[32m"round"[39m
                [33mstroke-width[39m=[32m"2"[39m
                [33mviewBox[39m=[32m"0 0 24 24"[39m
                [33mwidth[39m=[32m"24"[39m
                
[33mxmlns[39m=[32m"http://www.w3.org/2000/svg"[39m
              [36m>[39m
                [36m<polyline[39m
                  [33mpoints[39m=[32m"4 7 4 4 20 4 
20 7"[39m
                [36m/>[39m
                [36m<line[39m
                  [33mx1[39m=[32m"9"[39m
                  [33mx2[39m=[32m"15"[39m
                  [33my1[39m=[32m"20"[39m
                  [33my2[39m=[32m"20"[39m
                [36m/>[39m
                [36m<line[39m
                  [33mx1[39m=[32m"12"[39m
                  [33mx2[39m=[32m"12"[39m
                  [33my1[39m=[32m"4"[39m
                  [33my2[39m=[32m"20"[39m
                [36m/>[39m
              [36m</svg>[39m
              [36m<label[39m
                [33mclass[39m=[32m"text-[10px] 
font-black text-gray-600 uppercase tracking-[0.2em] 
group-focus-within:text-gray-400 
transition-colors"[39m
              [36m>[39m
                [0mNote Title[0m
              [36m</label>[39m
            [36m</div>[39m
            [36m<input[39m
              [33mclass[39m=[32m"w-full 
bg-white/[0.03] border border-white/5 rounded-2xl px-6 
py-4 text-lg font-bold text-white 
placeholder:text-gray-700 focus:outline-none 
focus:bg-white/[0.05] focus:border-white/10 
focus:ring-4 focus:ring-blue-500/5 trans...
[90m [2mΓ¥»[22m Object.getElementError node_modules/
@testing-library/dom/dist/config.js:[2m37:19[22m[39m
[90m [2mΓ¥»[22m getElementError node_modules/@testin
g-library/dom/dist/query-helpers.js:[2m20:35[22m[39m
[90m [2mΓ¥»[22m getMultipleElementsFoundError node_m
odules/@testing-library/dom/dist/query-helpers.js:[2m2
3:10[22m[39m
[90m [2mΓ¥»[22m node_modules/@testing-library/dom/di
st/query-helpers.js:[2m55:13[22m[39m
[90m [2mΓ¥»[22m node_modules/@testing-library/dom/di
st/query-helpers.js:[2m95:19[22m[39m
[36m [2mΓ¥»[22m src/shared/components/NoteForm.test.
tsx:[2m56:38[22m[39m
    [90m 54| [39m
    [90m 55| [39m        [90m// Find and click 
preview button (this will fail initially as [39mΓÇª
    [90m 56| [39m        [35mconst[39m 
previewButton [33m=[39m screen[33m.[39m[34mgetByTe
stId[39m([32m'toggle-preview'[39m)[33m;[39m
    [90m   | [39m                                    
 [31m^[39m
    [90m 57| [39m        fireEvent[33m.[39m[34mcli
ck[39m(previewButton)[33m;[39m
    [90m 58| [39m

[31m[2mΓÄ»ΓÄ»ΓÄ»ΓÄ»ΓÄ»ΓÄ»ΓÄ»ΓÄ»ΓÄ»ΓÄ»ΓÄ»ΓÄ»ΓÄ»ΓÄ»ΓÄ»Γ
Ä»ΓÄ»ΓÄ»ΓÄ»ΓÄ»ΓÄ»ΓÄ»ΓÄ»ΓÄ»[1/1]ΓÄ»[22m[39m

[2m Test Files [22m [1m[31m1 failed[39m[22m[90m (1)[39m
[2m      Tests [22m [1m[31m1 failed[39m[22m[2m | [22m[1m[32m1 passed[39m[22m[90m (2)[39m
[2m   Start at [22m 00:53:01
[2m   Duration [22m 1.12s

[1m[7m[31m FAIL [39m[27m[22m [31mTests failed. Watching for file changes...[39m
       [2mpress [22m[1mh[22m[2m to show help[22m[2m, [22m[2mpress [22m[1mq[22m[2m to quit[22m
c[3J[1m[7m[34m RERUN [39m[27m[22m [34m[2msrc/features/notes/components/MarkdownPreview.tsx [22m[34mx5 [34m[39m

 [31mΓ¥»[39m src/shared/components/NoteForm.test.tsx [2m([22m[2m2 tests[22m[2m | [22m[31m1 failed[39m[2m)[22m[90m 157[2mms[22m[39m
[31m   [31m├ù[31m NoteForm[2m > [22mshould toggle to preview mode[90m 53[2mms[22m[31m[39m
[31m     ΓåÆ Found multiple elements by: [data-testid="toggle-preview"]

Here are the matching elements:

Ignored nodes: comments, script, style
[36m<button[31m
  [33mclass[31m=[32m"p-3 rounded-2xl border transition-all bg-white/5 border-white/5 text-gray-500 hover:text-white hover:bg-white/10"[31m
  [33mdata-testid[31m=[32m"toggle-preview"[31m
  [33mtitle[31m=[32m"Toggle Preview"[31m
  [33mtype[31m=[32m"button"[31m
[36m>[31m
  [36m<svg[31m
    [33mclass[31m=[32m"lucide lucide-eye w-5 h-5"[31m
    [33mfill[31m=[32m"none"[31m
    [33mheight[31m=[32m"24"[31m
    [33mstroke[31m=[32m"currentColor"[31m
    [33mstroke-linecap[31m=[32m"round"[31m
    [33mstroke-linejoin[31m=[32m"round"[31m
    [33mstroke-width[31m=[32m"2"[31m
    [33mviewBox[31m=[32m"0 0 24 24"[31m
    [33mwidth[31m=[32m"24"[31m
    [33mxmlns[31m=[32m"http://www.w3.org/2000/svg"[31m
  [36m>[31m
    [36m<path[31m
      [33md[31m=[32m"M2.062 12.348a1 1 0 0 1 0-.696 10.75 10.75 0 0 1 19.876 0 1 1 0 0 1 0 .696 10.75 10.75 0 0 1-19.876 0"[31m
    [36m/>[31m
    [36m<circle[31m
      [33mcx[31m=[32m"12"[31m
      [33mcy[31m=[32m"12"[31m
      [33mr[31m=[32m"3"[31m
    [36m/>[31m
  [36m</svg>[31m
[36m</button>[31m

Ignored nodes: comments, script, style
[36m<button[31m
  [33mclass[31m=[32m"p-3 rounded-2xl border transition-all bg-white/5 border-white/5 text-gray-500 hover:text-white hover:bg-white/10"[31m
  [33mdata-testid[31m=[32m"toggle-preview"[31m
  [33mtitle[31m=[32m"Toggle Preview"[31m
  [33mtype[31m=[32m"button"[31m
[36m>[31m
  [36m<svg[31m
    [33mclass[31m=[32m"lucide lucide-eye w-5 h-5"[31m
    [33mfill[31m=[32m"none"[31m
    [33mheight[31m=[32m"24"[31m
    [33mstroke[31m=[32m"currentColor"[31m
    [33mstroke-linecap[31m=[32m"round"[31m
    [33mstroke-linejoin[31m=[32m"round"[31m
    [33mstroke-width[31m=[32m"2"[31m
    [33mviewBox[31m=[32m"0 0 24 24"[31m
    [33mwidth[31m=[32m"24"[31m
    [33mxmlns[31m=[32m"http://www.w3.org/2000/svg"[31m
  [36m>[31m
    [36m<path[31m
      [33md[31m=[32m"M2.062 12.348a1 1 0 0 1 0-.696 10.75 10.75 0 0 1 19.876 0 1 1 0 0 1 0 .696 10.75 10.75 0 0 1-19.876 0"[31m
    [36m/>[31m
    [36m<circle[31m
      [33mcx[31m=[32m"12"[31m
      [33mcy[31m=[32m"12"[31m
      [33mr[31m=[32m"3"[31m
    [36m/>[31m
  [36m</svg>[31m
[36m</button>[31m

(If this is intentional, then use the `*AllBy*` variant of the query (like `queryAllByText`, `getAllByText`, or `findAllByText`)).

Ignored nodes: comments, script, style
[36m<body>[31m
  [36m<div>[31m
    [36m<div[31m
      [33mclass[31m=[32m"max-w-4xl mx-auto p-10 rounded-[3rem] bg-[#1a1a1a] border border-white/5 shadow-2xl space-y-10"[31m
      [33mstyle[31m=[32m"opacity: 0; transform: scale(0.95);"[31m
    [36m>[31m
      [36m<div[31m
        [33mclass[31m=[32m"flex justify-between items-center mb-4"[31m
      [36m>[31m
        [36m<div[31m
          [33mclass[31m=[32m"flex items-center gap-3"[31m
        [36m>[31m
          [36m<div[31m
            [33mclass[31m=[32m"w-10 h-10 rounded-2xl bg-blue-500/10 border border-blue-500/20 flex items-center justify-center"[31m
          [36m>[31m
            [36m<svg[31m
              [33mclass[31m=[32m"lucide lucide-save w-5 h-5 text-blue-400"[31m
              [33mfill[31m=[32m"none"[31m
              [33mheight[31m=[32m"24"[31m
              [33mstroke[31m=[32m"currentColor"[31m
              [33mstroke-linecap[31m=[32m"round"[31m
              [33mstroke-linejoin[31m=[32m"round"[31m
              [33mstroke-width[31m=[32m"2"[31m
              [33mviewBox[31m=[32m"0 0 24 24"[31m
              [33mwidth[31m=[32m"24"[31m
              [33mxmlns[31m=[32m"http://www.w3.org/2000/svg"[31m
            [36m>[31m
              [36m<path[31m
                [33md[31m=[32m"M15.2 3a2 2 0 0 1 1.4.6l3.8 3.8a2 2 0 0 1 .6 1.4V19a2 2 0 0 1-2 2H5a2 2 0 0 1-2-2V5a2 2 0 0 1 2-2z"[31m
              [36m/>[31m
              [36m<path[31m
                [33md[31m=[32m"M17 21v-7a1 1 0 0 0-1-1H8a1 1 0 0 0-1 1v7"[31m
              [36m/>[31m
              [36m<path[31m
                [33md[31m=[32m"M7 3v4a1 1 0 0 0 1 1h7"[31m
              [36m/>[31m
            [36m</svg>[31m
          [36m</div>[31m
          [36m<h2[31m
            [33mclass[31m=[32m"text-2xl font-black text-white tracking-tight"[31m
          [36m>[31m
            [0mEdit Note[0m
          [36m</h2>[31m
        [36m</div>[31m
        [36m<div[31m
          [33mclass[31m=[32m"flex items-center gap-2"[31m
        [36m>[31m
          [36m<button[31m
            [33mclass[31m=[32m"p-3 rounded-2xl border transition-all bg-white/5 border-white/5 text-gray-500 hover:text-white hover:bg-white/10"[31m
            [33mdata-testid[31m=[32m"toggle-preview"[31m
            [33mtitle[31m=[32m"Toggle Preview"[31m
            [33mtype[31m=[32m"button"[31m
          [36m>[31m
            [36m<svg[31m
              [33mclass[31m=[32m"lucide lucide-eye w-5 h-5"[31m
              [33mfill[31m=[32m"none"[31m
              [33mheight[31m=[32m"24"[31m
              [33mstroke[31m=[32m"currentColor"[31m
              [33mstroke-linecap[31m=[32m"round"[31m
              [33mstroke-linejoin[31m=[32m"round"[31m
              [33mstroke-width[31m=[32m"2"[31m
              [33mviewBox[31m=[32m"0 0 24 24"[31m
              [33mwidth[31m=[32m"24"[31m
              [33mxmlns[31m=[32m"http://www.w3.org/2000/svg"[31m
            [36m>[31m
              [36m<path[31m
                [33md[31m=[32m"M2.062 12.348a1 1 0 0 1 0-.696 10.75 10.75 0 0 1 19.876 0 1 1 0 0 1 0 .696 10.75 10.75 0 0 1-19.876 0"[31m
              [36m/>[31m
              [36m<circle[31m
                [33mcx[31m=[32m"12"[31m
                [33mcy[31m=[32m"12"[31m
                [33mr[31m=[32m"3"[31m
              [36m/>[31m
            [36m</svg>[31m
          [36m</button>[31m
          [36m<button[31m
            [33mclass[31m=[32m"p-3 rounded-2xl bg-white/5 border border-white/5 text-gray-500 hover:text-white hover:bg-white/10 transition-all"[31m
          [36m>[31m
            [36m<svg[31m
              [33mclass[31m=[32m"lucide lucide-x w-5 h-5"[31m
              [33mfill[31m=[32m"none"[31m
              [33mheight[31m=[32m"24"[31m
              [33mstroke[31m=[32m"currentColor"[31m
              [33mstroke-linecap[31m=[32m"round"[31m
              [33mstroke-linejoin[31m=[32m"round"[31m
              [33mstroke-width[31m=[32m"2"[31m
              [33mviewBox[31m=[32m"0 0 24 24"[31m
              [33mwidth[31m=[32m"24"[31m
              [33mxmlns[31m=[32m"http://www.w3.org/2000/svg"[31m
            [36m>[31m
              [36m<path[31m
                [33md[31m=[32m"M18 6 6 18"[31m
              [36m/>[31m
              [36m<path[31m
                [33md[31m=[32m"m6 6 12 12"[31m
              [36m/>[31m
            [36m</svg>[31m
          [36m</button>[31m
        [36m</div>[31m
      [36m</div>[31m
      [36m<form[31m
        [33mclass[31m=[32m"space-y-10"[31m
      [36m>[31m
        [36m<div[31m
          [33mclass[31m=[32m"space-y-8"[31m
        [36m>[31m
          [36m<div[31m
            [33mclass[31m=[32m"space-y-3 group"[31m
          [36m>[31m
            [36m<div[31m
              [33mclass[31m=[32m"flex items-center gap-2 px-1"[31m
            [36m>[31m
              [36m<svg[31m
                [33mclass[31m=[32m"lucide lucide-type w-3 h-3 text-gray-600 group-focus-within:text-blue-400 transition-colors"[31m
                [33mfill[31m=[32m"none"[31m
                [33mheight[31m=[32m"24"[31m
                [33mstroke[31m=[32m"currentColor"[31m
                [33mstroke-linecap[31m=[32m"round"[31m
                [33mstroke-linejoin[31m=[32m"round"[31m
                [33mstroke-width[31m=[32m"2"[31m
                [33mviewBox[31m=[32m"0 0 24 24"[31m
                [33mwidth[31m=[32m"24"[31m
                [33mxmlns[31m=[32m"http://www.w3.org/2000/svg"[31m
              [36m>[31m
                [36m<polyline[31m
                  [33mpoints[31m=[32m"4 7 4 4 20 4 20 7"[31m
                [36m/>[31m
                [36m<line[31m
                  [33mx1[31m=[32m"9"[31m
                  [33mx2[31m=[32m"15"[31m
                  [33my1[31m=[32m"20"[31m
                  [33my2[31m=[32m"20"[31m
                [36m/>[31m
                [36m<line[31m
                  [33mx1[31m=[32m"12"[31m
                  [33mx2[31m=[32m"12"[31m
                  [33my1[31m=[32m"4"[31m
                  [33my2[31m=[32m"20"[31m
                [36m/>[31m
              [36m</svg>[31m
              [36m<label[31m
                [33mclass[31m=[32m"text-[10px] font-black text-gray-600 uppercase tracking-[0.2em] group-focus-within:text-gray-400 transition-colors"[31m
              [36m>[31m
                [0mNote Title[0m
              [36m</label>[31m
            [36m</div>[31m
            [36m<input[31m
              [33mclass[31m=[32m"w-full bg-white/[0.03] border border-white/5 rounded-2xl px-6 py-4 text-lg font-bold text-white placeholder:text-gray-700 focus:outline-none focus:bg-white/[0.05] focus:border-white/10 focus:ring-4 focus:ring-blue-500/5 trans...[39m

[31mΓÄ»ΓÄ»ΓÄ»ΓÄ»ΓÄ»ΓÄ»ΓÄ»[1m[7m Failed Tests 1 
[27m[22mΓÄ»ΓÄ»ΓÄ»ΓÄ»ΓÄ»ΓÄ»ΓÄ»[39m

[31m[1m[7m FAIL [27m[22m[39m 
src/shared/components/NoteForm.test.tsx[2m > 
[22mNoteForm[2m > [22mshould toggle to preview mode
[31m[1mTestingLibraryElementError[22m[39m: Found 
multiple elements by: [data-testid="toggle-preview"]

Here are the matching elements:

Ignored nodes: comments, script, style
[36m<button[39m
  [33mclass[39m=[32m"p-3 rounded-2xl border 
transition-all bg-white/5 border-white/5 text-gray-500 
hover:text-white hover:bg-white/10"[39m
  [33mdata-testid[39m=[32m"toggle-preview"[39m
  [33mtitle[39m=[32m"Toggle Preview"[39m
  [33mtype[39m=[32m"button"[39m
[36m>[39m
  [36m<svg[39m
    [33mclass[39m=[32m"lucide lucide-eye w-5 
h-5"[39m
    [33mfill[39m=[32m"none"[39m
    [33mheight[39m=[32m"24"[39m
    [33mstroke[39m=[32m"currentColor"[39m
    [33mstroke-linecap[39m=[32m"round"[39m
    [33mstroke-linejoin[39m=[32m"round"[39m
    [33mstroke-width[39m=[32m"2"[39m
    [33mviewBox[39m=[32m"0 0 24 24"[39m
    [33mwidth[39m=[32m"24"[39m
    
[33mxmlns[39m=[32m"http://www.w3.org/2000/svg"[39m
  [36m>[39m
    [36m<path[39m
      [33md[39m=[32m"M2.062 12.348a1 1 0 0 1 0-.696 
10.75 10.75 0 0 1 19.876 0 1 1 0 0 1 0 .696 10.75 
10.75 0 0 1-19.876 0"[39m
    [36m/>[39m
    [36m<circle[39m
      [33mcx[39m=[32m"12"[39m
      [33mcy[39m=[32m"12"[39m
      [33mr[39m=[32m"3"[39m
    [36m/>[39m
  [36m</svg>[39m
[36m</button>[39m

Ignored nodes: comments, script, style
[36m<button[39m
  [33mclass[39m=[32m"p-3 rounded-2xl border 
transition-all bg-white/5 border-white/5 text-gray-500 
hover:text-white hover:bg-white/10"[39m
  [33mdata-testid[39m=[32m"toggle-preview"[39m
  [33mtitle[39m=[32m"Toggle Preview"[39m
  [33mtype[39m=[32m"button"[39m
[36m>[39m
  [36m<svg[39m
    [33mclass[39m=[32m"lucide lucide-eye w-5 
h-5"[39m
    [33mfill[39m=[32m"none"[39m
    [33mheight[39m=[32m"24"[39m
    [33mstroke[39m=[32m"currentColor"[39m
    [33mstroke-linecap[39m=[32m"round"[39m
    [33mstroke-linejoin[39m=[32m"round"[39m
    [33mstroke-width[39m=[32m"2"[39m
    [33mviewBox[39m=[32m"0 0 24 24"[39m
    [33mwidth[39m=[32m"24"[39m
    
[33mxmlns[39m=[32m"http://www.w3.org/2000/svg"[39m
  [36m>[39m
    [36m<path[39m
      [33md[39m=[32m"M2.062 12.348a1 1 0 0 1 0-.696 
10.75 10.75 0 0 1 19.876 0 1 1 0 0 1 0 .696 10.75 
10.75 0 0 1-19.876 0"[39m
    [36m/>[39m
    [36m<circle[39m
      [33mcx[39m=[32m"12"[39m
      [33mcy[39m=[32m"12"[39m
      [33mr[39m=[32m"3"[39m
    [36m/>[39m
  [36m</svg>[39m
[36m</button>[39m

(If this is intentional, then use the `*AllBy*` 
variant of the query (like `queryAllByText`, 
`getAllByText`, or `findAllByText`)).

Ignored nodes: comments, script, style
[36m<body>[39m
  [36m<div>[39m
    [36m<div[39m
      [33mclass[39m=[32m"max-w-4xl mx-auto p-10 
rounded-[3rem] bg-[#1a1a1a] border border-white/5 
shadow-2xl space-y-10"[39m
      [33mstyle[39m=[32m"opacity: 0; transform: 
scale(0.95);"[39m
    [36m>[39m
      [36m<div[39m
        [33mclass[39m=[32m"flex justify-between 
items-center mb-4"[39m
      [36m>[39m
        [36m<div[39m
          [33mclass[39m=[32m"flex items-center 
gap-3"[39m
        [36m>[39m
          [36m<div[39m
            [33mclass[39m=[32m"w-10 h-10 
rounded-2xl bg-blue-500/10 border border-blue-500/20 
flex items-center justify-center"[39m
          [36m>[39m
            [36m<svg[39m
              [33mclass[39m=[32m"lucide lucide-save 
w-5 h-5 text-blue-400"[39m
              [33mfill[39m=[32m"none"[39m
              [33mheight[39m=[32m"24"[39m
              [33mstroke[39m=[32m"currentColor"[39m
              
[33mstroke-linecap[39m=[32m"round"[39m
              
[33mstroke-linejoin[39m=[32m"round"[39m
              [33mstroke-width[39m=[32m"2"[39m
              [33mviewBox[39m=[32m"0 0 24 24"[39m
              [33mwidth[39m=[32m"24"[39m
              
[33mxmlns[39m=[32m"http://www.w3.org/2000/svg"[39m
            [36m>[39m
              [36m<path[39m
                [33md[39m=[32m"M15.2 3a2 2 0 0 1 
1.4.6l3.8 3.8a2 2 0 0 1 .6 1.4V19a2 2 0 0 1-2 2H5a2 2 
0 0 1-2-2V5a2 2 0 0 1 2-2z"[39m
              [36m/>[39m
              [36m<path[39m
                [33md[39m=[32m"M17 21v-7a1 1 0 0 
0-1-1H8a1 1 0 0 0-1 1v7"[39m
              [36m/>[39m
              [36m<path[39m
                [33md[39m=[32m"M7 3v4a1 1 0 0 0 1 
1h7"[39m
              [36m/>[39m
            [36m</svg>[39m
          [36m</div>[39m
          [36m<h2[39m
            [33mclass[39m=[32m"text-2xl font-black 
text-white tracking-tight"[39m
          [36m>[39m
            [0mEdit Note[0m
          [36m</h2>[39m
        [36m</div>[39m
        [36m<div[39m
          [33mclass[39m=[32m"flex items-center 
gap-2"[39m
        [36m>[39m
          [36m<button[39m
            [33mclass[39m=[32m"p-3 rounded-2xl 
border transition-all bg-white/5 border-white/5 
text-gray-500 hover:text-white hover:bg-white/10"[39m
            
[33mdata-testid[39m=[32m"toggle-preview"[39m
            [33mtitle[39m=[32m"Toggle Preview"[39m
            [33mtype[39m=[32m"button"[39m
          [36m>[39m
            [36m<svg[39m
              [33mclass[39m=[32m"lucide lucide-eye 
w-5 h-5"[39m
              [33mfill[39m=[32m"none"[39m
              [33mheight[39m=[32m"24"[39m
              [33mstroke[39m=[32m"currentColor"[39m
              
[33mstroke-linecap[39m=[32m"round"[39m
              
[33mstroke-linejoin[39m=[32m"round"[39m
              [33mstroke-width[39m=[32m"2"[39m
              [33mviewBox[39m=[32m"0 0 24 24"[39m
              [33mwidth[39m=[32m"24"[39m
              
[33mxmlns[39m=[32m"http://www.w3.org/2000/svg"[39m
            [36m>[39m
              [36m<path[39m
                [33md[39m=[32m"M2.062 12.348a1 1 0 
0 1 0-.696 10.75 10.75 0 0 1 19.876 0 1 1 0 0 1 0 .696 
10.75 10.75 0 0 1-19.876 0"[39m
              [36m/>[39m
              [36m<circle[39m
                [33mcx[39m=[32m"12"[39m
                [33mcy[39m=[32m"12"[39m
                [33mr[39m=[32m"3"[39m
              [36m/>[39m
            [36m</svg>[39m
          [36m</button>[39m
          [36m<button[39m
            [33mclass[39m=[32m"p-3 rounded-2xl 
bg-white/5 border border-white/5 text-gray-500 
hover:text-white hover:bg-white/10 transition-all"[39m
          [36m>[39m
            [36m<svg[39m
              [33mclass[39m=[32m"lucide lucide-x 
w-5 h-5"[39m
              [33mfill[39m=[32m"none"[39m
              [33mheight[39m=[32m"24"[39m
              [33mstroke[39m=[32m"currentColor"[39m
              
[33mstroke-linecap[39m=[32m"round"[39m
              
[33mstroke-linejoin[39m=[32m"round"[39m
              [33mstroke-width[39m=[32m"2"[39m
              [33mviewBox[39m=[32m"0 0 24 24"[39m
              [33mwidth[39m=[32m"24"[39m
              
[33mxmlns[39m=[32m"http://www.w3.org/2000/svg"[39m
            [36m>[39m
              [36m<path[39m
                [33md[39m=[32m"M18 6 6 18"[39m
              [36m/>[39m
              [36m<path[39m
                [33md[39m=[32m"m6 6 12 12"[39m
              [36m/>[39m
            [36m</svg>[39m
          [36m</button>[39m
        [36m</div>[39m
      [36m</div>[39m
      [36m<form[39m
        [33mclass[39m=[32m"space-y-10"[39m
      [36m>[39m
        [36m<div[39m
          [33mclass[39m=[32m"space-y-8"[39m
        [36m>[39m
          [36m<div[39m
            [33mclass[39m=[32m"space-y-3 group"[39m
          [36m>[39m
            [36m<div[39m
              [33mclass[39m=[32m"flex items-center 
gap-2 px-1"[39m
            [36m>[39m
              [36m<svg[39m
                [33mclass[39m=[32m"lucide 
lucide-type w-3 h-3 text-gray-600 
group-focus-within:text-blue-400 
transition-colors"[39m
                [33mfill[39m=[32m"none"[39m
                [33mheight[39m=[32m"24"[39m
                
[33mstroke[39m=[32m"currentColor"[39m
                
[33mstroke-linecap[39m=[32m"round"[39m
                
[33mstroke-linejoin[39m=[32m"round"[39m
                [33mstroke-width[39m=[32m"2"[39m
                [33mviewBox[39m=[32m"0 0 24 24"[39m
                [33mwidth[39m=[32m"24"[39m
                
[33mxmlns[39m=[32m"http://www.w3.org/2000/svg"[39m
              [36m>[39m
                [36m<polyline[39m
                  [33mpoints[39m=[32m"4 7 4 4 20 4 
20 7"[39m
                [36m/>[39m
                [36m<line[39m
                  [33mx1[39m=[32m"9"[39m
                  [33mx2[39m=[32m"15"[39m
                  [33my1[39m=[32m"20"[39m
                  [33my2[39m=[32m"20"[39m
                [36m/>[39m
                [36m<line[39m
                  [33mx1[39m=[32m"12"[39m
                  [33mx2[39m=[32m"12"[39m
                  [33my1[39m=[32m"4"[39m
                  [33my2[39m=[32m"20"[39m
                [36m/>[39m
              [36m</svg>[39m
              [36m<label[39m
                [33mclass[39m=[32m"text-[10px] 
font-black text-gray-600 uppercase tracking-[0.2em] 
group-focus-within:text-gray-400 
transition-colors"[39m
              [36m>[39m
                [0mNote Title[0m
              [36m</label>[39m
            [36m</div>[39m
            [36m<input[39m
              [33mclass[39m=[32m"w-full 
bg-white/[0.03] border border-white/5 rounded-2xl px-6 
py-4 text-lg font-bold text-white 
placeholder:text-gray-700 focus:outline-none 
focus:bg-white/[0.05] focus:border-white/10 
focus:ring-4 focus:ring-blue-500/5 trans...
[90m [2mΓ¥»[22m Object.getElementError node_modules/
@testing-library/dom/dist/config.js:[2m37:19[22m[39m
[90m [2mΓ¥»[22m getElementError node_modules/@testin
g-library/dom/dist/query-helpers.js:[2m20:35[22m[39m
[90m [2mΓ¥»[22m getMultipleElementsFoundError node_m
odules/@testing-library/dom/dist/query-helpers.js:[2m2
3:10[22m[39m
[90m [2mΓ¥»[22m node_modules/@testing-library/dom/di
st/query-helpers.js:[2m55:13[22m[39m
[90m [2mΓ¥»[22m node_modules/@testing-library/dom/di
st/query-helpers.js:[2m95:19[22m[39m
[36m [2mΓ¥»[22m src/shared/components/NoteForm.test.
tsx:[2m56:38[22m[39m
    [90m 54| [39m
    [90m 55| [39m        [90m// Find and click 
preview button (this will fail initially as [39mΓÇª
    [90m 56| [39m        [35mconst[39m 
previewButton [33m=[39m screen[33m.[39m[34mgetByTe
stId[39m([32m'toggle-preview'[39m)[33m;[39m
    [90m   | [39m                                    
 [31m^[39m
    [90m 57| [39m        fireEvent[33m.[39m[34mcli
ck[39m(previewButton)[33m;[39m
    [90m 58| [39m

[31m[2mΓÄ»ΓÄ»ΓÄ»ΓÄ»ΓÄ»ΓÄ»ΓÄ»ΓÄ»ΓÄ»ΓÄ»ΓÄ»ΓÄ»ΓÄ»ΓÄ»ΓÄ»Γ
Ä»ΓÄ»ΓÄ»ΓÄ»ΓÄ»ΓÄ»ΓÄ»ΓÄ»ΓÄ»[1/1]ΓÄ»[22m[39m

[2m Test Files [22m [1m[31m1 failed[39m[22m[90m (1)[39m
[2m      Tests [22m [1m[31m1 failed[39m[22m[2m | [22m[1m[32m1 passed[39m[22m[90m (2)[39m
[2m   Start at [22m 00:54:17
[2m   Duration [22m 1.33s

[1m[7m[31m FAIL [39m[27m[22m [31mTests failed. Watching for file changes...[39m
       [2mpress [22m[1mh[22m[2m to show help[22m[2m, [22m[2mpress [22m[1mq[22m[2m to quit[22m
c[3J[1m[7m[34m RERUN [39m[27m[22m [34m[2msrc/features/notes/components/MarkdownPreview.test.tsx [22m[34mx1 [34m[39m

 [31mΓ¥»[39m src/shared/components/NoteForm.test.tsx [2m([22m[2m2 tests[22m[2m | [22m[31m1 failed[39m[2m)[22m[90m 157[2mms[22m[39m
[31m   [31m├ù[31m NoteForm[2m > [22mshould toggle to preview mode[90m 53[2mms[22m[31m[39m
[31m     ΓåÆ Found multiple elements by: [data-testid="toggle-preview"]

Here are the matching elements:

Ignored nodes: comments, script, style
[36m<button[31m
  [33mclass[31m=[32m"p-3 rounded-2xl border transition-all bg-white/5 border-white/5 text-gray-500 hover:text-white hover:bg-white/10"[31m
  [33mdata-testid[31m=[32m"toggle-preview"[31m
  [33mtitle[31m=[32m"Toggle Preview"[31m
  [33mtype[31m=[32m"button"[31m
[36m>[31m
  [36m<svg[31m
    [33mclass[31m=[32m"lucide lucide-eye w-5 h-5"[31m
    [33mfill[31m=[32m"none"[31m
    [33mheight[31m=[32m"24"[31m
    [33mstroke[31m=[32m"currentColor"[31m
    [33mstroke-linecap[31m=[32m"round"[31m
    [33mstroke-linejoin[31m=[32m"round"[31m
    [33mstroke-width[31m=[32m"2"[31m
    [33mviewBox[31m=[32m"0 0 24 24"[31m
    [33mwidth[31m=[32m"24"[31m
    [33mxmlns[31m=[32m"http://www.w3.org/2000/svg"[31m
  [36m>[31m
    [36m<path[31m
      [33md[31m=[32m"M2.062 12.348a1 1 0 0 1 0-.696 10.75 10.75 0 0 1 19.876 0 1 1 0 0 1 0 .696 10.75 10.75 0 0 1-19.876 0"[31m
    [36m/>[31m
    [36m<circle[31m
      [33mcx[31m=[32m"12"[31m
      [33mcy[31m=[32m"12"[31m
      [33mr[31m=[32m"3"[31m
    [36m/>[31m
  [36m</svg>[31m
[36m</button>[31m

Ignored nodes: comments, script, style
[36m<button[31m
  [33mclass[31m=[32m"p-3 rounded-2xl border transition-all bg-white/5 border-white/5 text-gray-500 hover:text-white hover:bg-white/10"[31m
  [33mdata-testid[31m=[32m"toggle-preview"[31m
  [33mtitle[31m=[32m"Toggle Preview"[31m
  [33mtype[31m=[32m"button"[31m
[36m>[31m
  [36m<svg[31m
    [33mclass[31m=[32m"lucide lucide-eye w-5 h-5"[31m
    [33mfill[31m=[32m"none"[31m
    [33mheight[31m=[32m"24"[31m
    [33mstroke[31m=[32m"currentColor"[31m
    [33mstroke-linecap[31m=[32m"round"[31m
    [33mstroke-linejoin[31m=[32m"round"[31m
    [33mstroke-width[31m=[32m"2"[31m
    [33mviewBox[31m=[32m"0 0 24 24"[31m
    [33mwidth[31m=[32m"24"[31m
    [33mxmlns[31m=[32m"http://www.w3.org/2000/svg"[31m
  [36m>[31m
    [36m<path[31m
      [33md[31m=[32m"M2.062 12.348a1 1 0 0 1 0-.696 10.75 10.75 0 0 1 19.876 0 1 1 0 0 1 0 .696 10.75 10.75 0 0 1-19.876 0"[31m
    [36m/>[31m
    [36m<circle[31m
      [33mcx[31m=[32m"12"[31m
      [33mcy[31m=[32m"12"[31m
      [33mr[31m=[32m"3"[31m
    [36m/>[31m
  [36m</svg>[31m
[36m</button>[31m

(If this is intentional, then use the `*AllBy*` variant of the query (like `queryAllByText`, `getAllByText`, or `findAllByText`)).

Ignored nodes: comments, script, style
[36m<body>[31m
  [36m<div>[31m
    [36m<div[31m
      [33mclass[31m=[32m"max-w-4xl mx-auto p-10 rounded-[3rem] bg-[#1a1a1a] border border-white/5 shadow-2xl space-y-10"[31m
      [33mstyle[31m=[32m"opacity: 0; transform: scale(0.95);"[31m
    [36m>[31m
      [36m<div[31m
        [33mclass[31m=[32m"flex justify-between items-center mb-4"[31m
      [36m>[31m
        [36m<div[31m
          [33mclass[31m=[32m"flex items-center gap-3"[31m
        [36m>[31m
          [36m<div[31m
            [33mclass[31m=[32m"w-10 h-10 rounded-2xl bg-blue-500/10 border border-blue-500/20 flex items-center justify-center"[31m
          [36m>[31m
            [36m<svg[31m
              [33mclass[31m=[32m"lucide lucide-save w-5 h-5 text-blue-400"[31m
              [33mfill[31m=[32m"none"[31m
              [33mheight[31m=[32m"24"[31m
              [33mstroke[31m=[32m"currentColor"[31m
              [33mstroke-linecap[31m=[32m"round"[31m
              [33mstroke-linejoin[31m=[32m"round"[31m
              [33mstroke-width[31m=[32m"2"[31m
              [33mviewBox[31m=[32m"0 0 24 24"[31m
              [33mwidth[31m=[32m"24"[31m
              [33mxmlns[31m=[32m"http://www.w3.org/2000/svg"[31m
            [36m>[31m
              [36m<path[31m
                [33md[31m=[32m"M15.2 3a2 2 0 0 1 1.4.6l3.8 3.8a2 2 0 0 1 .6 1.4V19a2 2 0 0 1-2 2H5a2 2 0 0 1-2-2V5a2 2 0 0 1 2-2z"[31m
              [36m/>[31m
              [36m<path[31m
                [33md[31m=[32m"M17 21v-7a1 1 0 0 0-1-1H8a1 1 0 0 0-1 1v7"[31m
              [36m/>[31m
              [36m<path[31m
                [33md[31m=[32m"M7 3v4a1 1 0 0 0 1 1h7"[31m
              [36m/>[31m
            [36m</svg>[31m
          [36m</div>[31m
          [36m<h2[31m
            [33mclass[31m=[32m"text-2xl font-black text-white tracking-tight"[31m
          [36m>[31m
            [0mEdit Note[0m
          [36m</h2>[31m
        [36m</div>[31m
        [36m<div[31m
          [33mclass[31m=[32m"flex items-center gap-2"[31m
        [36m>[31m
          [36m<button[31m
            [33mclass[31m=[32m"p-3 rounded-2xl border transition-all bg-white/5 border-white/5 text-gray-500 hover:text-white hover:bg-white/10"[31m
            [33mdata-testid[31m=[32m"toggle-preview"[31m
            [33mtitle[31m=[32m"Toggle Preview"[31m
            [33mtype[31m=[32m"button"[31m
          [36m>[31m
            [36m<svg[31m
              [33mclass[31m=[32m"lucide lucide-eye w-5 h-5"[31m
              [33mfill[31m=[32m"none"[31m
              [33mheight[31m=[32m"24"[31m
              [33mstroke[31m=[32m"currentColor"[31m
              [33mstroke-linecap[31m=[32m"round"[31m
              [33mstroke-linejoin[31m=[32m"round"[31m
              [33mstroke-width[31m=[32m"2"[31m
              [33mviewBox[31m=[32m"0 0 24 24"[31m
              [33mwidth[31m=[32m"24"[31m
              [33mxmlns[31m=[32m"http://www.w3.org/2000/svg"[31m
            [36m>[31m
              [36m<path[31m
                [33md[31m=[32m"M2.062 12.348a1 1 0 0 1 0-.696 10.75 10.75 0 0 1 19.876 0 1 1 0 0 1 0 .696 10.75 10.75 0 0 1-19.876 0"[31m
              [36m/>[31m
              [36m<circle[31m
                [33mcx[31m=[32m"12"[31m
                [33mcy[31m=[32m"12"[31m
                [33mr[31m=[32m"3"[31m
              [36m/>[31m
            [36m</svg>[31m
          [36m</button>[31m
          [36m<button[31m
            [33mclass[31m=[32m"p-3 rounded-2xl bg-white/5 border border-white/5 text-gray-500 hover:text-white hover:bg-white/10 transition-all"[31m
          [36m>[31m
            [36m<svg[31m
              [33mclass[31m=[32m"lucide lucide-x w-5 h-5"[31m
              [33mfill[31m=[32m"none"[31m
              [33mheight[31m=[32m"24"[31m
              [33mstroke[31m=[32m"currentColor"[31m
              [33mstroke-linecap[31m=[32m"round"[31m
              [33mstroke-linejoin[31m=[32m"round"[31m
              [33mstroke-width[31m=[32m"2"[31m
              [33mviewBox[31m=[32m"0 0 24 24"[31m
              [33mwidth[31m=[32m"24"[31m
              [33mxmlns[31m=[32m"http://www.w3.org/2000/svg"[31m
            [36m>[31m
              [36m<path[31m
                [33md[31m=[32m"M18 6 6 18"[31m
              [36m/>[31m
              [36m<path[31m
                [33md[31m=[32m"m6 6 12 12"[31m
              [36m/>[31m
            [36m</svg>[31m
          [36m</button>[31m
        [36m</div>[31m
      [36m</div>[31m
      [36m<form[31m
        [33mclass[31m=[32m"space-y-10"[31m
      [36m>[31m
        [36m<div[31m
          [33mclass[31m=[32m"space-y-8"[31m
        [36m>[31m
          [36m<div[31m
            [33mclass[31m=[32m"space-y-3 group"[31m
          [36m>[31m
            [36m<div[31m
              [33mclass[31m=[32m"flex items-center gap-2 px-1"[31m
            [36m>[31m
              [36m<svg[31m
                [33mclass[31m=[32m"lucide lucide-type w-3 h-3 text-gray-600 group-focus-within:text-blue-400 transition-colors"[31m
                [33mfill[31m=[32m"none"[31m
                [33mheight[31m=[32m"24"[31m
                [33mstroke[31m=[32m"currentColor"[31m
                [33mstroke-linecap[31m=[32m"round"[31m
                [33mstroke-linejoin[31m=[32m"round"[31m
                [33mstroke-width[31m=[32m"2"[31m
                [33mviewBox[31m=[32m"0 0 24 24"[31m
                [33mwidth[31m=[32m"24"[31m
                [33mxmlns[31m=[32m"http://www.w3.org/2000/svg"[31m
              [36m>[31m
                [36m<polyline[31m
                  [33mpoints[31m=[32m"4 7 4 4 20 4 20 7"[31m
                [36m/>[31m
                [36m<line[31m
                  [33mx1[31m=[32m"9"[31m
                  [33mx2[31m=[32m"15"[31m
                  [33my1[31m=[32m"20"[31m
                  [33my2[31m=[32m"20"[31m
                [36m/>[31m
                [36m<line[31m
                  [33mx1[31m=[32m"12"[31m
                  [33mx2[31m=[32m"12"[31m
                  [33my1[31m=[32m"4"[31m
                  [33my2[31m=[32m"20"[31m
                [36m/>[31m
              [36m</svg>[31m
              [36m<label[31m
                [33mclass[31m=[32m"text-[10px] font-black text-gray-600 uppercase tracking-[0.2em] group-focus-within:text-gray-400 transition-colors"[31m
              [36m>[31m
                [0mNote Title[0m
              [36m</label>[31m
            [36m</div>[31m
            [36m<input[31m
              [33mclass[31m=[32m"w-full bg-white/[0.03] border border-white/5 rounded-2xl px-6 py-4 text-lg font-bold text-white placeholder:text-gray-700 focus:outline-none focus:bg-white/[0.05] focus:border-white/10 focus:ring-4 focus:ring-blue-500/5 trans...[39m
[90mstderr[2m | src/features/notes/components/Markdow
nPreview.test.tsx[2m > [22m[2mMarkdownPreview[2m > 
[22m[2mshould render standard markdown
[22m[39mΓÜá∩╕Å React Router Future Flag Warning: 
React Router will begin wrapping state updates in 
`React.startTransition` in v7. You can use the 
`v7_startTransition` future flag to opt-in early. For 
more information, see https://reactrouter.com/v6/upgrad
ing/future#v7_starttransition.
ΓÜá∩╕Å React Router Future Flag Warning: Relative 
route resolution within Splat routes is changing in 
v7. You can use the `v7_relativeSplatPath` future flag 
to opt-in early. For more information, see https://reac
trouter.com/v6/upgrading/future#v7_relativesplatpath.

 [32mΓ£ô[39m src/features/notes/components/MarkdownPreview.test.tsx [2m([22m[2m3 tests[22m[2m)[22m[90m 69[2mms[22m[39m

[2m Test Files [22m [1m[31m1 failed[39m[22m[2m | [22m[1m[32m1 passed[39m[22m[90m (2)[39m
[2m      Tests [22m [1m[31m1 failed[39m[22m[2m | [22m[1m[32m4 passed[39m[22m[90m (5)[39m
[2m   Start at [22m 00:54:20
[2m   Duration [22m 1.08s

[1m[7m[32m PASS [39m[27m[22m [32mWaiting for file changes...[39m
       [2mpress [22m[1mh[22m[2m to show help[22m[2m, [22m[2mpress [22m[1mq[22m[2m to quit[22m
c[3J[1m[7m[34m RERUN [39m[27m[22m [34m[2msrc/features/notes/components/MarkdownPreview.tsx [22m[39m

 [31mΓ¥»[39m src/features/notes/components/MarkdownPreview.test.tsx [2m([22m[2m0 test[22m[2m)[22m
 [31mΓ¥»[39m src/shared/components/NoteForm.test.tsx [2m([22m[2m2 tests[22m[2m | [22m[31m1 failed[39m[2m)[22m[90m 120[2mms[22m[39m
[31m   [31m├ù[31m NoteForm[2m > [22mshould toggle to preview mode[90m 29[2mms[22m[31m[39m
[31m     ΓåÆ Found multiple elements by: [data-testid="toggle-preview"]

Here are the matching elements:

Ignored nodes: comments, script, style
[36m<button[31m
  [33mclass[31m=[32m"p-3 rounded-2xl border transition-all bg-white/5 border-white/5 text-gray-500 hover:text-white hover:bg-white/10"[31m
  [33mdata-testid[31m=[32m"toggle-preview"[31m
  [33mtitle[31m=[32m"Toggle Preview"[31m
  [33mtype[31m=[32m"button"[31m
[36m>[31m
  [36m<svg[31m
    [33mclass[31m=[32m"lucide lucide-eye w-5 h-5"[31m
    [33mfill[31m=[32m"none"[31m
    [33mheight[31m=[32m"24"[31m
    [33mstroke[31m=[32m"currentColor"[31m
    [33mstroke-linecap[31m=[32m"round"[31m
    [33mstroke-linejoin[31m=[32m"round"[31m
    [33mstroke-width[31m=[32m"2"[31m
    [33mviewBox[31m=[32m"0 0 24 24"[31m
    [33mwidth[31m=[32m"24"[31m
    [33mxmlns[31m=[32m"http://www.w3.org/2000/svg"[31m
  [36m>[31m
    [36m<path[31m
      [33md[31m=[32m"M2.062 12.348a1 1 0 0 1 0-.696 10.75 10.75 0 0 1 19.876 0 1 1 0 0 1 0 .696 10.75 10.75 0 0 1-19.876 0"[31m
    [36m/>[31m
    [36m<circle[31m
      [33mcx[31m=[32m"12"[31m
      [33mcy[31m=[32m"12"[31m
      [33mr[31m=[32m"3"[31m
    [36m/>[31m
  [36m</svg>[31m
[36m</button>[31m

Ignored nodes: comments, script, style
[36m<button[31m
  [33mclass[31m=[32m"p-3 rounded-2xl border transition-all bg-white/5 border-white/5 text-gray-500 hover:text-white hover:bg-white/10"[31m
  [33mdata-testid[31m=[32m"toggle-preview"[31m
  [33mtitle[31m=[32m"Toggle Preview"[31m
  [33mtype[31m=[32m"button"[31m
[36m>[31m
  [36m<svg[31m
    [33mclass[31m=[32m"lucide lucide-eye w-5 h-5"[31m
    [33mfill[31m=[32m"none"[31m
    [33mheight[31m=[32m"24"[31m
    [33mstroke[31m=[32m"currentColor"[31m
    [33mstroke-linecap[31m=[32m"round"[31m
    [33mstroke-linejoin[31m=[32m"round"[31m
    [33mstroke-width[31m=[32m"2"[31m
    [33mviewBox[31m=[32m"0 0 24 24"[31m
    [33mwidth[31m=[32m"24"[31m
    [33mxmlns[31m=[32m"http://www.w3.org/2000/svg"[31m
  [36m>[31m
    [36m<path[31m
      [33md[31m=[32m"M2.062 12.348a1 1 0 0 1 0-.696 10.75 10.75 0 0 1 19.876 0 1 1 0 0 1 0 .696 10.75 10.75 0 0 1-19.876 0"[31m
    [36m/>[31m
    [36m<circle[31m
      [33mcx[31m=[32m"12"[31m
      [33mcy[31m=[32m"12"[31m
      [33mr[31m=[32m"3"[31m
    [36m/>[31m
  [36m</svg>[31m
[36m</button>[31m

(If this is intentional, then use the `*AllBy*` variant of the query (like `queryAllByText`, `getAllByText`, or `findAllByText`)).

Ignored nodes: comments, script, style
[36m<body>[31m
  [36m<div>[31m
    [36m<div[31m
      [33mclass[31m=[32m"max-w-4xl mx-auto p-10 rounded-[3rem] bg-[#1a1a1a] border border-white/5 shadow-2xl space-y-10"[31m
      [33mstyle[31m=[32m"opacity: 0; transform: scale(0.95);"[31m
    [36m>[31m
      [36m<div[31m
        [33mclass[31m=[32m"flex justify-between items-center mb-4"[31m
      [36m>[31m
        [36m<div[31m
          [33mclass[31m=[32m"flex items-center gap-3"[31m
        [36m>[31m
          [36m<div[31m
            [33mclass[31m=[32m"w-10 h-10 rounded-2xl bg-blue-500/10 border border-blue-500/20 flex items-center justify-center"[31m
          [36m>[31m
            [36m<svg[31m
              [33mclass[31m=[32m"lucide lucide-save w-5 h-5 text-blue-400"[31m
              [33mfill[31m=[32m"none"[31m
              [33mheight[31m=[32m"24"[31m
              [33mstroke[31m=[32m"currentColor"[31m
              [33mstroke-linecap[31m=[32m"round"[31m
              [33mstroke-linejoin[31m=[32m"round"[31m
              [33mstroke-width[31m=[32m"2"[31m
              [33mviewBox[31m=[32m"0 0 24 24"[31m
              [33mwidth[31m=[32m"24"[31m
              [33mxmlns[31m=[32m"http://www.w3.org/2000/svg"[31m
            [36m>[31m
              [36m<path[31m
                [33md[31m=[32m"M15.2 3a2 2 0 0 1 1.4.6l3.8 3.8a2 2 0 0 1 .6 1.4V19a2 2 0 0 1-2 2H5a2 2 0 0 1-2-2V5a2 2 0 0 1 2-2z"[31m
              [36m/>[31m
              [36m<path[31m
                [33md[31m=[32m"M17 21v-7a1 1 0 0 0-1-1H8a1 1 0 0 0-1 1v7"[31m
              [36m/>[31m
              [36m<path[31m
                [33md[31m=[32m"M7 3v4a1 1 0 0 0 1 1h7"[31m
              [36m/>[31m
            [36m</svg>[31m
          [36m</div>[31m
          [36m<h2[31m
            [33mclass[31m=[32m"text-2xl font-black text-white tracking-tight"[31m
          [36m>[31m
            [0mEdit Note[0m
          [36m</h2>[31m
        [36m</div>[31m
        [36m<div[31m
          [33mclass[31m=[32m"flex items-center gap-2"[31m
        [36m>[31m
          [36m<button[31m
            [33mclass[31m=[32m"p-3 rounded-2xl border transition-all bg-white/5 border-white/5 text-gray-500 hover:text-white hover:bg-white/10"[31m
            [33mdata-testid[31m=[32m"toggle-preview"[31m
            [33mtitle[31m=[32m"Toggle Preview"[31m
            [33mtype[31m=[32m"button"[31m
          [36m>[31m
            [36m<svg[31m
              [33mclass[31m=[32m"lucide lucide-eye w-5 h-5"[31m
              [33mfill[31m=[32m"none"[31m
              [33mheight[31m=[32m"24"[31m
              [33mstroke[31m=[32m"currentColor"[31m
              [33mstroke-linecap[31m=[32m"round"[31m
              [33mstroke-linejoin[31m=[32m"round"[31m
              [33mstroke-width[31m=[32m"2"[31m
              [33mviewBox[31m=[32m"0 0 24 24"[31m
              [33mwidth[31m=[32m"24"[31m
              [33mxmlns[31m=[32m"http://www.w3.org/2000/svg"[31m
            [36m>[31m
              [36m<path[31m
                [33md[31m=[32m"M2.062 12.348a1 1 0 0 1 0-.696 10.75 10.75 0 0 1 19.876 0 1 1 0 0 1 0 .696 10.75 10.75 0 0 1-19.876 0"[31m
              [36m/>[31m
              [36m<circle[31m
                [33mcx[31m=[32m"12"[31m
                [33mcy[31m=[32m"12"[31m
                [33mr[31m=[32m"3"[31m
              [36m/>[31m
            [36m</svg>[31m
          [36m</button>[31m
          [36m<button[31m
            [33mclass[31m=[32m"p-3 rounded-2xl bg-white/5 border border-white/5 text-gray-500 hover:text-white hover:bg-white/10 transition-all"[31m
          [36m>[31m
            [36m<svg[31m
              [33mclass[31m=[32m"lucide lucide-x w-5 h-5"[31m
              [33mfill[31m=[32m"none"[31m
              [33mheight[31m=[32m"24"[31m
              [33mstroke[31m=[32m"currentColor"[31m
              [33mstroke-linecap[31m=[32m"round"[31m
              [33mstroke-linejoin[31m=[32m"round"[31m
              [33mstroke-width[31m=[32m"2"[31m
              [33mviewBox[31m=[32m"0 0 24 24"[31m
              [33mwidth[31m=[32m"24"[31m
              [33mxmlns[31m=[32m"http://www.w3.org/2000/svg"[31m
            [36m>[31m
              [36m<path[31m
                [33md[31m=[32m"M18 6 6 18"[31m
              [36m/>[31m
              [36m<path[31m
                [33md[31m=[32m"m6 6 12 12"[31m
              [36m/>[31m
            [36m</svg>[31m
          [36m</button>[31m
        [36m</div>[31m
      [36m</div>[31m
      [36m<form[31m
        [33mclass[31m=[32m"space-y-10"[31m
      [36m>[31m
        [36m<div[31m
          [33mclass[31m=[32m"space-y-8"[31m
        [36m>[31m
          [36m<div[31m
            [33mclass[31m=[32m"space-y-3 group"[31m
          [36m>[31m
            [36m<div[31m
              [33mclass[31m=[32m"flex items-center gap-2 px-1"[31m
            [36m>[31m
              [36m<svg[31m
                [33mclass[31m=[32m"lucide lucide-type w-3 h-3 text-gray-600 group-focus-within:text-blue-400 transition-colors"[31m
                [33mfill[31m=[32m"none"[31m
                [33mheight[31m=[32m"24"[31m
                [33mstroke[31m=[32m"currentColor"[31m
                [33mstroke-linecap[31m=[32m"round"[31m
                [33mstroke-linejoin[31m=[32m"round"[31m
                [33mstroke-width[31m=[32m"2"[31m
                [33mviewBox[31m=[32m"0 0 24 24"[31m
                [33mwidth[31m=[32m"24"[31m
                [33mxmlns[31m=[32m"http://www.w3.org/2000/svg"[31m
              [36m>[31m
                [36m<polyline[31m
                  [33mpoints[31m=[32m"4 7 4 4 20 4 20 7"[31m
                [36m/>[31m
                [36m<line[31m
                  [33mx1[31m=[32m"9"[31m
                  [33mx2[31m=[32m"15"[31m
                  [33my1[31m=[32m"20"[31m
                  [33my2[31m=[32m"20"[31m
                [36m/>[31m
                [36m<line[31m
                  [33mx1[31m=[32m"12"[31m
                  [33mx2[31m=[32m"12"[31m
                  [33my1[31m=[32m"4"[31m
                  [33my2[31m=[32m"20"[31m
                [36m/>[31m
              [36m</svg>[31m
              [36m<label[31m
                [33mclass[31m=[32m"text-[10px] font-black text-gray-600 uppercase tracking-[0.2em] group-focus-within:text-gray-400 transition-colors"[31m
              [36m>[31m
                [0mNote Title[0m
              [36m</label>[31m
            [36m</div>[31m
            [36m<input[31m
              [33mclass[31m=[32m"w-full bg-white/[0.03] border border-white/5 rounded-2xl px-6 py-4 text-lg font-bold text-white placeholder:text-gray-700 focus:outline-none focus:bg-white/[0.05] focus:border-white/10 focus:ring-4 focus:ring-blue-500/5 trans...[39m

[31mΓÄ»ΓÄ»ΓÄ»ΓÄ»ΓÄ»ΓÄ»[1m[7m Failed Suites 1 
[27m[22mΓÄ»ΓÄ»ΓÄ»ΓÄ»ΓÄ»ΓÄ»ΓÄ»[39m

[31m[1m[7m FAIL [27m[22m[39m src/features/notes/c
omponents/MarkdownPreview.test.tsx[2m [ 
src/features/notes/components/MarkdownPreview.test.tsx 
][22m
[31m[1mError[22m: Transform failed with 1 error:
D:/Web Projects/secondbrain/src/features/notes/componen
ts/MarkdownPreview.tsx:36:32: ERROR: Expected 
identifier but found "{"[39m
  Plugin: [35mvite:esbuild[39m
  File: [36mD:/Web Projects/secondbrain/src/features/n
otes/components/MarkdownPreview.tsx[39m:36:32
[33m  
  [33mExpected identifier but found "{"[33m
  34 |                  
rehypePlugins={[rehypeHighlight]}
  35 |                  components={{
  36 |                      components={{
     |                                  ^
  37 |                      // Custom link handling
  38 |                      a: ({node, ...props }) => {
  [39m
[90m [2mΓ¥»[22m failureErrorWithLog 
node_modules/esbuild/lib/main.js:[2m1472:15[22m[39m
[90m [2mΓ¥»[22m 
node_modules/esbuild/lib/main.js:[2m755:50[22m[39m
[90m [2mΓ¥»[22m responseCallbacks.<computed> 
node_modules/esbuild/lib/main.js:[2m622:9[22m[39m
[90m [2mΓ¥»[22m handleIncomingPacket 
node_modules/esbuild/lib/main.js:[2m677:12[22m[39m
[90m [2mΓ¥»[22m Socket.readFromStdout 
node_modules/esbuild/lib/main.js:[2m600:7[22m[39m

[31m[2mΓÄ»ΓÄ»ΓÄ»ΓÄ»ΓÄ»ΓÄ»ΓÄ»ΓÄ»ΓÄ»ΓÄ»ΓÄ»ΓÄ»ΓÄ»ΓÄ»ΓÄ»Γ
Ä»ΓÄ»ΓÄ»ΓÄ»ΓÄ»ΓÄ»ΓÄ»ΓÄ»ΓÄ»[1/2]ΓÄ»[22m[39m

[31mΓÄ»ΓÄ»ΓÄ»ΓÄ»ΓÄ»ΓÄ»ΓÄ»[1m[7m Failed Tests 1 
[27m[22mΓÄ»ΓÄ»ΓÄ»ΓÄ»ΓÄ»ΓÄ»ΓÄ»[39m

[31m[1m[7m FAIL [27m[22m[39m 
src/shared/components/NoteForm.test.tsx[2m > 
[22mNoteForm[2m > [22mshould toggle to preview mode
[31m[1mTestingLibraryElementError[22m[39m: Found 
multiple elements by: [data-testid="toggle-preview"]

Here are the matching elements:

Ignored nodes: comments, script, style
[36m<button[39m
  [33mclass[39m=[32m"p-3 rounded-2xl border 
transition-all bg-white/5 border-white/5 text-gray-500 
hover:text-white hover:bg-white/10"[39m
  [33mdata-testid[39m=[32m"toggle-preview"[39m
  [33mtitle[39m=[32m"Toggle Preview"[39m
  [33mtype[39m=[32m"button"[39m
[36m>[39m
  [36m<svg[39m
    [33mclass[39m=[32m"lucide lucide-eye w-5 
h-5"[39m
    [33mfill[39m=[32m"none"[39m
    [33mheight[39m=[32m"24"[39m
    [33mstroke[39m=[32m"currentColor"[39m
    [33mstroke-linecap[39m=[32m"round"[39m
    [33mstroke-linejoin[39m=[32m"round"[39m
    [33mstroke-width[39m=[32m"2"[39m
    [33mviewBox[39m=[32m"0 0 24 24"[39m
    [33mwidth[39m=[32m"24"[39m
    
[33mxmlns[39m=[32m"http://www.w3.org/2000/svg"[39m
  [36m>[39m
    [36m<path[39m
      [33md[39m=[32m"M2.062 12.348a1 1 0 0 1 0-.696 
10.75 10.75 0 0 1 19.876 0 1 1 0 0 1 0 .696 10.75 
10.75 0 0 1-19.876 0"[39m
    [36m/>[39m
    [36m<circle[39m
      [33mcx[39m=[32m"12"[39m
      [33mcy[39m=[32m"12"[39m
      [33mr[39m=[32m"3"[39m
    [36m/>[39m
  [36m</svg>[39m
[36m</button>[39m

Ignored nodes: comments, script, style
[36m<button[39m
  [33mclass[39m=[32m"p-3 rounded-2xl border 
transition-all bg-white/5 border-white/5 text-gray-500 
hover:text-white hover:bg-white/10"[39m
  [33mdata-testid[39m=[32m"toggle-preview"[39m
  [33mtitle[39m=[32m"Toggle Preview"[39m
  [33mtype[39m=[32m"button"[39m
[36m>[39m
  [36m<svg[39m
    [33mclass[39m=[32m"lucide lucide-eye w-5 
h-5"[39m
    [33mfill[39m=[32m"none"[39m
    [33mheight[39m=[32m"24"[39m
    [33mstroke[39m=[32m"currentColor"[39m
    [33mstroke-linecap[39m=[32m"round"[39m
    [33mstroke-linejoin[39m=[32m"round"[39m
    [33mstroke-width[39m=[32m"2"[39m
    [33mviewBox[39m=[32m"0 0 24 24"[39m
    [33mwidth[39m=[32m"24"[39m
    
[33mxmlns[39m=[32m"http://www.w3.org/2000/svg"[39m
  [36m>[39m
    [36m<path[39m
      [33md[39m=[32m"M2.062 12.348a1 1 0 0 1 0-.696 
10.75 10.75 0 0 1 19.876 0 1 1 0 0 1 0 .696 10.75 
10.75 0 0 1-19.876 0"[39m
    [36m/>[39m
    [36m<circle[39m
      [33mcx[39m=[32m"12"[39m
      [33mcy[39m=[32m"12"[39m
      [33mr[39m=[32m"3"[39m
    [36m/>[39m
  [36m</svg>[39m
[36m</button>[39m

(If this is intentional, then use the `*AllBy*` 
variant of the query (like `queryAllByText`, 
`getAllByText`, or `findAllByText`)).

Ignored nodes: comments, script, style
[36m<body>[39m
  [36m<div>[39m
    [36m<div[39m
      [33mclass[39m=[32m"max-w-4xl mx-auto p-10 
rounded-[3rem] bg-[#1a1a1a] border border-white/5 
shadow-2xl space-y-10"[39m
      [33mstyle[39m=[32m"opacity: 0; transform: 
scale(0.95);"[39m
    [36m>[39m
      [36m<div[39m
        [33mclass[39m=[32m"flex justify-between 
items-center mb-4"[39m
      [36m>[39m
        [36m<div[39m
          [33mclass[39m=[32m"flex items-center 
gap-3"[39m
        [36m>[39m
          [36m<div[39m
            [33mclass[39m=[32m"w-10 h-10 
rounded-2xl bg-blue-500/10 border border-blue-500/20 
flex items-center justify-center"[39m
          [36m>[39m
            [36m<svg[39m
              [33mclass[39m=[32m"lucide lucide-save 
w-5 h-5 text-blue-400"[39m
              [33mfill[39m=[32m"none"[39m
              [33mheight[39m=[32m"24"[39m
              [33mstroke[39m=[32m"currentColor"[39m
              
[33mstroke-linecap[39m=[32m"round"[39m
              
[33mstroke-linejoin[39m=[32m"round"[39m
              [33mstroke-width[39m=[32m"2"[39m
              [33mviewBox[39m=[32m"0 0 24 24"[39m
              [33mwidth[39m=[32m"24"[39m
              
[33mxmlns[39m=[32m"http://www.w3.org/2000/svg"[39m
            [36m>[39m
              [36m<path[39m
                [33md[39m=[32m"M15.2 3a2 2 0 0 1 
1.4.6l3.8 3.8a2 2 0 0 1 .6 1.4V19a2 2 0 0 1-2 2H5a2 2 
0 0 1-2-2V5a2 2 0 0 1 2-2z"[39m
              [36m/>[39m
              [36m<path[39m
                [33md[39m=[32m"M17 21v-7a1 1 0 0 
0-1-1H8a1 1 0 0 0-1 1v7"[39m
              [36m/>[39m
              [36m<path[39m
                [33md[39m=[32m"M7 3v4a1 1 0 0 0 1 
1h7"[39m
              [36m/>[39m
            [36m</svg>[39m
          [36m</div>[39m
          [36m<h2[39m
            [33mclass[39m=[32m"text-2xl font-black 
text-white tracking-tight"[39m
          [36m>[39m
            [0mEdit Note[0m
          [36m</h2>[39m
        [36m</div>[39m
        [36m<div[39m
          [33mclass[39m=[32m"flex items-center 
gap-2"[39m
        [36m>[39m
          [36m<button[39m
            [33mclass[39m=[32m"p-3 rounded-2xl 
border transition-all bg-white/5 border-white/5 
text-gray-500 hover:text-white hover:bg-white/10"[39m
            
[33mdata-testid[39m=[32m"toggle-preview"[39m
            [33mtitle[39m=[32m"Toggle Preview"[39m
            [33mtype[39m=[32m"button"[39m
          [36m>[39m
            [36m<svg[39m
              [33mclass[39m=[32m"lucide lucide-eye 
w-5 h-5"[39m
              [33mfill[39m=[32m"none"[39m
              [33mheight[39m=[32m"24"[39m
              [33mstroke[39m=[32m"currentColor"[39m
              
[33mstroke-linecap[39m=[32m"round"[39m
              
[33mstroke-linejoin[39m=[32m"round"[39m
              [33mstroke-width[39m=[32m"2"[39m
              [33mviewBox[39m=[32m"0 0 24 24"[39m
              [33mwidth[39m=[32m"24"[39m
              
[33mxmlns[39m=[32m"http://www.w3.org/2000/svg"[39m
            [36m>[39m
              [36m<path[39m
                [33md[39m=[32m"M2.062 12.348a1 1 0 
0 1 0-.696 10.75 10.75 0 0 1 19.876 0 1 1 0 0 1 0 .696 
10.75 10.75 0 0 1-19.876 0"[39m
              [36m/>[39m
              [36m<circle[39m
                [33mcx[39m=[32m"12"[39m
                [33mcy[39m=[32m"12"[39m
                [33mr[39m=[32m"3"[39m
              [36m/>[39m
            [36m</svg>[39m
          [36m</button>[39m
          [36m<button[39m
            [33mclass[39m=[32m"p-3 rounded-2xl 
bg-white/5 border border-white/5 text-gray-500 
hover:text-white hover:bg-white/10 transition-all"[39m
          [36m>[39m
            [36m<svg[39m
              [33mclass[39m=[32m"lucide lucide-x 
w-5 h-5"[39m
              [33mfill[39m=[32m"none"[39m
              [33mheight[39m=[32m"24"[39m
              [33mstroke[39m=[32m"currentColor"[39m
              
[33mstroke-linecap[39m=[32m"round"[39m
              
[33mstroke-linejoin[39m=[32m"round"[39m
              [33mstroke-width[39m=[32m"2"[39m
              [33mviewBox[39m=[32m"0 0 24 24"[39m
              [33mwidth[39m=[32m"24"[39m
              
[33mxmlns[39m=[32m"http://www.w3.org/2000/svg"[39m
            [36m>[39m
              [36m<path[39m
                [33md[39m=[32m"M18 6 6 18"[39m
              [36m/>[39m
              [36m<path[39m
                [33md[39m=[32m"m6 6 12 12"[39m
              [36m/>[39m
            [36m</svg>[39m
          [36m</button>[39m
        [36m</div>[39m
      [36m</div>[39m
      [36m<form[39m
        [33mclass[39m=[32m"space-y-10"[39m
      [36m>[39m
        [36m<div[39m
          [33mclass[39m=[32m"space-y-8"[39m
        [36m>[39m
          [36m<div[39m
            [33mclass[39m=[32m"space-y-3 group"[39m
          [36m>[39m
            [36m<div[39m
              [33mclass[39m=[32m"flex items-center 
gap-2 px-1"[39m
            [36m>[39m
              [36m<svg[39m
                [33mclass[39m=[32m"lucide 
lucide-type w-3 h-3 text-gray-600 
group-focus-within:text-blue-400 
transition-colors"[39m
                [33mfill[39m=[32m"none"[39m
                [33mheight[39m=[32m"24"[39m
                
[33mstroke[39m=[32m"currentColor"[39m
                
[33mstroke-linecap[39m=[32m"round"[39m
                
[33mstroke-linejoin[39m=[32m"round"[39m
                [33mstroke-width[39m=[32m"2"[39m
                [33mviewBox[39m=[32m"0 0 24 24"[39m
                [33mwidth[39m=[32m"24"[39m
                
[33mxmlns[39m=[32m"http://www.w3.org/2000/svg"[39m
              [36m>[39m
                [36m<polyline[39m
                  [33mpoints[39m=[32m"4 7 4 4 20 4 
20 7"[39m
                [36m/>[39m
                [36m<line[39m
                  [33mx1[39m=[32m"9"[39m
                  [33mx2[39m=[32m"15"[39m
                  [33my1[39m=[32m"20"[39m
                  [33my2[39m=[32m"20"[39m
                [36m/>[39m
                [36m<line[39m
                  [33mx1[39m=[32m"12"[39m
                  [33mx2[39m=[32m"12"[39m
                  [33my1[39m=[32m"4"[39m
                  [33my2[39m=[32m"20"[39m
                [36m/>[39m
              [36m</svg>[39m
              [36m<label[39m
                [33mclass[39m=[32m"text-[10px] 
font-black text-gray-600 uppercase tracking-[0.2em] 
group-focus-within:text-gray-400 
transition-colors"[39m
              [36m>[39m
                [0mNote Title[0m
              [36m</label>[39m
            [36m</div>[39m
            [36m<input[39m
              [33mclass[39m=[32m"w-full 
bg-white/[0.03] border border-white/5 rounded-2xl px-6 
py-4 text-lg font-bold text-white 
placeholder:text-gray-700 focus:outline-none 
focus:bg-white/[0.05] focus:border-white/10 
focus:ring-4 focus:ring-blue-500/5 trans...
[90m [2mΓ¥»[22m Object.getElementError node_modules/
@testing-library/dom/dist/config.js:[2m37:19[22m[39m
[90m [2mΓ¥»[22m getElementError node_modules/@testin
g-library/dom/dist/query-helpers.js:[2m20:35[22m[39m
[90m [2mΓ¥»[22m getMultipleElementsFoundError node_m
odules/@testing-library/dom/dist/query-helpers.js:[2m2
3:10[22m[39m
[90m [2mΓ¥»[22m node_modules/@testing-library/dom/di
st/query-helpers.js:[2m55:13[22m[39m
[90m [2mΓ¥»[22m node_modules/@testing-library/dom/di
st/query-helpers.js:[2m95:19[22m[39m
[36m [2mΓ¥»[22m src/shared/components/NoteForm.test.
tsx:[2m56:38[22m[39m
    [90m 54| [39m
    [90m 55| [39m        [90m// Find and click 
preview button (this will fail initially as [39mΓÇª
    [90m 56| [39m        [35mconst[39m 
previewButton [33m=[39m screen[33m.[39m[34mgetByTe
stId[39m([32m'toggle-preview'[39m)[33m;[39m
    [90m   | [39m                                    
 [31m^[39m
    [90m 57| [39m        fireEvent[33m.[39m[34mcli
ck[39m(previewButton)[33m;[39m
    [90m 58| [39m

[31m[2mΓÄ»ΓÄ»ΓÄ»ΓÄ»ΓÄ»ΓÄ»ΓÄ»ΓÄ»ΓÄ»ΓÄ»ΓÄ»ΓÄ»ΓÄ»ΓÄ»ΓÄ»Γ
Ä»ΓÄ»ΓÄ»ΓÄ»ΓÄ»ΓÄ»ΓÄ»ΓÄ»ΓÄ»[2/2]ΓÄ»[22m[39m

[2m Test Files [22m [1m[31m2 failed[39m[22m[90m (2)[39m
[2m      Tests [22m [1m[31m1 failed[39m[22m[2m | [22m[1m[32m1 passed[39m[22m[90m (2)[39m
[2m   Start at [22m 00:55:10
[2m   Duration [22m 1.50s

[1m[7m[31m FAIL [39m[27m[22m [31mTests failed. Watching for file changes...[39m
       [2mpress [22m[1mh[22m[2m to show help[22m[2m, [22m[2mpress [22m[1mq[22m[2m to quit[22m
c[3J[1m[7m[34m RERUN [39m[27m[22m [34m[2msrc/features/notes/components/MarkdownPreview.tsx [22m[39m

 [31mΓ¥»[39m src/shared/components/NoteForm.test.tsx [2m([22m[2m2 tests[22m[2m | [22m[31m1 failed[39m[2m)[22m[90m 165[2mms[22m[39m
[31m   [31m├ù[31m NoteForm[2m > [22mshould toggle to preview mode[90m 55[2mms[22m[31m[39m
[31m     ΓåÆ Found multiple elements by: [data-testid="toggle-preview"]

Here are the matching elements:

Ignored nodes: comments, script, style
[36m<button[31m
  [33mclass[31m=[32m"p-3 rounded-2xl border transition-all bg-white/5 border-white/5 text-gray-500 hover:text-white hover:bg-white/10"[31m
  [33mdata-testid[31m=[32m"toggle-preview"[31m
  [33mtitle[31m=[32m"Toggle Preview"[31m
  [33mtype[31m=[32m"button"[31m
[36m>[31m
  [36m<svg[31m
    [33mclass[31m=[32m"lucide lucide-eye w-5 h-5"[31m
    [33mfill[31m=[32m"none"[31m
    [33mheight[31m=[32m"24"[31m
    [33mstroke[31m=[32m"currentColor"[31m
    [33mstroke-linecap[31m=[32m"round"[31m
    [33mstroke-linejoin[31m=[32m"round"[31m
    [33mstroke-width[31m=[32m"2"[31m
    [33mviewBox[31m=[32m"0 0 24 24"[31m
    [33mwidth[31m=[32m"24"[31m
    [33mxmlns[31m=[32m"http://www.w3.org/2000/svg"[31m
  [36m>[31m
    [36m<path[31m
      [33md[31m=[32m"M2.062 12.348a1 1 0 0 1 0-.696 10.75 10.75 0 0 1 19.876 0 1 1 0 0 1 0 .696 10.75 10.75 0 0 1-19.876 0"[31m
    [36m/>[31m
    [36m<circle[31m
      [33mcx[31m=[32m"12"[31m
      [33mcy[31m=[32m"12"[31m
      [33mr[31m=[32m"3"[31m
    [36m/>[31m
  [36m</svg>[31m
[36m</button>[31m

Ignored nodes: comments, script, style
[36m<button[31m
  [33mclass[31m=[32m"p-3 rounded-2xl border transition-all bg-white/5 border-white/5 text-gray-500 hover:text-white hover:bg-white/10"[31m
  [33mdata-testid[31m=[32m"toggle-preview"[31m
  [33mtitle[31m=[32m"Toggle Preview"[31m
  [33mtype[31m=[32m"button"[31m
[36m>[31m
  [36m<svg[31m
    [33mclass[31m=[32m"lucide lucide-eye w-5 h-5"[31m
    [33mfill[31m=[32m"none"[31m
    [33mheight[31m=[32m"24"[31m
    [33mstroke[31m=[32m"currentColor"[31m
    [33mstroke-linecap[31m=[32m"round"[31m
    [33mstroke-linejoin[31m=[32m"round"[31m
    [33mstroke-width[31m=[32m"2"[31m
    [33mviewBox[31m=[32m"0 0 24 24"[31m
    [33mwidth[31m=[32m"24"[31m
    [33mxmlns[31m=[32m"http://www.w3.org/2000/svg"[31m
  [36m>[31m
    [36m<path[31m
      [33md[31m=[32m"M2.062 12.348a1 1 0 0 1 0-.696 10.75 10.75 0 0 1 19.876 0 1 1 0 0 1 0 .696 10.75 10.75 0 0 1-19.876 0"[31m
    [36m/>[31m
    [36m<circle[31m
      [33mcx[31m=[32m"12"[31m
      [33mcy[31m=[32m"12"[31m
      [33mr[31m=[32m"3"[31m
    [36m/>[31m
  [36m</svg>[31m
[36m</button>[31m

(If this is intentional, then use the `*AllBy*` variant of the query (like `queryAllByText`, `getAllByText`, or `findAllByText`)).

Ignored nodes: comments, script, style
[36m<body>[31m
  [36m<div>[31m
    [36m<div[31m
      [33mclass[31m=[32m"max-w-4xl mx-auto p-10 rounded-[3rem] bg-[#1a1a1a] border border-white/5 shadow-2xl space-y-10"[31m
      [33mstyle[31m=[32m"opacity: 0; transform: scale(0.95);"[31m
    [36m>[31m
      [36m<div[31m
        [33mclass[31m=[32m"flex justify-between items-center mb-4"[31m
      [36m>[31m
        [36m<div[31m
          [33mclass[31m=[32m"flex items-center gap-3"[31m
        [36m>[31m
          [36m<div[31m
            [33mclass[31m=[32m"w-10 h-10 rounded-2xl bg-blue-500/10 border border-blue-500/20 flex items-center justify-center"[31m
          [36m>[31m
            [36m<svg[31m
              [33mclass[31m=[32m"lucide lucide-save w-5 h-5 text-blue-400"[31m
              [33mfill[31m=[32m"none"[31m
              [33mheight[31m=[32m"24"[31m
              [33mstroke[31m=[32m"currentColor"[31m
              [33mstroke-linecap[31m=[32m"round"[31m
              [33mstroke-linejoin[31m=[32m"round"[31m
              [33mstroke-width[31m=[32m"2"[31m
              [33mviewBox[31m=[32m"0 0 24 24"[31m
              [33mwidth[31m=[32m"24"[31m
              [33mxmlns[31m=[32m"http://www.w3.org/2000/svg"[31m
            [36m>[31m
              [36m<path[31m
                [33md[31m=[32m"M15.2 3a2 2 0 0 1 1.4.6l3.8 3.8a2 2 0 0 1 .6 1.4V19a2 2 0 0 1-2 2H5a2 2 0 0 1-2-2V5a2 2 0 0 1 2-2z"[31m
              [36m/>[31m
              [36m<path[31m
                [33md[31m=[32m"M17 21v-7a1 1 0 0 0-1-1H8a1 1 0 0 0-1 1v7"[31m
              [36m/>[31m
              [36m<path[31m
                [33md[31m=[32m"M7 3v4a1 1 0 0 0 1 1h7"[31m
              [36m/>[31m
            [36m</svg>[31m
          [36m</div>[31m
          [36m<h2[31m
            [33mclass[31m=[32m"text-2xl font-black text-white tracking-tight"[31m
          [36m>[31m
            [0mEdit Note[0m
          [36m</h2>[31m
        [36m</div>[31m
        [36m<div[31m
          [33mclass[31m=[32m"flex items-center gap-2"[31m
        [36m>[31m
          [36m<button[31m
            [33mclass[31m=[32m"p-3 rounded-2xl border transition-all bg-white/5 border-white/5 text-gray-500 hover:text-white hover:bg-white/10"[31m
            [33mdata-testid[31m=[32m"toggle-preview"[31m
            [33mtitle[31m=[32m"Toggle Preview"[31m
            [33mtype[31m=[32m"button"[31m
          [36m>[31m
            [36m<svg[31m
              [33mclass[31m=[32m"lucide lucide-eye w-5 h-5"[31m
              [33mfill[31m=[32m"none"[31m
              [33mheight[31m=[32m"24"[31m
              [33mstroke[31m=[32m"currentColor"[31m
              [33mstroke-linecap[31m=[32m"round"[31m
              [33mstroke-linejoin[31m=[32m"round"[31m
              [33mstroke-width[31m=[32m"2"[31m
              [33mviewBox[31m=[32m"0 0 24 24"[31m
              [33mwidth[31m=[32m"24"[31m
              [33mxmlns[31m=[32m"http://www.w3.org/2000/svg"[31m
            [36m>[31m
              [36m<path[31m
                [33md[31m=[32m"M2.062 12.348a1 1 0 0 1 0-.696 10.75 10.75 0 0 1 19.876 0 1 1 0 0 1 0 .696 10.75 10.75 0 0 1-19.876 0"[31m
              [36m/>[31m
              [36m<circle[31m
                [33mcx[31m=[32m"12"[31m
                [33mcy[31m=[32m"12"[31m
                [33mr[31m=[32m"3"[31m
              [36m/>[31m
            [36m</svg>[31m
          [36m</button>[31m
          [36m<button[31m
            [33mclass[31m=[32m"p-3 rounded-2xl bg-white/5 border border-white/5 text-gray-500 hover:text-white hover:bg-white/10 transition-all"[31m
          [36m>[31m
            [36m<svg[31m
              [33mclass[31m=[32m"lucide lucide-x w-5 h-5"[31m
              [33mfill[31m=[32m"none"[31m
              [33mheight[31m=[32m"24"[31m
              [33mstroke[31m=[32m"currentColor"[31m
              [33mstroke-linecap[31m=[32m"round"[31m
              [33mstroke-linejoin[31m=[32m"round"[31m
              [33mstroke-width[31m=[32m"2"[31m
              [33mviewBox[31m=[32m"0 0 24 24"[31m
              [33mwidth[31m=[32m"24"[31m
              [33mxmlns[31m=[32m"http://www.w3.org/2000/svg"[31m
            [36m>[31m
              [36m<path[31m
                [33md[31m=[32m"M18 6 6 18"[31m
              [36m/>[31m
              [36m<path[31m
                [33md[31m=[32m"m6 6 12 12"[31m
              [36m/>[31m
            [36m</svg>[31m
          [36m</button>[31m
        [36m</div>[31m
      [36m</div>[31m
      [36m<form[31m
        [33mclass[31m=[32m"space-y-10"[31m
      [36m>[31m
        [36m<div[31m
          [33mclass[31m=[32m"space-y-8"[31m
        [36m>[31m
          [36m<div[31m
            [33mclass[31m=[32m"space-y-3 group"[31m
          [36m>[31m
            [36m<div[31m
              [33mclass[31m=[32m"flex items-center gap-2 px-1"[31m
            [36m>[31m
              [36m<svg[31m
                [33mclass[31m=[32m"lucide lucide-type w-3 h-3 text-gray-600 group-focus-within:text-blue-400 transition-colors"[31m
                [33mfill[31m=[32m"none"[31m
                [33mheight[31m=[32m"24"[31m
                [33mstroke[31m=[32m"currentColor"[31m
                [33mstroke-linecap[31m=[32m"round"[31m
                [33mstroke-linejoin[31m=[32m"round"[31m
                [33mstroke-width[31m=[32m"2"[31m
                [33mviewBox[31m=[32m"0 0 24 24"[31m
                [33mwidth[31m=[32m"24"[31m
                [33mxmlns[31m=[32m"http://www.w3.org/2000/svg"[31m
              [36m>[31m
                [36m<polyline[31m
                  [33mpoints[31m=[32m"4 7 4 4 20 4 20 7"[31m
                [36m/>[31m
                [36m<line[31m
                  [33mx1[31m=[32m"9"[31m
                  [33mx2[31m=[32m"15"[31m
                  [33my1[31m=[32m"20"[31m
                  [33my2[31m=[32m"20"[31m
                [36m/>[31m
                [36m<line[31m
                  [33mx1[31m=[32m"12"[31m
                  [33mx2[31m=[32m"12"[31m
                  [33my1[31m=[32m"4"[31m
                  [33my2[31m=[32m"20"[31m
                [36m/>[31m
              [36m</svg>[31m
              [36m<label[31m
                [33mclass[31m=[32m"text-[10px] font-black text-gray-600 uppercase tracking-[0.2em] group-focus-within:text-gray-400 transition-colors"[31m
              [36m>[31m
                [0mNote Title[0m
              [36m</label>[31m
            [36m</div>[31m
            [36m<input[31m
              [33mclass[31m=[32m"w-full bg-white/[0.03] border border-white/5 rounded-2xl px-6 py-4 text-lg font-bold text-white placeholder:text-gray-700 focus:outline-none focus:bg-white/[0.05] focus:border-white/10 focus:ring-4 focus:ring-blue-500/5 trans...[39m
[90mstderr[2m | src/features/notes/components/Markdow
nPreview.test.tsx[2m > [22m[2mMarkdownPreview[2m > 
[22m[2mshould render standard markdown
[22m[39mΓÜá∩╕Å React Router Future Flag Warning: 
React Router will begin wrapping state updates in 
`React.startTransition` in v7. You can use the 
`v7_startTransition` future flag to opt-in early. For 
more information, see https://reactrouter.com/v6/upgrad
ing/future#v7_starttransition.
ΓÜá∩╕Å React Router Future Flag Warning: Relative 
route resolution within Splat routes is changing in 
v7. You can use the `v7_relativeSplatPath` future flag 
to opt-in early. For more information, see https://reac
trouter.com/v6/upgrading/future#v7_relativesplatpath.

 [32mΓ£ô[39m src/features/notes/components/MarkdownPreview.test.tsx [2m([22m[2m3 tests[22m[2m)[22m[90m 98[2mms[22m[39m

[31mΓÄ»ΓÄ»ΓÄ»ΓÄ»ΓÄ»ΓÄ»ΓÄ»[1m[7m Failed Tests 1 
[27m[22mΓÄ»ΓÄ»ΓÄ»ΓÄ»ΓÄ»ΓÄ»ΓÄ»[39m

[31m[1m[7m FAIL [27m[22m[39m 
src/shared/components/NoteForm.test.tsx[2m > 
[22mNoteForm[2m > [22mshould toggle to preview mode
[31m[1mTestingLibraryElementError[22m[39m: Found 
multiple elements by: [data-testid="toggle-preview"]

Here are the matching elements:

Ignored nodes: comments, script, style
[36m<button[39m
  [33mclass[39m=[32m"p-3 rounded-2xl border 
transition-all bg-white/5 border-white/5 text-gray-500 
hover:text-white hover:bg-white/10"[39m
  [33mdata-testid[39m=[32m"toggle-preview"[39m
  [33mtitle[39m=[32m"Toggle Preview"[39m
  [33mtype[39m=[32m"button"[39m
[36m>[39m
  [36m<svg[39m
    [33mclass[39m=[32m"lucide lucide-eye w-5 
h-5"[39m
    [33mfill[39m=[32m"none"[39m
    [33mheight[39m=[32m"24"[39m
    [33mstroke[39m=[32m"currentColor"[39m
    [33mstroke-linecap[39m=[32m"round"[39m
    [33mstroke-linejoin[39m=[32m"round"[39m
    [33mstroke-width[39m=[32m"2"[39m
    [33mviewBox[39m=[32m"0 0 24 24"[39m
    [33mwidth[39m=[32m"24"[39m
    
[33mxmlns[39m=[32m"http://www.w3.org/2000/svg"[39m
  [36m>[39m
    [36m<path[39m
      [33md[39m=[32m"M2.062 12.348a1 1 0 0 1 0-.696 
10.75 10.75 0 0 1 19.876 0 1 1 0 0 1 0 .696 10.75 
10.75 0 0 1-19.876 0"[39m
    [36m/>[39m
    [36m<circle[39m
      [33mcx[39m=[32m"12"[39m
      [33mcy[39m=[32m"12"[39m
      [33mr[39m=[32m"3"[39m
    [36m/>[39m
  [36m</svg>[39m
[36m</button>[39m

Ignored nodes: comments, script, style
[36m<button[39m
  [33mclass[39m=[32m"p-3 rounded-2xl border 
transition-all bg-white/5 border-white/5 text-gray-500 
hover:text-white hover:bg-white/10"[39m
  [33mdata-testid[39m=[32m"toggle-preview"[39m
  [33mtitle[39m=[32m"Toggle Preview"[39m
  [33mtype[39m=[32m"button"[39m
[36m>[39m
  [36m<svg[39m
    [33mclass[39m=[32m"lucide lucide-eye w-5 
h-5"[39m
    [33mfill[39m=[32m"none"[39m
    [33mheight[39m=[32m"24"[39m
    [33mstroke[39m=[32m"currentColor"[39m
    [33mstroke-linecap[39m=[32m"round"[39m
    [33mstroke-linejoin[39m=[32m"round"[39m
    [33mstroke-width[39m=[32m"2"[39m
    [33mviewBox[39m=[32m"0 0 24 24"[39m
    [33mwidth[39m=[32m"24"[39m
    
[33mxmlns[39m=[32m"http://www.w3.org/2000/svg"[39m
  [36m>[39m
    [36m<path[39m
      [33md[39m=[32m"M2.062 12.348a1 1 0 0 1 0-.696 
10.75 10.75 0 0 1 19.876 0 1 1 0 0 1 0 .696 10.75 
10.75 0 0 1-19.876 0"[39m
    [36m/>[39m
    [36m<circle[39m
      [33mcx[39m=[32m"12"[39m
      [33mcy[39m=[32m"12"[39m
      [33mr[39m=[32m"3"[39m
    [36m/>[39m
  [36m</svg>[39m
[36m</button>[39m

(If this is intentional, then use the `*AllBy*` 
variant of the query (like `queryAllByText`, 
`getAllByText`, or `findAllByText`)).

Ignored nodes: comments, script, style
[36m<body>[39m
  [36m<div>[39m
    [36m<div[39m
      [33mclass[39m=[32m"max-w-4xl mx-auto p-10 
rounded-[3rem] bg-[#1a1a1a] border border-white/5 
shadow-2xl space-y-10"[39m
      [33mstyle[39m=[32m"opacity: 0; transform: 
scale(0.95);"[39m
    [36m>[39m
      [36m<div[39m
        [33mclass[39m=[32m"flex justify-between 
items-center mb-4"[39m
      [36m>[39m
        [36m<div[39m
          [33mclass[39m=[32m"flex items-center 
gap-3"[39m
        [36m>[39m
          [36m<div[39m
            [33mclass[39m=[32m"w-10 h-10 
rounded-2xl bg-blue-500/10 border border-blue-500/20 
flex items-center justify-center"[39m
          [36m>[39m
            [36m<svg[39m
              [33mclass[39m=[32m"lucide lucide-save 
w-5 h-5 text-blue-400"[39m
              [33mfill[39m=[32m"none"[39m
              [33mheight[39m=[32m"24"[39m
              [33mstroke[39m=[32m"currentColor"[39m
              
[33mstroke-linecap[39m=[32m"round"[39m
              
[33mstroke-linejoin[39m=[32m"round"[39m
              [33mstroke-width[39m=[32m"2"[39m
              [33mviewBox[39m=[32m"0 0 24 24"[39m
              [33mwidth[39m=[32m"24"[39m
              
[33mxmlns[39m=[32m"http://www.w3.org/2000/svg"[39m
            [36m>[39m
              [36m<path[39m
                [33md[39m=[32m"M15.2 3a2 2 0 0 1 
1.4.6l3.8 3.8a2 2 0 0 1 .6 1.4V19a2 2 0 0 1-2 2H5a2 2 
0 0 1-2-2V5a2 2 0 0 1 2-2z"[39m
              [36m/>[39m
              [36m<path[39m
                [33md[39m=[32m"M17 21v-7a1 1 0 0 
0-1-1H8a1 1 0 0 0-1 1v7"[39m
              [36m/>[39m
              [36m<path[39m
                [33md[39m=[32m"M7 3v4a1 1 0 0 0 1 
1h7"[39m
              [36m/>[39m
            [36m</svg>[39m
          [36m</div>[39m
          [36m<h2[39m
            [33mclass[39m=[32m"text-2xl font-black 
text-white tracking-tight"[39m
          [36m>[39m
            [0mEdit Note[0m
          [36m</h2>[39m
        [36m</div>[39m
        [36m<div[39m
          [33mclass[39m=[32m"flex items-center 
gap-2"[39m
        [36m>[39m
          [36m<button[39m
            [33mclass[39m=[32m"p-3 rounded-2xl 
border transition-all bg-white/5 border-white/5 
text-gray-500 hover:text-white hover:bg-white/10"[39m
            
[33mdata-testid[39m=[32m"toggle-preview"[39m
            [33mtitle[39m=[32m"Toggle Preview"[39m
            [33mtype[39m=[32m"button"[39m
          [36m>[39m
            [36m<svg[39m
              [33mclass[39m=[32m"lucide lucide-eye 
w-5 h-5"[39m
              [33mfill[39m=[32m"none"[39m
              [33mheight[39m=[32m"24"[39m
              [33mstroke[39m=[32m"currentColor"[39m
              
[33mstroke-linecap[39m=[32m"round"[39m
              
[33mstroke-linejoin[39m=[32m"round"[39m
              [33mstroke-width[39m=[32m"2"[39m
              [33mviewBox[39m=[32m"0 0 24 24"[39m
              [33mwidth[39m=[32m"24"[39m
              
[33mxmlns[39m=[32m"http://www.w3.org/2000/svg"[39m
            [36m>[39m
              [36m<path[39m
                [33md[39m=[32m"M2.062 12.348a1 1 0 
0 1 0-.696 10.75 10.75 0 0 1 19.876 0 1 1 0 0 1 0 .696 
10.75 10.75 0 0 1-19.876 0"[39m
              [36m/>[39m
              [36m<circle[39m
                [33mcx[39m=[32m"12"[39m
                [33mcy[39m=[32m"12"[39m
                [33mr[39m=[32m"3"[39m
              [36m/>[39m
            [36m</svg>[39m
          [36m</button>[39m
          [36m<button[39m
            [33mclass[39m=[32m"p-3 rounded-2xl 
bg-white/5 border border-white/5 text-gray-500 
hover:text-white hover:bg-white/10 transition-all"[39m
          [36m>[39m
            [36m<svg[39m
              [33mclass[39m=[32m"lucide lucide-x 
w-5 h-5"[39m
              [33mfill[39m=[32m"none"[39m
              [33mheight[39m=[32m"24"[39m
              [33mstroke[39m=[32m"currentColor"[39m
              
[33mstroke-linecap[39m=[32m"round"[39m
              
[33mstroke-linejoin[39m=[32m"round"[39m
              [33mstroke-width[39m=[32m"2"[39m
              [33mviewBox[39m=[32m"0 0 24 24"[39m
              [33mwidth[39m=[32m"24"[39m
              
[33mxmlns[39m=[32m"http://www.w3.org/2000/svg"[39m
            [36m>[39m
              [36m<path[39m
                [33md[39m=[32m"M18 6 6 18"[39m
              [36m/>[39m
              [36m<path[39m
                [33md[39m=[32m"m6 6 12 12"[39m
              [36m/>[39m
            [36m</svg>[39m
          [36m</button>[39m
        [36m</div>[39m
      [36m</div>[39m
      [36m<form[39m
        [33mclass[39m=[32m"space-y-10"[39m
      [36m>[39m
        [36m<div[39m
          [33mclass[39m=[32m"space-y-8"[39m
        [36m>[39m
          [36m<div[39m
            [33mclass[39m=[32m"space-y-3 group"[39m
          [36m>[39m
            [36m<div[39m
              [33mclass[39m=[32m"flex items-center 
gap-2 px-1"[39m
            [36m>[39m
              [36m<svg[39m
                [33mclass[39m=[32m"lucide 
lucide-type w-3 h-3 text-gray-600 
group-focus-within:text-blue-400 
transition-colors"[39m
                [33mfill[39m=[32m"none"[39m
                [33mheight[39m=[32m"24"[39m
                
[33mstroke[39m=[32m"currentColor"[39m
                
[33mstroke-linecap[39m=[32m"round"[39m
                
[33mstroke-linejoin[39m=[32m"round"[39m
                [33mstroke-width[39m=[32m"2"[39m
                [33mviewBox[39m=[32m"0 0 24 24"[39m
                [33mwidth[39m=[32m"24"[39m
                
[33mxmlns[39m=[32m"http://www.w3.org/2000/svg"[39m
              [36m>[39m
                [36m<polyline[39m
                  [33mpoints[39m=[32m"4 7 4 4 20 4 
20 7"[39m
                [36m/>[39m
                [36m<line[39m
                  [33mx1[39m=[32m"9"[39m
                  [33mx2[39m=[32m"15"[39m
                  [33my1[39m=[32m"20"[39m
                  [33my2[39m=[32m"20"[39m
                [36m/>[39m
                [36m<line[39m
                  [33mx1[39m=[32m"12"[39m
                  [33mx2[39m=[32m"12"[39m
                  [33my1[39m=[32m"4"[39m
                  [33my2[39m=[32m"20"[39m
                [36m/>[39m
              [36m</svg>[39m
              [36m<label[39m
                [33mclass[39m=[32m"text-[10px] 
font-black text-gray-600 uppercase tracking-[0.2em] 
group-focus-within:text-gray-400 
transition-colors"[39m
              [36m>[39m
                [0mNote Title[0m
              [36m</label>[39m
            [36m</div>[39m
            [36m<input[39m
              [33mclass[39m=[32m"w-full 
bg-white/[0.03] border border-white/5 rounded-2xl px-6 
py-4 text-lg font-bold text-white 
placeholder:text-gray-700 focus:outline-none 
focus:bg-white/[0.05] focus:border-white/10 
focus:ring-4 focus:ring-blue-500/5 trans...
[90m [2mΓ¥»[22m Object.getElementError node_modules/
@testing-library/dom/dist/config.js:[2m37:19[22m[39m
[90m [2mΓ¥»[22m getElementError node_modules/@testin
g-library/dom/dist/query-helpers.js:[2m20:35[22m[39m
[90m [2mΓ¥»[22m getMultipleElementsFoundError node_m
odules/@testing-library/dom/dist/query-helpers.js:[2m2
3:10[22m[39m
[90m [2mΓ¥»[22m node_modules/@testing-library/dom/di
st/query-helpers.js:[2m55:13[22m[39m
[90m [2mΓ¥»[22m node_modules/@testing-library/dom/di
st/query-helpers.js:[2m95:19[22m[39m
[36m [2mΓ¥»[22m src/shared/components/NoteForm.test.
tsx:[2m56:38[22m[39m
    [90m 54| [39m
    [90m 55| [39m        [90m// Find and click 
preview button (this will fail initially as [39mΓÇª
    [90m 56| [39m        [35mconst[39m 
previewButton [33m=[39m screen[33m.[39m[34mgetByTe
stId[39m([32m'toggle-preview'[39m)[33m;[39m
    [90m   | [39m                                    
 [31m^[39m
    [90m 57| [39m        fireEvent[33m.[39m[34mcli
ck[39m(previewButton)[33m;[39m
    [90m 58| [39m

[31m[2mΓÄ»ΓÄ»ΓÄ»ΓÄ»ΓÄ»ΓÄ»ΓÄ»ΓÄ»ΓÄ»ΓÄ»ΓÄ»ΓÄ»ΓÄ»ΓÄ»ΓÄ»Γ
Ä»ΓÄ»ΓÄ»ΓÄ»ΓÄ»ΓÄ»ΓÄ»ΓÄ»ΓÄ»[1/1]ΓÄ»[22m[39m

[2m Test Files [22m [1m[31m1 failed[39m[22m[2m | [22m[1m[32m1 passed[39m[22m[90m (2)[39m
[2m      Tests [22m [1m[31m1 failed[39m[22m[2m | [22m[1m[32m4 passed[39m[22m[90m (5)[39m
[2m   Start at [22m 00:55:32
[2m   Duration [22m 4.31s

[1m[7m[31m FAIL [39m[27m[22m [31mTests failed. Watching for file changes...[39m
       [2mpress [22m[1mh[22m[2m to show help[22m[2m, [22m[2mpress [22m[1mq[22m[2m to quit[22m
[31mCancelling test run. Press CTRL+c again to exit forcefully.
[39m
c[3J[1m[7m[34m RERUN [39m[27m[22m [34m[2mrerun all tests [22m[39m

